Archive member included to satisfy reference by file (symbol)

c:/program files (x86)/atmel/studio/7.0/toolchain/arm/arm-gnu-toolchain/bin/../lib/gcc/arm-none-eabi/6.2.1/thumb/v6-m\libgcc.a(_udivsi3.o)
                              src/ASF/sam0/drivers/sercom/i2c/i2c_sam0/i2c_master.o (__aeabi_uidiv)
c:/program files (x86)/atmel/studio/7.0/toolchain/arm/arm-gnu-toolchain/bin/../lib/gcc/arm-none-eabi/6.2.1/thumb/v6-m\libgcc.a(_dvmd_tls.o)
                              c:/program files (x86)/atmel/studio/7.0/toolchain/arm/arm-gnu-toolchain/bin/../lib/gcc/arm-none-eabi/6.2.1/thumb/v6-m\libgcc.a(_udivsi3.o) (__aeabi_idiv0)
c:/program files (x86)/atmel/studio/7.0/toolchain/arm/arm-gnu-toolchain/bin/../lib/gcc/arm-none-eabi/6.2.1/thumb/v6-m\libgcc.a(_muldi3.o)
                              src/ASF/sam0/drivers/sercom/sercom.o (__aeabi_lmul)
c:/program files (x86)/atmel/studio/7.0/toolchain/arm/arm-gnu-toolchain/bin/../lib/gcc/arm-none-eabi/6.2.1/thumb/v6-m\libgcc.a(adddf3.o)
                              src/ASF/sam0/drivers/sercom/i2c/i2c_sam0/i2c_master.o (__aeabi_dadd)
c:/program files (x86)/atmel/studio/7.0/toolchain/arm/arm-gnu-toolchain/bin/../lib/gcc/arm-none-eabi/6.2.1/thumb/v6-m\libgcc.a(divdf3.o)
                              src/ASF/sam0/drivers/sercom/i2c/i2c_sam0/i2c_master.o (__aeabi_ddiv)
c:/program files (x86)/atmel/studio/7.0/toolchain/arm/arm-gnu-toolchain/bin/../lib/gcc/arm-none-eabi/6.2.1/thumb/v6-m\libgcc.a(muldf3.o)
                              src/ASF/sam0/drivers/sercom/i2c/i2c_sam0/i2c_master.o (__aeabi_dmul)
c:/program files (x86)/atmel/studio/7.0/toolchain/arm/arm-gnu-toolchain/bin/../lib/gcc/arm-none-eabi/6.2.1/thumb/v6-m\libgcc.a(subdf3.o)
                              src/ASF/sam0/drivers/sercom/i2c/i2c_sam0/i2c_master.o (__aeabi_dsub)
c:/program files (x86)/atmel/studio/7.0/toolchain/arm/arm-gnu-toolchain/bin/../lib/gcc/arm-none-eabi/6.2.1/thumb/v6-m\libgcc.a(fixdfsi.o)
                              src/ASF/sam0/drivers/sercom/i2c/i2c_sam0/i2c_master.o (__aeabi_d2iz)
c:/program files (x86)/atmel/studio/7.0/toolchain/arm/arm-gnu-toolchain/bin/../lib/gcc/arm-none-eabi/6.2.1/thumb/v6-m\libgcc.a(floatunsidf.o)
                              src/ASF/sam0/drivers/sercom/i2c/i2c_sam0/i2c_master.o (__aeabi_ui2d)
c:/program files (x86)/atmel/studio/7.0/toolchain/arm/arm-gnu-toolchain/bin/../lib/gcc/arm-none-eabi/6.2.1/thumb/v6-m\libgcc.a(_clzsi2.o)
                              c:/program files (x86)/atmel/studio/7.0/toolchain/arm/arm-gnu-toolchain/bin/../lib/gcc/arm-none-eabi/6.2.1/thumb/v6-m\libgcc.a(adddf3.o) (__clzsi2)
c:/program files (x86)/atmel/studio/7.0/toolchain/arm/arm-gnu-toolchain/bin/../lib/gcc/arm-none-eabi/6.2.1/../../../../arm-none-eabi/lib/thumb/v6-m\libc_nano.a(lib_a-exit.o)
                              c:/program files (x86)/atmel/studio/7.0/toolchain/arm/arm-gnu-toolchain/bin/../lib/gcc/arm-none-eabi/6.2.1/../../../../arm-none-eabi/lib/thumb/v6-m/crt0.o (exit)
c:/program files (x86)/atmel/studio/7.0/toolchain/arm/arm-gnu-toolchain/bin/../lib/gcc/arm-none-eabi/6.2.1/../../../../arm-none-eabi/lib/thumb/v6-m\libc_nano.a(lib_a-impure.o)
                              c:/program files (x86)/atmel/studio/7.0/toolchain/arm/arm-gnu-toolchain/bin/../lib/gcc/arm-none-eabi/6.2.1/../../../../arm-none-eabi/lib/thumb/v6-m\libc_nano.a(lib_a-exit.o) (_global_impure_ptr)
c:/program files (x86)/atmel/studio/7.0/toolchain/arm/arm-gnu-toolchain/bin/../lib/gcc/arm-none-eabi/6.2.1/../../../../arm-none-eabi/lib/thumb/v6-m\libc_nano.a(lib_a-init.o)
                              c:/program files (x86)/atmel/studio/7.0/toolchain/arm/arm-gnu-toolchain/bin/../lib/gcc/arm-none-eabi/6.2.1/../../../../arm-none-eabi/lib/thumb/v6-m/crt0.o (__libc_init_array)
c:/program files (x86)/atmel/studio/7.0/toolchain/arm/arm-gnu-toolchain/bin/../lib/gcc/arm-none-eabi/6.2.1/../../../../arm-none-eabi/lib/thumb/v6-m\libc_nano.a(lib_a-memcpy-stub.o)
                              src/ASF/thirdparty/freertos/freertos-7.4.2/Source/queue.o (memcpy)
c:/program files (x86)/atmel/studio/7.0/toolchain/arm/arm-gnu-toolchain/bin/../lib/gcc/arm-none-eabi/6.2.1/../../../../arm-none-eabi/lib/thumb/v6-m\libc_nano.a(lib_a-memset.o)
                              c:/program files (x86)/atmel/studio/7.0/toolchain/arm/arm-gnu-toolchain/bin/../lib/gcc/arm-none-eabi/6.2.1/../../../../arm-none-eabi/lib/thumb/v6-m/crt0.o (memset)
c:/program files (x86)/atmel/studio/7.0/toolchain/arm/arm-gnu-toolchain/bin/../lib/gcc/arm-none-eabi/6.2.1/../../../../arm-none-eabi/lib/thumb/v6-m\libc_nano.a(lib_a-strncpy.o)
                              src/ASF/thirdparty/freertos/freertos-7.4.2/Source/tasks.o (strncpy)

Allocating common symbols
Common symbol       size              file

_sercom_instances   0x18              src/ASF/sam0/drivers/sercom/sercom_interrupt.o
i2c_master_instance
                    0x28              src/I2C.o

Discarded input sections

[...]
Memory Configuration

Name             Origin             Length             Attributes
rom              0x00000000         0x00040000         xr
ram              0x20000000         0x00008000         xrw
*default*        0x00000000         0xffffffff

Linker script and memory map

LOAD c:/program files (x86)/atmel/studio/7.0/toolchain/arm/arm-gnu-toolchain/bin/../lib/gcc/arm-none-eabi/6.2.1/thumb/v6-m/crti.o
LOAD c:/program files (x86)/atmel/studio/7.0/toolchain/arm/arm-gnu-toolchain/bin/../lib/gcc/arm-none-eabi/6.2.1/thumb/v6-m/crtbegin.o
LOAD c:/program files (x86)/atmel/studio/7.0/toolchain/arm/arm-gnu-toolchain/bin/../lib/gcc/arm-none-eabi/6.2.1/../../../../arm-none-eabi/lib/thumb/v6-m/crt0.o
LOAD src/ASF/sam0/drivers/sercom/i2c/i2c_sam0/i2c_master.o
LOAD src/ASF/sam0/drivers/sercom/i2c/i2c_sam0/i2c_master_interrupt.o
LOAD src/ASF/thirdparty/freertos/freertos-7.4.2/Source/croutine.o
LOAD src/ASF/thirdparty/freertos/freertos-7.4.2/Source/portable/GCC/ARM_CM0/port.o
LOAD src/ASF/thirdparty/freertos/freertos-7.4.2/Source/portable/MemMang/heap_1.o
LOAD src/ASF/thirdparty/freertos/freertos-7.4.2/Source/list.o
LOAD src/ASF/thirdparty/freertos/freertos-7.4.2/Source/queue.o
LOAD src/ASF/thirdparty/freertos/freertos-7.4.2/Source/tasks.o
LOAD src/ASF/thirdparty/freertos/freertos-7.4.2/Source/timers.o
LOAD src/ASF/sam0/drivers/sercom/sercom.o
LOAD src/ASF/sam0/drivers/sercom/sercom_interrupt.o
LOAD src/ASF/common2/boards/user_board/init.o
LOAD src/ASF/common/utils/interrupt/interrupt_sam_nvic.o
LOAD src/ASF/sam0/drivers/system/clock/clock_samd21_r21_da_ha1/clock.o
LOAD src/ASF/sam0/drivers/system/clock/clock_samd21_r21_da_ha1/gclk.o
LOAD src/ASF/sam0/drivers/system/interrupt/system_interrupt.o
LOAD src/ASF/sam0/drivers/system/pinmux/pinmux.o
LOAD src/ASF/sam0/drivers/system/system.o
LOAD src/ASF/sam0/utils/cmsis/samd21/source/gcc/startup_samd21.o
LOAD src/ASF/sam0/utils/cmsis/samd21/source/system_samd21.o
LOAD src/ASF/sam0/utils/syscalls/gcc/syscalls.o
LOAD src/I2C.o
LOAD src/main.o
START GROUP
LOAD ../src/ASF/thirdparty/CMSIS/Lib/GCC\libarm_cortexM0l_math.a
LOAD c:/program files (x86)/atmel/studio/7.0/toolchain/arm/arm-gnu-toolchain/bin/../lib/gcc/arm-none-eabi/6.2.1/../../../../arm-none-eabi/lib/thumb/v6-m\libm.a
END GROUP
START GROUP
LOAD c:/program files (x86)/atmel/studio/7.0/toolchain/arm/arm-gnu-toolchain/bin/../lib/gcc/arm-none-eabi/6.2.1/thumb/v6-m\libgcc.a
LOAD c:/program files (x86)/atmel/studio/7.0/toolchain/arm/arm-gnu-toolchain/bin/../lib/gcc/arm-none-eabi/6.2.1/../../../../arm-none-eabi/lib/thumb/v6-m\libc_nano.a
END GROUP
START GROUP
LOAD c:/program files (x86)/atmel/studio/7.0/toolchain/arm/arm-gnu-toolchain/bin/../lib/gcc/arm-none-eabi/6.2.1/thumb/v6-m\libgcc.a
LOAD c:/program files (x86)/atmel/studio/7.0/toolchain/arm/arm-gnu-toolchain/bin/../lib/gcc/arm-none-eabi/6.2.1/../../../../arm-none-eabi/lib/thumb/v6-m\libc_nano.a
END GROUP
LOAD c:/program files (x86)/atmel/studio/7.0/toolchain/arm/arm-gnu-toolchain/bin/../lib/gcc/arm-none-eabi/6.2.1/thumb/v6-m/crtend.o
LOAD c:/program files (x86)/atmel/studio/7.0/toolchain/arm/arm-gnu-toolchain/bin/../lib/gcc/arm-none-eabi/6.2.1/thumb/v6-m/crtn.o
                0x00002000                STACK_SIZE = DEFINED (STACK_SIZE)?STACK_SIZE:DEFINED (__stack_size__)?__stack_size__:0x2000

.text           0x00000000     0x42a0
                0x00000000                . = ALIGN (0x4)
                0x00000000                _sfixed = .
 *(.vectors .vectors.*)
 .vectors       0x00000000       0xb4 src/ASF/sam0/utils/cmsis/samd21/source/gcc/startup_samd21.o
                0x00000000                exception_table
 *(.text .text.* .gnu.linkonce.t.*)
 .text          0x000000b4       0x60 c:/program files (x86)/atmel/studio/7.0/toolchain/arm/arm-gnu-toolchain/bin/../lib/gcc/arm-none-eabi/6.2.1/thumb/v6-m/crtbegin.o
 .text.i2c_master_init
                0x00000114      0x2f8 src/ASF/sam0/drivers/sercom/i2c/i2c_sam0/i2c_master.o
                0x00000114                i2c_master_init
 .text._i2c_master_wait_for_sync
                0x0000040c        0xc src/ASF/sam0/drivers/sercom/i2c/i2c_sam0/i2c_master_interrupt.o
 .text._i2c_master_read
                0x00000418       0x88 src/ASF/sam0/drivers/sercom/i2c/i2c_sam0/i2c_master_interrupt.o
 .text._i2c_master_write
                0x000004a0       0x3c src/ASF/sam0/drivers/sercom/i2c/i2c_sam0/i2c_master_interrupt.o
 .text._i2c_master_interrupt_handler
                0x000004dc      0x1ec src/ASF/sam0/drivers/sercom/i2c/i2c_sam0/i2c_master_interrupt.o
                0x000004dc                _i2c_master_interrupt_handler
 .text.vPortStartFirstTask
                0x000006c8       0x20 src/ASF/thirdparty/freertos/freertos-7.4.2/Source/portable/GCC/ARM_CM0/port.o
 .text.pxPortInitialiseStack
                0x000006e8       0x16 src/ASF/thirdparty/freertos/freertos-7.4.2/Source/portable/GCC/ARM_CM0/port.o
                0x000006e8                pxPortInitialiseStack
 *fill*         0x000006fe        0x2 
 .text.SVC_Handler
                0x00000700       0x28 src/ASF/thirdparty/freertos/freertos-7.4.2/Source/portable/GCC/ARM_CM0/port.o
                0x00000700                SVC_Handler
 .text.vPortYield
                0x00000728       0x18 src/ASF/thirdparty/freertos/freertos-7.4.2/Source/portable/GCC/ARM_CM0/port.o
                0x00000728                vPortYield
 .text.vPortEnterCritical
                0x00000740       0x18 src/ASF/thirdparty/freertos/freertos-7.4.2/Source/portable/GCC/ARM_CM0/port.o
                0x00000740                vPortEnterCritical
 .text.vPortExitCritical
                0x00000758       0x14 src/ASF/thirdparty/freertos/freertos-7.4.2/Source/portable/GCC/ARM_CM0/port.o
                0x00000758                vPortExitCritical
 .text.PendSV_Handler
                0x0000076c       0x44 src/ASF/thirdparty/freertos/freertos-7.4.2/Source/portable/GCC/ARM_CM0/port.o
                0x0000076c                PendSV_Handler
 .text.SysTick_Handler
                0x000007b0       0x1c src/ASF/thirdparty/freertos/freertos-7.4.2/Source/portable/GCC/ARM_CM0/port.o
                0x000007b0                SysTick_Handler
 .text.vPortSetupTimerInterrupt
                0x000007cc       0x24 src/ASF/thirdparty/freertos/freertos-7.4.2/Source/portable/GCC/ARM_CM0/port.o
                0x000007cc                vPortSetupTimerInterrupt
 .text.xPortStartScheduler
                0x000007f0       0x3c src/ASF/thirdparty/freertos/freertos-7.4.2/Source/portable/GCC/ARM_CM0/port.o
                0x000007f0                xPortStartScheduler
 .text.pvPortMalloc
                0x0000082c       0x6c src/ASF/thirdparty/freertos/freertos-7.4.2/Source/portable/MemMang/heap_1.o
                0x0000082c                pvPortMalloc
 .text.vPortFree
                0x00000898        0xa src/ASF/thirdparty/freertos/freertos-7.4.2/Source/portable/MemMang/heap_1.o
                0x00000898                vPortFree
 .text.vListInitialise
                0x000008a2       0x16 src/ASF/thirdparty/freertos/freertos-7.4.2/Source/list.o
                0x000008a2                vListInitialise
 .text.vListInitialiseItem
                0x000008b8        0x6 src/ASF/thirdparty/freertos/freertos-7.4.2/Source/list.o
                0x000008b8                vListInitialiseItem
 .text.vListInsertEnd
                0x000008be       0x1c src/ASF/thirdparty/freertos/freertos-7.4.2/Source/list.o
                0x000008be                vListInsertEnd
 .text.vListInsert
                0x000008da       0x36 src/ASF/thirdparty/freertos/freertos-7.4.2/Source/list.o
                0x000008da                vListInsert
 .text.uxListRemove
                0x00000910       0x28 src/ASF/thirdparty/freertos/freertos-7.4.2/Source/list.o
                0x00000910                uxListRemove
 .text.prvCopyDataToQueue
                0x00000938       0x6c src/ASF/thirdparty/freertos/freertos-7.4.2/Source/queue.o
 .text.prvNotifyQueueSetContainer
                0x000009a4       0x50 src/ASF/thirdparty/freertos/freertos-7.4.2/Source/queue.o
 .text.prvCopyDataFromQueue
                0x000009f4       0x28 src/ASF/thirdparty/freertos/freertos-7.4.2/Source/queue.o
 .text.prvUnlockQueue
                0x00000a1c       0xb0 src/ASF/thirdparty/freertos/freertos-7.4.2/Source/queue.o
 .text.xQueueGenericReset
                0x00000acc       0x7c src/ASF/thirdparty/freertos/freertos-7.4.2/Source/queue.o
                0x00000acc                xQueueGenericReset
 .text.xQueueGenericCreate
                0x00000b48       0x50 src/ASF/thirdparty/freertos/freertos-7.4.2/Source/queue.o
                0x00000b48                xQueueGenericCreate
 .text.xQueueGenericSend
                0x00000b98      0x14c src/ASF/thirdparty/freertos/freertos-7.4.2/Source/queue.o
                0x00000b98                xQueueGenericSend
 .text.xQueueGenericSendFromISR
                0x00000ce4       0x98 src/ASF/thirdparty/freertos/freertos-7.4.2/Source/queue.o
                0x00000ce4                xQueueGenericSendFromISR
 .text.xQueueGenericReceive
                0x00000d7c      0x178 src/ASF/thirdparty/freertos/freertos-7.4.2/Source/queue.o
                0x00000d7c                xQueueGenericReceive
 .text.vQueueWaitForMessageRestricted
                0x00000ef4       0x50 src/ASF/thirdparty/freertos/freertos-7.4.2/Source/queue.o
                0x00000ef4                vQueueWaitForMessageRestricted
 .text.prvAddCurrentTaskToDelayedList
                0x00000f44       0x58 src/ASF/thirdparty/freertos/freertos-7.4.2/Source/tasks.o
 .text.xTaskGenericCreate
                0x00000f9c      0x1fc src/ASF/thirdparty/freertos/freertos-7.4.2/Source/tasks.o
                0x00000f9c                xTaskGenericCreate
 .text.vTaskStartScheduler
                0x00001198       0x60 src/ASF/thirdparty/freertos/freertos-7.4.2/Source/tasks.o
                0x00001198                vTaskStartScheduler
 .text.vTaskSuspendAll
                0x000011f8       0x10 src/ASF/thirdparty/freertos/freertos-7.4.2/Source/tasks.o
                0x000011f8                vTaskSuspendAll
 .text.xTaskGetTickCount
                0x00001208       0x20 src/ASF/thirdparty/freertos/freertos-7.4.2/Source/tasks.o
                0x00001208                xTaskGetTickCount
 .text.vTaskIncrementTick
                0x00001228      0x11c src/ASF/thirdparty/freertos/freertos-7.4.2/Source/tasks.o
                0x00001228                vTaskIncrementTick
 .text.xTaskResumeAll
                0x00001344       0xf4 src/ASF/thirdparty/freertos/freertos-7.4.2/Source/tasks.o
                0x00001344                xTaskResumeAll
 .text.prvIdleTask
                0x00001438       0x90 src/ASF/thirdparty/freertos/freertos-7.4.2/Source/tasks.o
 .text.vTaskSwitchContext
                0x000014c8       0xa8 src/ASF/thirdparty/freertos/freertos-7.4.2/Source/tasks.o
                0x000014c8                vTaskSwitchContext
 .text.vTaskPlaceOnEventList
                0x00001570       0x58 src/ASF/thirdparty/freertos/freertos-7.4.2/Source/tasks.o
                0x00001570                vTaskPlaceOnEventList
 .text.vTaskPlaceOnEventListRestricted
                0x000015c8       0x40 src/ASF/thirdparty/freertos/freertos-7.4.2/Source/tasks.o
                0x000015c8                vTaskPlaceOnEventListRestricted
 .text.xTaskRemoveFromEventList
                0x00001608       0x7c src/ASF/thirdparty/freertos/freertos-7.4.2/Source/tasks.o
                0x00001608                xTaskRemoveFromEventList
 .text.vTaskSetTimeOutState
                0x00001684       0x20 src/ASF/thirdparty/freertos/freertos-7.4.2/Source/tasks.o
                0x00001684                vTaskSetTimeOutState
 .text.xTaskCheckForTimeOut
                0x000016a4       0x78 src/ASF/thirdparty/freertos/freertos-7.4.2/Source/tasks.o
                0x000016a4                xTaskCheckForTimeOut
 .text.vTaskMissedYield
                0x0000171c        0xc src/ASF/thirdparty/freertos/freertos-7.4.2/Source/tasks.o
                0x0000171c                vTaskMissedYield
 .text.xTaskGetCurrentTaskHandle
                0x00001728        0xc src/ASF/thirdparty/freertos/freertos-7.4.2/Source/tasks.o
                0x00001728                xTaskGetCurrentTaskHandle
 .text.xTaskGetSchedulerState
                0x00001734       0x20 src/ASF/thirdparty/freertos/freertos-7.4.2/Source/tasks.o
                0x00001734                xTaskGetSchedulerState
 .text.vTaskPriorityInherit
                0x00001754       0x7c src/ASF/thirdparty/freertos/freertos-7.4.2/Source/tasks.o
                0x00001754                vTaskPriorityInherit
 .text.vTaskPriorityDisinherit
                0x000017d0       0x50 src/ASF/thirdparty/freertos/freertos-7.4.2/Source/tasks.o
                0x000017d0                vTaskPriorityDisinherit
 .text.prvInsertTimerInActiveList
                0x00001820       0x48 src/ASF/thirdparty/freertos/freertos-7.4.2/Source/timers.o
 .text.prvCheckForValidListAndQueue
                0x00001868       0x60 src/ASF/thirdparty/freertos/freertos-7.4.2/Source/timers.o
 .text.xTimerCreateTimerTask
                0x000018c8       0x48 src/ASF/thirdparty/freertos/freertos-7.4.2/Source/timers.o
                0x000018c8                xTimerCreateTimerTask
 .text.xTimerCreate
                0x00001910       0x4c src/ASF/thirdparty/freertos/freertos-7.4.2/Source/timers.o
                0x00001910                xTimerCreate
 .text.xTimerGenericCommand
                0x0000195c       0x64 src/ASF/thirdparty/freertos/freertos-7.4.2/Source/timers.o
                0x0000195c                xTimerGenericCommand
 .text.prvSampleTimeNow
                0x000019c0       0xbc src/ASF/thirdparty/freertos/freertos-7.4.2/Source/timers.o
 .text.prvTimerTask
                0x00001a7c      0x170 src/ASF/thirdparty/freertos/freertos-7.4.2/Source/timers.o
 .text.sercom_set_gclk_generator
                0x00001bec       0x4c src/ASF/sam0/drivers/sercom/sercom.o
                0x00001bec                sercom_set_gclk_generator
 .text._sercom_get_default_pad
                0x00001c38      0x178 src/ASF/sam0/drivers/sercom/sercom.o
                0x00001c38                _sercom_get_default_pad
 .text._sercom_get_sercom_inst_index
                0x00001db0       0x38 src/ASF/sam0/drivers/sercom/sercom.o
                0x00001db0                _sercom_get_sercom_inst_index
 .text._sercom_default_handler
                0x00001de8        0x2 src/ASF/sam0/drivers/sercom/sercom_interrupt.o
 *fill*         0x00001dea        0x2 
 .text._sercom_set_handler
                0x00001dec       0x3c src/ASF/sam0/drivers/sercom/sercom_interrupt.o
                0x00001dec                _sercom_set_handler
 .text._sercom_get_interrupt_vector
                0x00001e28       0x30 src/ASF/sam0/drivers/sercom/sercom_interrupt.o
                0x00001e28                _sercom_get_interrupt_vector
 .text.SERCOM0_Handler
                0x00001e58       0x10 src/ASF/sam0/drivers/sercom/sercom_interrupt.o
                0x00001e58                SERCOM0_Handler
 .text.SERCOM1_Handler
                0x00001e68       0x10 src/ASF/sam0/drivers/sercom/sercom_interrupt.o
                0x00001e68                SERCOM1_Handler
 .text.SERCOM2_Handler
                0x00001e78       0x10 src/ASF/sam0/drivers/sercom/sercom_interrupt.o
                0x00001e78                SERCOM2_Handler
 .text.SERCOM3_Handler
                0x00001e88       0x10 src/ASF/sam0/drivers/sercom/sercom_interrupt.o
                0x00001e88                SERCOM3_Handler
 .text.SERCOM4_Handler
                0x00001e98       0x10 src/ASF/sam0/drivers/sercom/sercom_interrupt.o
                0x00001e98                SERCOM4_Handler
 .text.SERCOM5_Handler
                0x00001ea8       0x10 src/ASF/sam0/drivers/sercom/sercom_interrupt.o
                0x00001ea8                SERCOM5_Handler
 .text.system_board_init
                0x00001eb8        0x2 src/ASF/common2/boards/user_board/init.o
                0x00001eb8                board_init
                0x00001eb8                system_board_init
 *fill*         0x00001eba        0x2 
 .text.cpu_irq_enter_critical
                0x00001ebc       0x40 src/ASF/common/utils/interrupt/interrupt_sam_nvic.o
                0x00001ebc                cpu_irq_enter_critical
 .text.cpu_irq_leave_critical
                0x00001efc       0x30 src/ASF/common/utils/interrupt/interrupt_sam_nvic.o
                0x00001efc                cpu_irq_leave_critical
 .text.system_clock_source_get_hz
                0x00001f2c       0x90 src/ASF/sam0/drivers/system/clock/clock_samd21_r21_da_ha1/clock.o
                0x00001f2c                system_clock_source_get_hz
 .text.system_clock_source_osc8m_set_config
                0x00001fbc       0x3c src/ASF/sam0/drivers/system/clock/clock_samd21_r21_da_ha1/clock.o
                0x00001fbc                system_clock_source_osc8m_set_config
 .text.system_clock_source_enable
                0x00001ff8       0xa8 src/ASF/sam0/drivers/system/clock/clock_samd21_r21_da_ha1/clock.o
                0x00001ff8                system_clock_source_enable
 .text.system_clock_init
                0x000020a0       0x98 src/ASF/sam0/drivers/system/clock/clock_samd21_r21_da_ha1/clock.o
                0x000020a0                system_clock_init
 .text.system_gclk_init
                0x00002138       0x24 src/ASF/sam0/drivers/system/clock/clock_samd21_r21_da_ha1/gclk.o
                0x00002138                system_gclk_init
 .text.system_gclk_gen_set_config
                0x0000215c       0xb8 src/ASF/sam0/drivers/system/clock/clock_samd21_r21_da_ha1/gclk.o
                0x0000215c                system_gclk_gen_set_config
 .text.system_gclk_gen_enable
                0x00002214       0x44 src/ASF/sam0/drivers/system/clock/clock_samd21_r21_da_ha1/gclk.o
                0x00002214                system_gclk_gen_enable
 .text.system_gclk_gen_get_hz
                0x00002258       0x8c src/ASF/sam0/drivers/system/clock/clock_samd21_r21_da_ha1/gclk.o
                0x00002258                system_gclk_gen_get_hz
 .text.system_gclk_chan_enable
                0x000022e4       0x30 src/ASF/sam0/drivers/system/clock/clock_samd21_r21_da_ha1/gclk.o
                0x000022e4                system_gclk_chan_enable
 .text.system_gclk_chan_disable
                0x00002314       0x5c src/ASF/sam0/drivers/system/clock/clock_samd21_r21_da_ha1/gclk.o
                0x00002314                system_gclk_chan_disable
 .text.system_gclk_chan_set_config
                0x00002370       0x1c src/ASF/sam0/drivers/system/clock/clock_samd21_r21_da_ha1/gclk.o
                0x00002370                system_gclk_chan_set_config
 .text.system_gclk_chan_get_hz
                0x0000238c       0x34 src/ASF/sam0/drivers/system/clock/clock_samd21_r21_da_ha1/gclk.o
                0x0000238c                system_gclk_chan_get_hz
 .text._system_pinmux_config
                0x000023c0       0xa8 src/ASF/sam0/drivers/system/pinmux/pinmux.o
 .text.system_pinmux_pin_set_config
                0x00002468       0x30 src/ASF/sam0/drivers/system/pinmux/pinmux.o
                0x00002468                system_pinmux_pin_set_config
 .text._system_dummy_init
                0x00002498        0x2 src/ASF/sam0/drivers/system/system.o
                0x00002498                _system_extint_init
                0x00002498                _system_events_init
                0x00002498                _system_dummy_init
                0x00002498                _system_divas_init
 *fill*         0x0000249a        0x2 
 .text.system_init
                0x0000249c       0x2c src/ASF/sam0/drivers/system/system.o
                0x0000249c                system_init
 .text.Dummy_Handler
                0x000024c8        0x2 src/ASF/sam0/utils/cmsis/samd21/source/gcc/startup_samd21.o
                0x000024c8                DMAC_Handler
                0x000024c8                HardFault_Handler
                0x000024c8                AC_Handler
                0x000024c8                NMI_Handler
                0x000024c8                ADC_Handler
                0x000024c8                TCC1_Handler
                0x000024c8                TCC0_Handler
                0x000024c8                RTC_Handler
                0x000024c8                EIC_Handler
                0x000024c8                WDT_Handler
                0x000024c8                TC4_Handler
                0x000024c8                USB_Handler
                0x000024c8                TC3_Handler
                0x000024c8                Dummy_Handler
                0x000024c8                PM_Handler
                0x000024c8                TCC2_Handler
                0x000024c8                EVSYS_Handler
                0x000024c8                I2S_Handler
                0x000024c8                NVMCTRL_Handler
                0x000024c8                DAC_Handler
                0x000024c8                PTC_Handler
                0x000024c8                TC5_Handler
                0x000024c8                SYSCTRL_Handler
 *fill*         0x000024ca        0x2 
 .text.Reset_Handler
                0x000024cc       0xe4 src/ASF/sam0/utils/cmsis/samd21/source/gcc/startup_samd21.o
                0x000024cc                Reset_Handler
 .text.configure_i2c_master
                0x000025b0       0xa8 src/I2C.o
                0x000025b0                configure_i2c_master
 .text.mrBlinky
                0x00002658       0x10 src/main.o
                0x00002658                mrBlinky
 .text.initIO   0x00002668       0x40 src/main.o
                0x00002668                initIO
 .text.main     0x000026a8       0x6c src/main.o
                0x000026a8                main
 .text          0x00002714      0x114 c:/program files (x86)/atmel/studio/7.0/toolchain/arm/arm-gnu-toolchain/bin/../lib/gcc/arm-none-eabi/6.2.1/thumb/v6-m\libgcc.a(_udivsi3.o)
                0x00002714                __aeabi_uidiv
                0x00002714                __udivsi3
                0x00002820                __aeabi_uidivmod
 .text          0x00002828        0x4 c:/program files (x86)/atmel/studio/7.0/toolchain/arm/arm-gnu-toolchain/bin/../lib/gcc/arm-none-eabi/6.2.1/thumb/v6-m\libgcc.a(_dvmd_tls.o)
                0x00002828                __aeabi_idiv0
                0x00002828                __aeabi_ldiv0
 .text          0x0000282c      0x620 c:/program files (x86)/atmel/studio/7.0/toolchain/arm/arm-gnu-toolchain/bin/../lib/gcc/arm-none-eabi/6.2.1/thumb/v6-m\libgcc.a(adddf3.o)
                0x0000282c                __aeabi_dadd
 .text          0x00002e4c      0x668 c:/program files (x86)/atmel/studio/7.0/toolchain/arm/arm-gnu-toolchain/bin/../lib/gcc/arm-none-eabi/6.2.1/thumb/v6-m\libgcc.a(divdf3.o)
                0x00002e4c                __aeabi_ddiv
 .text          0x000034b4      0x500 c:/program files (x86)/atmel/studio/7.0/toolchain/arm/arm-gnu-toolchain/bin/../lib/gcc/arm-none-eabi/6.2.1/thumb/v6-m\libgcc.a(muldf3.o)
                0x000034b4                __aeabi_dmul
 .text          0x000039b4      0x62c c:/program files (x86)/atmel/studio/7.0/toolchain/arm/arm-gnu-toolchain/bin/../lib/gcc/arm-none-eabi/6.2.1/thumb/v6-m\libgcc.a(subdf3.o)
                0x000039b4                __aeabi_dsub
 .text          0x00003fe0       0x68 c:/program files (x86)/atmel/studio/7.0/toolchain/arm/arm-gnu-toolchain/bin/../lib/gcc/arm-none-eabi/6.2.1/thumb/v6-m\libgcc.a(fixdfsi.o)
                0x00003fe0                __aeabi_d2iz
 .text          0x00004048       0x70 c:/program files (x86)/atmel/studio/7.0/toolchain/arm/arm-gnu-toolchain/bin/../lib/gcc/arm-none-eabi/6.2.1/thumb/v6-m\libgcc.a(floatunsidf.o)
                0x00004048                __aeabi_ui2d
 .text          0x000040b8       0x3c c:/program files (x86)/atmel/studio/7.0/toolchain/arm/arm-gnu-toolchain/bin/../lib/gcc/arm-none-eabi/6.2.1/thumb/v6-m\libgcc.a(_clzsi2.o)
                0x000040b8                __clzsi2
 .text.__libc_init_array
                0x000040f4       0x48 c:/program files (x86)/atmel/studio/7.0/toolchain/arm/arm-gnu-toolchain/bin/../lib/gcc/arm-none-eabi/6.2.1/../../../../arm-none-eabi/lib/thumb/v6-m\libc_nano.a(lib_a-init.o)
                0x000040f4                __libc_init_array
 .text.memcpy   0x0000413c       0x12 c:/program files (x86)/atmel/studio/7.0/toolchain/arm/arm-gnu-toolchain/bin/../lib/gcc/arm-none-eabi/6.2.1/../../../../arm-none-eabi/lib/thumb/v6-m\libc_nano.a(lib_a-memcpy-stub.o)
                0x0000413c                memcpy
 .text.memset   0x0000414e       0x10 c:/program files (x86)/atmel/studio/7.0/toolchain/arm/arm-gnu-toolchain/bin/../lib/gcc/arm-none-eabi/6.2.1/../../../../arm-none-eabi/lib/thumb/v6-m\libc_nano.a(lib_a-memset.o)
                0x0000414e                memset
 .text.strncpy  0x0000415e       0x2a c:/program files (x86)/atmel/studio/7.0/toolchain/arm/arm-gnu-toolchain/bin/../lib/gcc/arm-none-eabi/6.2.1/../../../../arm-none-eabi/lib/thumb/v6-m\libc_nano.a(lib_a-strncpy.o)
                0x0000415e                strncpy
 *(.glue_7t)
 .glue_7t       0x00004188        0x0 linker stubs
 *(.glue_7)
 .glue_7        0x00004188        0x0 linker stubs
 *(.rodata .rodata* .gnu.linkonce.r.*)
 .rodata.vTaskStartScheduler.str1.4
                0x00004188        0x5 src/ASF/thirdparty/freertos/freertos-7.4.2/Source/tasks.o
 *fill*         0x0000418d        0x3 
 .rodata.xTimerCreateTimerTask.str1.4
                0x00004190        0x8 src/ASF/thirdparty/freertos/freertos-7.4.2/Source/timers.o
 .rodata        0x00004198       0x18 src/ASF/sam0/drivers/sercom/sercom.o
 .rodata.system_clock_source_get_hz
                0x000041b0       0x24 src/ASF/sam0/drivers/system/clock/clock_samd21_r21_da_ha1/clock.o
 .rodata.system_clock_source_enable
                0x000041d4       0x24 src/ASF/sam0/drivers/system/clock/clock_samd21_r21_da_ha1/clock.o
 .rodata.main.str1.4
                0x000041f8        0x8 src/main.o
                                  0x6 (size before relaxing)
 .rodata        0x00004200       0x40 c:/program files (x86)/atmel/studio/7.0/toolchain/arm/arm-gnu-toolchain/bin/../lib/gcc/arm-none-eabi/6.2.1/thumb/v6-m\libgcc.a(divdf3.o)
 .rodata        0x00004240       0x40 c:/program files (x86)/atmel/studio/7.0/toolchain/arm/arm-gnu-toolchain/bin/../lib/gcc/arm-none-eabi/6.2.1/thumb/v6-m\libgcc.a(muldf3.o)
 *(.ARM.extab* .gnu.linkonce.armextab.*)
                0x00004280                . = ALIGN (0x4)
 *(.init)
 .init          0x00004280        0x4 c:/program files (x86)/atmel/studio/7.0/toolchain/arm/arm-gnu-toolchain/bin/../lib/gcc/arm-none-eabi/6.2.1/thumb/v6-m/crti.o
                0x00004280                _init
 .init          0x00004284        0x8 c:/program files (x86)/atmel/studio/7.0/toolchain/arm/arm-gnu-toolchain/bin/../lib/gcc/arm-none-eabi/6.2.1/thumb/v6-m/crtn.o
                0x0000428c                . = ALIGN (0x4)
                0x0000428c                __preinit_array_start = .
 *(.preinit_array)
                0x0000428c                __preinit_array_end = .
                0x0000428c                . = ALIGN (0x4)
                0x0000428c                __init_array_start = .
 *(SORT(.init_array.*))
 *(.init_array)
 .init_array    0x0000428c        0x4 c:/program files (x86)/atmel/studio/7.0/toolchain/arm/arm-gnu-toolchain/bin/../lib/gcc/arm-none-eabi/6.2.1/thumb/v6-m/crtbegin.o
                0x00004290                __init_array_end = .
                0x00004290                . = ALIGN (0x4)
 *crtbegin.o(.ctors)
 *(EXCLUDE_FILE(*crtend.o) .ctors)
 *(SORT(.ctors.*))
 *crtend.o(.ctors)
                0x00004290                . = ALIGN (0x4)
 *(.fini)
 .fini          0x00004290        0x4 c:/program files (x86)/atmel/studio/7.0/toolchain/arm/arm-gnu-toolchain/bin/../lib/gcc/arm-none-eabi/6.2.1/thumb/v6-m/crti.o
                0x00004290                _fini
 .fini          0x00004294        0x8 c:/program files (x86)/atmel/studio/7.0/toolchain/arm/arm-gnu-toolchain/bin/../lib/gcc/arm-none-eabi/6.2.1/thumb/v6-m/crtn.o
                0x0000429c                . = ALIGN (0x4)
                0x0000429c                __fini_array_start = .
 *(.fini_array)
 .fini_array    0x0000429c        0x4 c:/program files (x86)/atmel/studio/7.0/toolchain/arm/arm-gnu-toolchain/bin/../lib/gcc/arm-none-eabi/6.2.1/thumb/v6-m/crtbegin.o
 *(SORT(.fini_array.*))
                0x000042a0                __fini_array_end = .
 *crtbegin.o(.dtors)
 *(EXCLUDE_FILE(*crtend.o) .dtors)
 *(SORT(.dtors.*))
 *crtend.o(.dtors)
                0x000042a0                . = ALIGN (0x4)
                0x000042a0                _efixed = .
                [!provide]                PROVIDE (__exidx_start, .)

.vfp11_veneer   0x000042a0        0x0
 .vfp11_veneer  0x000042a0        0x0 linker stubs

.v4_bx          0x000042a0        0x0
 .v4_bx         0x000042a0        0x0 linker stubs

.iplt           0x000042a0        0x0
 .iplt          0x000042a0        0x0 c:/program files (x86)/atmel/studio/7.0/toolchain/arm/arm-gnu-toolchain/bin/../lib/gcc/arm-none-eabi/6.2.1/thumb/v6-m/crtbegin.o

.eh_frame       0x000042a0        0x0
 .eh_frame      0x000042a0        0x0 c:/program files (x86)/atmel/studio/7.0/toolchain/arm/arm-gnu-toolchain/bin/../lib/gcc/arm-none-eabi/6.2.1/thumb/v6-m/crtbegin.o

.rel.dyn        0x000042a0        0x0
 .rel.iplt      0x000042a0        0x0 c:/program files (x86)/atmel/studio/7.0/toolchain/arm/arm-gnu-toolchain/bin/../lib/gcc/arm-none-eabi/6.2.1/thumb/v6-m/crtbegin.o

.jcr            0x000042a0        0x0
 .jcr           0x000042a0        0x0 c:/program files (x86)/atmel/studio/7.0/toolchain/arm/arm-gnu-toolchain/bin/../lib/gcc/arm-none-eabi/6.2.1/thumb/v6-m/crtbegin.o

.igot.plt       0x000042a0        0x0
 .igot.plt      0x000042a0        0x0 c:/program files (x86)/atmel/studio/7.0/toolchain/arm/arm-gnu-toolchain/bin/../lib/gcc/arm-none-eabi/6.2.1/thumb/v6-m/crtbegin.o

.ARM.exidx
 *(.ARM.exidx* .gnu.linkonce.armexidx.*)
                [!provide]                PROVIDE (__exidx_end, .)
                0x000042a0                . = ALIGN (0x4)
                0x000042a0                _etext = .

.relocate       0x20000000        0xc load address 0x000042a0
                0x20000000                . = ALIGN (0x4)
                0x20000000                _srelocate = .
 *(.ramfunc .ramfunc.*)
 *(.data .data.*)
 .data.uxCriticalNesting
                0x20000000        0x4 src/ASF/thirdparty/freertos/freertos-7.4.2/Source/portable/GCC/ARM_CM0/port.o
 .data.xNextTaskUnblockTime
                0x20000004        0x4 src/ASF/thirdparty/freertos/freertos-7.4.2/Source/tasks.o
 .data.g_interrupt_enabled
                0x20000008        0x1 src/ASF/common/utils/interrupt/interrupt_sam_nvic.o
                0x20000008                g_interrupt_enabled
                0x2000000c                . = ALIGN (0x4)
 *fill*         0x20000009        0x3 
                0x2000000c                _erelocate = .

.bss            0x2000000c     0x3c70 load address 0x000042ac
                0x2000000c                . = ALIGN (0x4)
                0x2000000c                _sbss = .
                0x2000000c                _szero = .
 *(.bss .bss.*)
 .bss           0x2000000c       0x1c c:/program files (x86)/atmel/studio/7.0/toolchain/arm/arm-gnu-toolchain/bin/../lib/gcc/arm-none-eabi/6.2.1/thumb/v6-m/crtbegin.o
 .bss.pucAlignedHeap.4936
                0x20000028        0x4 src/ASF/thirdparty/freertos/freertos-7.4.2/Source/portable/MemMang/heap_1.o
 .bss.ucHeap    0x2000002c     0x3a98 src/ASF/thirdparty/freertos/freertos-7.4.2/Source/portable/MemMang/heap_1.o
 .bss.xNextFreeByte
                0x20003ac4        0x4 src/ASF/thirdparty/freertos/freertos-7.4.2/Source/portable/MemMang/heap_1.o
 .bss.pxCurrentTCB
                0x20003ac8        0x4 src/ASF/thirdparty/freertos/freertos-7.4.2/Source/tasks.o
                0x20003ac8                pxCurrentTCB
 .bss.pxDelayedTaskList
                0x20003acc        0x4 src/ASF/thirdparty/freertos/freertos-7.4.2/Source/tasks.o
 .bss.pxOverflowDelayedTaskList
                0x20003ad0        0x4 src/ASF/thirdparty/freertos/freertos-7.4.2/Source/tasks.o
 .bss.pxReadyTasksLists
                0x20003ad4       0x64 src/ASF/thirdparty/freertos/freertos-7.4.2/Source/tasks.o
 .bss.uxCurrentNumberOfTasks
                0x20003b38        0x4 src/ASF/thirdparty/freertos/freertos-7.4.2/Source/tasks.o
 .bss.uxMissedTicks
                0x20003b3c        0x4 src/ASF/thirdparty/freertos/freertos-7.4.2/Source/tasks.o
 .bss.uxSchedulerSuspended
                0x20003b40        0x4 src/ASF/thirdparty/freertos/freertos-7.4.2/Source/tasks.o
 .bss.uxTaskNumber
                0x20003b44        0x4 src/ASF/thirdparty/freertos/freertos-7.4.2/Source/tasks.o
 .bss.uxTasksDeleted
                0x20003b48        0x4 src/ASF/thirdparty/freertos/freertos-7.4.2/Source/tasks.o
 .bss.uxTopReadyPriority
                0x20003b4c        0x4 src/ASF/thirdparty/freertos/freertos-7.4.2/Source/tasks.o
 .bss.uxTopUsedPriority
                0x20003b50        0x4 src/ASF/thirdparty/freertos/freertos-7.4.2/Source/tasks.o
 .bss.xDelayedTaskList1
                0x20003b54       0x14 src/ASF/thirdparty/freertos/freertos-7.4.2/Source/tasks.o
 .bss.xDelayedTaskList2
                0x20003b68       0x14 src/ASF/thirdparty/freertos/freertos-7.4.2/Source/tasks.o
 .bss.xMissedYield
                0x20003b7c        0x4 src/ASF/thirdparty/freertos/freertos-7.4.2/Source/tasks.o
 .bss.xNumOfOverflows
                0x20003b80        0x4 src/ASF/thirdparty/freertos/freertos-7.4.2/Source/tasks.o
 .bss.xPendingReadyList
                0x20003b84       0x14 src/ASF/thirdparty/freertos/freertos-7.4.2/Source/tasks.o
 .bss.xSchedulerRunning
                0x20003b98        0x4 src/ASF/thirdparty/freertos/freertos-7.4.2/Source/tasks.o
 .bss.xSuspendedTaskList
                0x20003b9c       0x14 src/ASF/thirdparty/freertos/freertos-7.4.2/Source/tasks.o
 .bss.xTasksWaitingTermination
                0x20003bb0       0x14 src/ASF/thirdparty/freertos/freertos-7.4.2/Source/tasks.o
 .bss.xTickCount
                0x20003bc4        0x4 src/ASF/thirdparty/freertos/freertos-7.4.2/Source/tasks.o
 .bss.pxCurrentTimerList
                0x20003bc8        0x4 src/ASF/thirdparty/freertos/freertos-7.4.2/Source/timers.o
 .bss.pxOverflowTimerList
                0x20003bcc        0x4 src/ASF/thirdparty/freertos/freertos-7.4.2/Source/timers.o
 .bss.xActiveTimerList1
                0x20003bd0       0x14 src/ASF/thirdparty/freertos/freertos-7.4.2/Source/timers.o
 .bss.xActiveTimerList2
                0x20003be4       0x14 src/ASF/thirdparty/freertos/freertos-7.4.2/Source/timers.o
 .bss.xLastTime.4562
                0x20003bf8        0x4 src/ASF/thirdparty/freertos/freertos-7.4.2/Source/timers.o
 .bss.xTimerQueue
                0x20003bfc        0x4 src/ASF/thirdparty/freertos/freertos-7.4.2/Source/timers.o
 .bss._sercom_config
                0x20003c00        0x2 src/ASF/sam0/drivers/sercom/sercom.o
 .bss._handler_table_initialized
                0x20003c02        0x1 src/ASF/sam0/drivers/sercom/sercom_interrupt.o
 *fill*         0x20003c03        0x1 
 .bss._sercom_interrupt_handlers
                0x20003c04       0x18 src/ASF/sam0/drivers/sercom/sercom_interrupt.o
 .bss.cpu_irq_critical_section_counter
                0x20003c1c        0x4 src/ASF/common/utils/interrupt/interrupt_sam_nvic.o
 .bss.cpu_irq_prev_interrupt_state
                0x20003c20        0x1 src/ASF/common/utils/interrupt/interrupt_sam_nvic.o
 *fill*         0x20003c21        0x3 
 .bss._system_clock_inst
                0x20003c24       0x18 src/ASF/sam0/drivers/system/clock/clock_samd21_r21_da_ha1/clock.o
 *(COMMON)
 COMMON         0x20003c3c       0x18 src/ASF/sam0/drivers/sercom/sercom_interrupt.o
                0x20003c3c                _sercom_instances
 COMMON         0x20003c54       0x28 src/I2C.o
                0x20003c54                i2c_master_instance
                0x20003c7c                . = ALIGN (0x4)
                0x20003c7c                _ebss = .
                0x20003c7c                _ezero = .

.stack          0x20003c7c     0x2004 load address 0x00007f1c
                0x20003c80                . = ALIGN (0x8)
 *fill*         0x20003c7c        0x4 
                0x20003c80                _sstack = .
                0x20005c80                . = (. + STACK_SIZE)
 *fill*         0x20003c80     0x2000 
                0x20005c80                . = ALIGN (0x8)
                0x20005c80                _estack = .
                0x20005c80                . = ALIGN (0x4)
                0x20005c80                _end = .
OUTPUT(cicada.elf elf32-littlearm)

.ARM.attributes
                0x00000000       0x28
 .ARM.attributes
                0x00000000       0x1e c:/program files (x86)/atmel/studio/7.0/toolchain/arm/arm-gnu-toolchain/bin/../lib/gcc/arm-none-eabi/6.2.1/thumb/v6-m/crti.o
 .ARM.attributes
                0x0000001e       0x2c c:/program files (x86)/atmel/studio/7.0/toolchain/arm/arm-gnu-toolchain/bin/../lib/gcc/arm-none-eabi/6.2.1/thumb/v6-m/crtbegin.o
 .ARM.attributes
                0x0000004a       0x32 src/ASF/sam0/drivers/sercom/i2c/i2c_sam0/i2c_master.o
 .ARM.attributes
                0x0000007c       0x32 src/ASF/sam0/drivers/sercom/i2c/i2c_sam0/i2c_master_interrupt.o
 .ARM.attributes
                0x000000ae       0x32 src/ASF/thirdparty/freertos/freertos-7.4.2/Source/portable/GCC/ARM_CM0/port.o
 .ARM.attributes
                0x000000e0       0x32 src/ASF/thirdparty/freertos/freertos-7.4.2/Source/portable/MemMang/heap_1.o
 .ARM.attributes
                0x00000112       0x32 src/ASF/thirdparty/freertos/freertos-7.4.2/Source/list.o
 .ARM.attributes
                0x00000144       0x32 src/ASF/thirdparty/freertos/freertos-7.4.2/Source/queue.o
 .ARM.attributes
                0x00000176       0x32 src/ASF/thirdparty/freertos/freertos-7.4.2/Source/tasks.o
 .ARM.attributes
                0x000001a8       0x32 src/ASF/thirdparty/freertos/freertos-7.4.2/Source/timers.o
 .ARM.attributes
                0x000001da       0x32 src/ASF/sam0/drivers/sercom/sercom.o
 .ARM.attributes
                0x0000020c       0x32 src/ASF/sam0/drivers/sercom/sercom_interrupt.o
 .ARM.attributes
                0x0000023e       0x32 src/ASF/common2/boards/user_board/init.o
 .ARM.attributes
                0x00000270       0x32 src/ASF/common/utils/interrupt/interrupt_sam_nvic.o
 .ARM.attributes
                0x000002a2       0x32 src/ASF/sam0/drivers/system/clock/clock_samd21_r21_da_ha1/clock.o
 .ARM.attributes
                0x000002d4       0x32 src/ASF/sam0/drivers/system/clock/clock_samd21_r21_da_ha1/gclk.o
 .ARM.attributes
                0x00000306       0x32 src/ASF/sam0/drivers/system/pinmux/pinmux.o
 .ARM.attributes
                0x00000338       0x32 src/ASF/sam0/drivers/system/system.o
 .ARM.attributes
                0x0000036a       0x32 src/ASF/sam0/utils/cmsis/samd21/source/gcc/startup_samd21.o
 .ARM.attributes
                0x0000039c       0x32 src/I2C.o
 .ARM.attributes
                0x000003ce       0x32 src/main.o
 .ARM.attributes
                0x00000400       0x1e c:/program files (x86)/atmel/studio/7.0/toolchain/arm/arm-gnu-toolchain/bin/../lib/gcc/arm-none-eabi/6.2.1/thumb/v6-m\libgcc.a(_udivsi3.o)
 .ARM.attributes
                0x0000041e       0x1e c:/program files (x86)/atmel/studio/7.0/toolchain/arm/arm-gnu-toolchain/bin/../lib/gcc/arm-none-eabi/6.2.1/thumb/v6-m\libgcc.a(_dvmd_tls.o)
 .ARM.attributes
                0x0000043c       0x2c c:/program files (x86)/atmel/studio/7.0/toolchain/arm/arm-gnu-toolchain/bin/../lib/gcc/arm-none-eabi/6.2.1/thumb/v6-m\libgcc.a(adddf3.o)
 .ARM.attributes
                0x00000468       0x2c c:/program files (x86)/atmel/studio/7.0/toolchain/arm/arm-gnu-toolchain/bin/../lib/gcc/arm-none-eabi/6.2.1/thumb/v6-m\libgcc.a(divdf3.o)
 .ARM.attributes
                0x00000494       0x2c c:/program files (x86)/atmel/studio/7.0/toolchain/arm/arm-gnu-toolchain/bin/../lib/gcc/arm-none-eabi/6.2.1/thumb/v6-m\libgcc.a(muldf3.o)
 .ARM.attributes
                0x000004c0       0x2c c:/program files (x86)/atmel/studio/7.0/toolchain/arm/arm-gnu-toolchain/bin/../lib/gcc/arm-none-eabi/6.2.1/thumb/v6-m\libgcc.a(subdf3.o)
 .ARM.attributes
                0x000004ec       0x2c c:/program files (x86)/atmel/studio/7.0/toolchain/arm/arm-gnu-toolchain/bin/../lib/gcc/arm-none-eabi/6.2.1/thumb/v6-m\libgcc.a(fixdfsi.o)
 .ARM.attributes
                0x00000518       0x2c c:/program files (x86)/atmel/studio/7.0/toolchain/arm/arm-gnu-toolchain/bin/../lib/gcc/arm-none-eabi/6.2.1/thumb/v6-m\libgcc.a(floatunsidf.o)
 .ARM.attributes
                0x00000544       0x1e c:/program files (x86)/atmel/studio/7.0/toolchain/arm/arm-gnu-toolchain/bin/../lib/gcc/arm-none-eabi/6.2.1/thumb/v6-m\libgcc.a(_clzsi2.o)
 .ARM.attributes
                0x00000562       0x2c c:/program files (x86)/atmel/studio/7.0/toolchain/arm/arm-gnu-toolchain/bin/../lib/gcc/arm-none-eabi/6.2.1/../../../../arm-none-eabi/lib/thumb/v6-m\libc_nano.a(lib_a-init.o)
 .ARM.attributes
                0x0000058e       0x2c c:/program files (x86)/atmel/studio/7.0/toolchain/arm/arm-gnu-toolchain/bin/../lib/gcc/arm-none-eabi/6.2.1/../../../../arm-none-eabi/lib/thumb/v6-m\libc_nano.a(lib_a-memcpy-stub.o)
 .ARM.attributes
                0x000005ba       0x2c c:/program files (x86)/atmel/studio/7.0/toolchain/arm/arm-gnu-toolchain/bin/../lib/gcc/arm-none-eabi/6.2.1/../../../../arm-none-eabi/lib/thumb/v6-m\libc_nano.a(lib_a-memset.o)
 .ARM.attributes
                0x000005e6       0x2c c:/program files (x86)/atmel/studio/7.0/toolchain/arm/arm-gnu-toolchain/bin/../lib/gcc/arm-none-eabi/6.2.1/../../../../arm-none-eabi/lib/thumb/v6-m\libc_nano.a(lib_a-strncpy.o)
 .ARM.attributes
                0x00000612       0x1e c:/program files (x86)/atmel/studio/7.0/toolchain/arm/arm-gnu-toolchain/bin/../lib/gcc/arm-none-eabi/6.2.1/thumb/v6-m/crtn.o

.comment        0x00000000       0x59
 .comment       0x00000000       0x59 src/ASF/sam0/drivers/sercom/i2c/i2c_sam0/i2c_master.o
                                 0x5a (size before relaxing)
 .comment       0x00000059       0x5a src/ASF/sam0/drivers/sercom/i2c/i2c_sam0/i2c_master_interrupt.o
 .comment       0x00000059       0x5a src/ASF/thirdparty/freertos/freertos-7.4.2/Source/portable/GCC/ARM_CM0/port.o
 .comment       0x00000059       0x5a src/ASF/thirdparty/freertos/freertos-7.4.2/Source/portable/MemMang/heap_1.o
 .comment       0x00000059       0x5a src/ASF/thirdparty/freertos/freertos-7.4.2/Source/list.o
 .comment       0x00000059       0x5a src/ASF/thirdparty/freertos/freertos-7.4.2/Source/queue.o
 .comment       0x00000059       0x5a src/ASF/thirdparty/freertos/freertos-7.4.2/Source/tasks.o
 .comment       0x00000059       0x5a src/ASF/thirdparty/freertos/freertos-7.4.2/Source/timers.o
 .comment       0x00000059       0x5a src/ASF/sam0/drivers/sercom/sercom.o
 .comment       0x00000059       0x5a src/ASF/sam0/drivers/sercom/sercom_interrupt.o
 .comment       0x00000059       0x5a src/ASF/common2/boards/user_board/init.o
 .comment       0x00000059       0x5a src/ASF/common/utils/interrupt/interrupt_sam_nvic.o
 .comment       0x00000059       0x5a src/ASF/sam0/drivers/system/clock/clock_samd21_r21_da_ha1/clock.o
 .comment       0x00000059       0x5a src/ASF/sam0/drivers/system/clock/clock_samd21_r21_da_ha1/gclk.o
 .comment       0x00000059       0x5a src/ASF/sam0/drivers/system/pinmux/pinmux.o
 .comment       0x00000059       0x5a src/ASF/sam0/drivers/system/system.o
 .comment       0x00000059       0x5a src/ASF/sam0/utils/cmsis/samd21/source/gcc/startup_samd21.o
 .comment       0x00000059       0x5a src/I2C.o
 .comment       0x00000059       0x5a src/main.o

.debug_info     0x00000000    0x26512
 .debug_info    0x00000000     0x4f62 src/ASF/sam0/drivers/sercom/i2c/i2c_sam0/i2c_master.o
 .debug_info    0x00004f62     0x3127 src/ASF/sam0/drivers/sercom/i2c/i2c_sam0/i2c_master_interrupt.o
 .debug_info    0x00008089      0x21e src/ASF/thirdparty/freertos/freertos-7.4.2/Source/portable/GCC/ARM_CM0/port.o
 .debug_info    0x000082a7      0xa8c src/ASF/thirdparty/freertos/freertos-7.4.2/Source/portable/MemMang/heap_1.o
 .debug_info    0x00008d33      0xbb1 src/ASF/thirdparty/freertos/freertos-7.4.2/Source/list.o
 .debug_info    0x000098e4     0x1c37 src/ASF/thirdparty/freertos/freertos-7.4.2/Source/queue.o
 .debug_info    0x0000b51b     0x1fbf src/ASF/thirdparty/freertos/freertos-7.4.2/Source/tasks.o
 .debug_info    0x0000d4da      0xc92 src/ASF/thirdparty/freertos/freertos-7.4.2/Source/timers.o
 .debug_info    0x0000e16c     0x2dcc src/ASF/sam0/drivers/sercom/sercom.o
 .debug_info    0x00010f38     0x2bc6 src/ASF/sam0/drivers/sercom/sercom_interrupt.o
 .debug_info    0x00013afe      0xa50 src/ASF/common2/boards/user_board/init.o
 .debug_info    0x0001454e      0xafb src/ASF/common/utils/interrupt/interrupt_sam_nvic.o
 .debug_info    0x00015049     0x37b3 src/ASF/sam0/drivers/system/clock/clock_samd21_r21_da_ha1/clock.o
 .debug_info    0x000187fc     0x1ec5 src/ASF/sam0/drivers/system/clock/clock_samd21_r21_da_ha1/gclk.o
 .debug_info    0x0001a6c1     0x13e9 src/ASF/sam0/drivers/system/pinmux/pinmux.o
 .debug_info    0x0001baaa      0xa67 src/ASF/sam0/drivers/system/system.o
 .debug_info    0x0001c511     0x3a49 src/ASF/sam0/utils/cmsis/samd21/source/gcc/startup_samd21.o
 .debug_info    0x0001ff5a     0x2ff1 src/I2C.o
 .debug_info    0x00022f4b     0x35c7 src/main.o

.debug_abbrev   0x00000000     0x39a7
 .debug_abbrev  0x00000000      0x4fb src/ASF/sam0/drivers/sercom/i2c/i2c_sam0/i2c_master.o
 .debug_abbrev  0x000004fb      0x427 src/ASF/sam0/drivers/sercom/i2c/i2c_sam0/i2c_master_interrupt.o
 .debug_abbrev  0x00000922      0x131 src/ASF/thirdparty/freertos/freertos-7.4.2/Source/portable/GCC/ARM_CM0/port.o
 .debug_abbrev  0x00000a53      0x240 src/ASF/thirdparty/freertos/freertos-7.4.2/Source/portable/MemMang/heap_1.o
 .debug_abbrev  0x00000c93      0x221 src/ASF/thirdparty/freertos/freertos-7.4.2/Source/list.o
 .debug_abbrev  0x00000eb4      0x336 src/ASF/thirdparty/freertos/freertos-7.4.2/Source/queue.o
 .debug_abbrev  0x000011ea      0x3a8 src/ASF/thirdparty/freertos/freertos-7.4.2/Source/tasks.o
 .debug_abbrev  0x00001592      0x29d src/ASF/thirdparty/freertos/freertos-7.4.2/Source/timers.o
 .debug_abbrev  0x0000182f      0x378 src/ASF/sam0/drivers/sercom/sercom.o
 .debug_abbrev  0x00001ba7      0x2d8 src/ASF/sam0/drivers/sercom/sercom_interrupt.o
 .debug_abbrev  0x00001e7f      0x1be src/ASF/common2/boards/user_board/init.o
 .debug_abbrev  0x0000203d      0x22c src/ASF/common/utils/interrupt/interrupt_sam_nvic.o
 .debug_abbrev  0x00002269      0x465 src/ASF/sam0/drivers/system/clock/clock_samd21_r21_da_ha1/clock.o
 .debug_abbrev  0x000026ce      0x3f1 src/ASF/sam0/drivers/system/clock/clock_samd21_r21_da_ha1/gclk.o
 .debug_abbrev  0x00002abf      0x37b src/ASF/sam0/drivers/system/pinmux/pinmux.o
 .debug_abbrev  0x00002e3a      0x1e1 src/ASF/sam0/drivers/system/system.o
 .debug_abbrev  0x0000301b      0x234 src/ASF/sam0/utils/cmsis/samd21/source/gcc/startup_samd21.o
 .debug_abbrev  0x0000324f      0x367 src/I2C.o
 .debug_abbrev  0x000035b6      0x3f1 src/main.o

.debug_loc      0x00000000     0x6afc
 .debug_loc     0x00000000      0xff8 src/ASF/sam0/drivers/sercom/i2c/i2c_sam0/i2c_master.o
 .debug_loc     0x00000ff8      0x7ec src/ASF/sam0/drivers/sercom/i2c/i2c_sam0/i2c_master_interrupt.o
 .debug_loc     0x000017e4       0xbd src/ASF/thirdparty/freertos/freertos-7.4.2/Source/portable/GCC/ARM_CM0/port.o
 .debug_loc     0x000018a1       0x7f src/ASF/thirdparty/freertos/freertos-7.4.2/Source/portable/MemMang/heap_1.o
 .debug_loc     0x00001920       0x9b src/ASF/thirdparty/freertos/freertos-7.4.2/Source/list.o
 .debug_loc     0x000019bb     0x139e src/ASF/thirdparty/freertos/freertos-7.4.2/Source/queue.o
 .debug_loc     0x00002d59     0x1014 src/ASF/thirdparty/freertos/freertos-7.4.2/Source/tasks.o
 .debug_loc     0x00003d6d      0x8d9 src/ASF/thirdparty/freertos/freertos-7.4.2/Source/timers.o
 .debug_loc     0x00004646      0x9d5 src/ASF/sam0/drivers/sercom/sercom.o
 .debug_loc     0x0000501b      0x161 src/ASF/sam0/drivers/sercom/sercom_interrupt.o
 .debug_loc     0x0000517c      0xef5 src/ASF/sam0/drivers/system/clock/clock_samd21_r21_da_ha1/clock.o
 .debug_loc     0x00006071      0x504 src/ASF/sam0/drivers/system/clock/clock_samd21_r21_da_ha1/gclk.o
 .debug_loc     0x00006575      0x36d src/ASF/sam0/drivers/system/pinmux/pinmux.o
 .debug_loc     0x000068e2       0x20 src/ASF/sam0/drivers/system/system.o
 .debug_loc     0x00006902       0x40 src/ASF/sam0/utils/cmsis/samd21/source/gcc/startup_samd21.o
 .debug_loc     0x00006942       0xd6 src/I2C.o
 .debug_loc     0x00006a18       0xe4 src/main.o

.debug_aranges  0x00000000      0x730
 .debug_aranges
                0x00000000       0xa0 src/ASF/sam0/drivers/sercom/i2c/i2c_sam0/i2c_master.o
 .debug_aranges
                0x000000a0       0x90 src/ASF/sam0/drivers/sercom/i2c/i2c_sam0/i2c_master_interrupt.o
 .debug_aranges
                0x00000130       0x70 src/ASF/thirdparty/freertos/freertos-7.4.2/Source/portable/GCC/ARM_CM0/port.o
 .debug_aranges
                0x000001a0       0x38 src/ASF/thirdparty/freertos/freertos-7.4.2/Source/portable/MemMang/heap_1.o
 .debug_aranges
                0x000001d8       0x40 src/ASF/thirdparty/freertos/freertos-7.4.2/Source/list.o
 .debug_aranges
                0x00000218       0xe0 src/ASF/thirdparty/freertos/freertos-7.4.2/Source/queue.o
 .debug_aranges
                0x000002f8      0x110 src/ASF/thirdparty/freertos/freertos-7.4.2/Source/tasks.o
 .debug_aranges
                0x00000408       0x60 src/ASF/thirdparty/freertos/freertos-7.4.2/Source/timers.o
 .debug_aranges
                0x00000468       0x48 src/ASF/sam0/drivers/sercom/sercom.o
 .debug_aranges
                0x000004b0       0x60 src/ASF/sam0/drivers/sercom/sercom_interrupt.o
 .debug_aranges
                0x00000510       0x20 src/ASF/common2/boards/user_board/init.o
 .debug_aranges
                0x00000530       0x28 src/ASF/common/utils/interrupt/interrupt_sam_nvic.o
 .debug_aranges
                0x00000558       0x78 src/ASF/sam0/drivers/system/clock/clock_samd21_r21_da_ha1/clock.o
 .debug_aranges
                0x000005d0       0x80 src/ASF/sam0/drivers/system/clock/clock_samd21_r21_da_ha1/gclk.o
 .debug_aranges
                0x00000650       0x40 src/ASF/sam0/drivers/system/pinmux/pinmux.o
 .debug_aranges
                0x00000690       0x28 src/ASF/sam0/drivers/system/system.o
 .debug_aranges
                0x000006b8       0x28 src/ASF/sam0/utils/cmsis/samd21/source/gcc/startup_samd21.o
 .debug_aranges
                0x000006e0       0x20 src/I2C.o
 .debug_aranges
                0x00000700       0x30 src/main.o

.debug_ranges   0x00000000      0x760
 .debug_ranges  0x00000000       0xa8 src/ASF/sam0/drivers/sercom/i2c/i2c_sam0/i2c_master.o
 .debug_ranges  0x000000a8       0x98 src/ASF/sam0/drivers/sercom/i2c/i2c_sam0/i2c_master_interrupt.o
 .debug_ranges  0x00000140       0x60 src/ASF/thirdparty/freertos/freertos-7.4.2/Source/portable/GCC/ARM_CM0/port.o
 .debug_ranges  0x000001a0       0x28 src/ASF/thirdparty/freertos/freertos-7.4.2/Source/portable/MemMang/heap_1.o
 .debug_ranges  0x000001c8       0x30 src/ASF/thirdparty/freertos/freertos-7.4.2/Source/list.o
 .debug_ranges  0x000001f8       0xd0 src/ASF/thirdparty/freertos/freertos-7.4.2/Source/queue.o
 .debug_ranges  0x000002c8      0x1a0 src/ASF/thirdparty/freertos/freertos-7.4.2/Source/tasks.o
 .debug_ranges  0x00000468       0xb0 src/ASF/thirdparty/freertos/freertos-7.4.2/Source/timers.o
 .debug_ranges  0x00000518       0x50 src/ASF/sam0/drivers/sercom/sercom.o
 .debug_ranges  0x00000568       0x50 src/ASF/sam0/drivers/sercom/sercom_interrupt.o
 .debug_ranges  0x000005b8       0x10 src/ASF/common2/boards/user_board/init.o
 .debug_ranges  0x000005c8       0x18 src/ASF/common/utils/interrupt/interrupt_sam_nvic.o
 .debug_ranges  0x000005e0       0x68 src/ASF/sam0/drivers/system/clock/clock_samd21_r21_da_ha1/clock.o
 .debug_ranges  0x00000648       0x88 src/ASF/sam0/drivers/system/clock/clock_samd21_r21_da_ha1/gclk.o
 .debug_ranges  0x000006d0       0x30 src/ASF/sam0/drivers/system/pinmux/pinmux.o
 .debug_ranges  0x00000700       0x18 src/ASF/sam0/drivers/system/system.o
 .debug_ranges  0x00000718       0x18 src/ASF/sam0/utils/cmsis/samd21/source/gcc/startup_samd21.o
 .debug_ranges  0x00000730       0x10 src/I2C.o
 .debug_ranges  0x00000740       0x20 src/main.o

.debug_macro    0x00000000    0x19589
 .debug_macro   0x00000000      0x5ad src/ASF/sam0/drivers/sercom/i2c/i2c_sam0/i2c_master.o
 .debug_macro   0x000005ad      0x8b0 src/ASF/sam0/drivers/sercom/i2c/i2c_sam0/i2c_master.o
 .debug_macro   0x00000e5d      0x16d src/ASF/sam0/drivers/sercom/i2c/i2c_sam0/i2c_master.o
 .debug_macro   0x00000fca      0x64b src/ASF/sam0/drivers/sercom/i2c/i2c_sam0/i2c_master.o
 .debug_macro   0x00001615       0x22 src/ASF/sam0/drivers/sercom/i2c/i2c_sam0/i2c_master.o
 .debug_macro   0x00001637       0x87 src/ASF/sam0/drivers/sercom/i2c/i2c_sam0/i2c_master.o
 .debug_macro   0x000016be       0x51 src/ASF/sam0/drivers/sercom/i2c/i2c_sam0/i2c_master.o
 .debug_macro   0x0000170f       0xef src/ASF/sam0/drivers/sercom/i2c/i2c_sam0/i2c_master.o
 .debug_macro   0x000017fe       0x6a src/ASF/sam0/drivers/sercom/i2c/i2c_sam0/i2c_master.o
 .debug_macro   0x00001868      0x1df src/ASF/sam0/drivers/sercom/i2c/i2c_sam0/i2c_master.o
 .debug_macro   0x00001a47       0x10 src/ASF/sam0/drivers/sercom/i2c/i2c_sam0/i2c_master.o
 .debug_macro   0x00001a57       0x76 src/ASF/sam0/drivers/sercom/i2c/i2c_sam0/i2c_master.o
 .debug_macro   0x00001acd       0x16 src/ASF/sam0/drivers/sercom/i2c/i2c_sam0/i2c_master.o
 .debug_macro   0x00001ae3      0x6e5 src/ASF/sam0/drivers/sercom/i2c/i2c_sam0/i2c_master.o
 .debug_macro   0x000021c8      0xde2 src/ASF/sam0/drivers/sercom/i2c/i2c_sam0/i2c_master.o
 .debug_macro   0x00002faa       0x22 src/ASF/sam0/drivers/sercom/i2c/i2c_sam0/i2c_master.o
 .debug_macro   0x00002fcc       0x40 src/ASF/sam0/drivers/sercom/i2c/i2c_sam0/i2c_master.o
 .debug_macro   0x0000300c       0x3a src/ASF/sam0/drivers/sercom/i2c/i2c_sam0/i2c_master.o
 .debug_macro   0x00003046       0x1f src/ASF/sam0/drivers/sercom/i2c/i2c_sam0/i2c_master.o
 .debug_macro   0x00003065      0x250 src/ASF/sam0/drivers/sercom/i2c/i2c_sam0/i2c_master.o
 .debug_macro   0x000032b5      0x682 src/ASF/sam0/drivers/sercom/i2c/i2c_sam0/i2c_master.o
 .debug_macro   0x00003937      0x8bf src/ASF/sam0/drivers/sercom/i2c/i2c_sam0/i2c_master.o
 .debug_macro   0x000041f6      0x235 src/ASF/sam0/drivers/sercom/i2c/i2c_sam0/i2c_master.o
 .debug_macro   0x0000442b      0xd6a src/ASF/sam0/drivers/sercom/i2c/i2c_sam0/i2c_master.o
 .debug_macro   0x00005195      0x4ce src/ASF/sam0/drivers/sercom/i2c/i2c_sam0/i2c_master.o
 .debug_macro   0x00005663      0x9f8 src/ASF/sam0/drivers/sercom/i2c/i2c_sam0/i2c_master.o
 .debug_macro   0x0000605b      0x82b src/ASF/sam0/drivers/sercom/i2c/i2c_sam0/i2c_master.o
 .debug_macro   0x00006886      0x45f src/ASF/sam0/drivers/sercom/i2c/i2c_sam0/i2c_master.o
 .debug_macro   0x00006ce5       0x5e src/ASF/sam0/drivers/sercom/i2c/i2c_sam0/i2c_master.o
 .debug_macro   0x00006d43      0x906 src/ASF/sam0/drivers/sercom/i2c/i2c_sam0/i2c_master.o
 .debug_macro   0x00007649      0x225 src/ASF/sam0/drivers/sercom/i2c/i2c_sam0/i2c_master.o
 .debug_macro   0x0000786e      0x963 src/ASF/sam0/drivers/sercom/i2c/i2c_sam0/i2c_master.o
 .debug_macro   0x000081d1       0x5e src/ASF/sam0/drivers/sercom/i2c/i2c_sam0/i2c_master.o
 .debug_macro   0x0000822f      0x671 src/ASF/sam0/drivers/sercom/i2c/i2c_sam0/i2c_master.o
 .debug_macro   0x000088a0      0x3af src/ASF/sam0/drivers/sercom/i2c/i2c_sam0/i2c_master.o
 .debug_macro   0x00008c4f      0xc7f src/ASF/sam0/drivers/sercom/i2c/i2c_sam0/i2c_master.o
 .debug_macro   0x000098ce     0x1092 src/ASF/sam0/drivers/sercom/i2c/i2c_sam0/i2c_master.o
 .debug_macro   0x0000a960      0xc4a src/ASF/sam0/drivers/sercom/i2c/i2c_sam0/i2c_master.o
 .debug_macro   0x0000b5aa      0x6bf src/ASF/sam0/drivers/sercom/i2c/i2c_sam0/i2c_master.o
 .debug_macro   0x0000bc69     0x1bc9 src/ASF/sam0/drivers/sercom/i2c/i2c_sam0/i2c_master.o
 .debug_macro   0x0000d832     0x144a src/ASF/sam0/drivers/sercom/i2c/i2c_sam0/i2c_master.o
 .debug_macro   0x0000ec7c      0x34e src/ASF/sam0/drivers/sercom/i2c/i2c_sam0/i2c_master.o
 .debug_macro   0x0000efca       0x7c src/ASF/sam0/drivers/sercom/i2c/i2c_sam0/i2c_master.o
 .debug_macro   0x0000f046       0xa0 src/ASF/sam0/drivers/sercom/i2c/i2c_sam0/i2c_master.o
 .debug_macro   0x0000f0e6       0x4c src/ASF/sam0/drivers/sercom/i2c/i2c_sam0/i2c_master.o
 .debug_macro   0x0000f132       0xca src/ASF/sam0/drivers/sercom/i2c/i2c_sam0/i2c_master.o
 .debug_macro   0x0000f1fc       0x94 src/ASF/sam0/drivers/sercom/i2c/i2c_sam0/i2c_master.o
 .debug_macro   0x0000f290       0x58 src/ASF/sam0/drivers/sercom/i2c/i2c_sam0/i2c_master.o
 .debug_macro   0x0000f2e8      0x387 src/ASF/sam0/drivers/sercom/i2c/i2c_sam0/i2c_master.o
 .debug_macro   0x0000f66f       0x82 src/ASF/sam0/drivers/sercom/i2c/i2c_sam0/i2c_master.o
 .debug_macro   0x0000f6f1      0x197 src/ASF/sam0/drivers/sercom/i2c/i2c_sam0/i2c_master.o
 .debug_macro   0x0000f888       0xb8 src/ASF/sam0/drivers/sercom/i2c/i2c_sam0/i2c_master.o
 .debug_macro   0x0000f940       0xa0 src/ASF/sam0/drivers/sercom/i2c/i2c_sam0/i2c_master.o
 .debug_macro   0x0000f9e0       0xb8 src/ASF/sam0/drivers/sercom/i2c/i2c_sam0/i2c_master.o
 .debug_macro   0x0000fa98       0x1c src/ASF/sam0/drivers/sercom/i2c/i2c_sam0/i2c_master.o
 .debug_macro   0x0000fab4       0x1c src/ASF/sam0/drivers/sercom/i2c/i2c_sam0/i2c_master.o
 .debug_macro   0x0000fad0       0x1c src/ASF/sam0/drivers/sercom/i2c/i2c_sam0/i2c_master.o
 .debug_macro   0x0000faec       0x82 src/ASF/sam0/drivers/sercom/i2c/i2c_sam0/i2c_master.o
 .debug_macro   0x0000fb6e      0x161 src/ASF/sam0/drivers/sercom/i2c/i2c_sam0/i2c_master.o
 .debug_macro   0x0000fccf       0xdc src/ASF/sam0/drivers/sercom/i2c/i2c_sam0/i2c_master.o
 .debug_macro   0x0000fdab      0x12f src/ASF/sam0/drivers/sercom/i2c/i2c_sam0/i2c_master.o
 .debug_macro   0x0000feda      0x12f src/ASF/sam0/drivers/sercom/i2c/i2c_sam0/i2c_master.o
 .debug_macro   0x00010009      0x12f src/ASF/sam0/drivers/sercom/i2c/i2c_sam0/i2c_master.o
 .debug_macro   0x00010138      0x12f src/ASF/sam0/drivers/sercom/i2c/i2c_sam0/i2c_master.o
 .debug_macro   0x00010267      0x12f src/ASF/sam0/drivers/sercom/i2c/i2c_sam0/i2c_master.o
 .debug_macro   0x00010396      0x12f src/ASF/sam0/drivers/sercom/i2c/i2c_sam0/i2c_master.o
 .debug_macro   0x000104c5      0x124 src/ASF/sam0/drivers/sercom/i2c/i2c_sam0/i2c_master.o
 .debug_macro   0x000105e9       0xe2 src/ASF/sam0/drivers/sercom/i2c/i2c_sam0/i2c_master.o
 .debug_macro   0x000106cb       0xe2 src/ASF/sam0/drivers/sercom/i2c/i2c_sam0/i2c_master.o
 .debug_macro   0x000107ad       0xe2 src/ASF/sam0/drivers/sercom/i2c/i2c_sam0/i2c_master.o
 .debug_macro   0x0001088f      0x133 src/ASF/sam0/drivers/sercom/i2c/i2c_sam0/i2c_master.o
 .debug_macro   0x000109c2      0x106 src/ASF/sam0/drivers/sercom/i2c/i2c_sam0/i2c_master.o
 .debug_macro   0x00010ac8       0xfa src/ASF/sam0/drivers/sercom/i2c/i2c_sam0/i2c_master.o
 .debug_macro   0x00010bc2      0x40f src/ASF/sam0/drivers/sercom/i2c/i2c_sam0/i2c_master.o
 .debug_macro   0x00010fd1       0x40 src/ASF/sam0/drivers/sercom/i2c/i2c_sam0/i2c_master.o
 .debug_macro   0x00011011      0x361 src/ASF/sam0/drivers/sercom/i2c/i2c_sam0/i2c_master.o
 .debug_macro   0x00011372     0x16ed src/ASF/sam0/drivers/sercom/i2c/i2c_sam0/i2c_master.o
 .debug_macro   0x00012a5f       0x6d src/ASF/sam0/drivers/sercom/i2c/i2c_sam0/i2c_master.o
 .debug_macro   0x00012acc       0x52 src/ASF/sam0/drivers/sercom/i2c/i2c_sam0/i2c_master.o
 .debug_macro   0x00012b1e       0x35 src/ASF/sam0/drivers/sercom/i2c/i2c_sam0/i2c_master.o
 .debug_macro   0x00012b53       0x9c src/ASF/sam0/drivers/sercom/i2c/i2c_sam0/i2c_master.o
 .debug_macro   0x00012bef       0x16 src/ASF/sam0/drivers/sercom/i2c/i2c_sam0/i2c_master.o
 .debug_macro   0x00012c05       0x35 src/ASF/sam0/drivers/sercom/i2c/i2c_sam0/i2c_master.o
 .debug_macro   0x00012c3a      0x330 src/ASF/sam0/drivers/sercom/i2c/i2c_sam0/i2c_master.o
 .debug_macro   0x00012f6a       0x10 src/ASF/sam0/drivers/sercom/i2c/i2c_sam0/i2c_master.o
 .debug_macro   0x00012f7a       0x52 src/ASF/sam0/drivers/sercom/i2c/i2c_sam0/i2c_master.o
 .debug_macro   0x00012fcc       0x1f src/ASF/sam0/drivers/sercom/i2c/i2c_sam0/i2c_master.o
 .debug_macro   0x00012feb       0x43 src/ASF/sam0/drivers/sercom/i2c/i2c_sam0/i2c_master.o
 .debug_macro   0x0001302e       0x20 src/ASF/sam0/drivers/sercom/i2c/i2c_sam0/i2c_master.o
 .debug_macro   0x0001304e      0x187 src/ASF/sam0/drivers/sercom/i2c/i2c_sam0/i2c_master.o
 .debug_macro   0x000131d5       0x10 src/ASF/sam0/drivers/sercom/i2c/i2c_sam0/i2c_master.o
 .debug_macro   0x000131e5       0x1c src/ASF/sam0/drivers/sercom/i2c/i2c_sam0/i2c_master.o
 .debug_macro   0x00013201       0x52 src/ASF/sam0/drivers/sercom/i2c/i2c_sam0/i2c_master.o
 .debug_macro   0x00013253       0x40 src/ASF/sam0/drivers/sercom/i2c/i2c_sam0/i2c_master.o
 .debug_macro   0x00013293       0x10 src/ASF/sam0/drivers/sercom/i2c/i2c_sam0/i2c_master.o
 .debug_macro   0x000132a3       0x40 src/ASF/sam0/drivers/sercom/i2c/i2c_sam0/i2c_master.o
 .debug_macro   0x000132e3       0xd7 src/ASF/sam0/drivers/sercom/i2c/i2c_sam0/i2c_master.o
 .debug_macro   0x000133ba       0x16 src/ASF/sam0/drivers/sercom/i2c/i2c_sam0/i2c_master.o
 .debug_macro   0x000133d0      0x18b src/ASF/sam0/drivers/sercom/i2c/i2c_sam0/i2c_master.o
 .debug_macro   0x0001355b       0x16 src/ASF/sam0/drivers/sercom/i2c/i2c_sam0/i2c_master.o
 .debug_macro   0x00013571       0x16 src/ASF/sam0/drivers/sercom/i2c/i2c_sam0/i2c_master.o
 .debug_macro   0x00013587       0x29 src/ASF/sam0/drivers/sercom/i2c/i2c_sam0/i2c_master.o
 .debug_macro   0x000135b0       0x51 src/ASF/sam0/drivers/sercom/i2c/i2c_sam0/i2c_master.o
 .debug_macro   0x00013601       0x3f src/ASF/sam0/drivers/sercom/i2c/i2c_sam0/i2c_master.o
 .debug_macro   0x00013640      0x3df src/ASF/sam0/drivers/sercom/i2c/i2c_sam0/i2c_master.o
 .debug_macro   0x00013a1f       0x11 src/ASF/sam0/drivers/sercom/i2c/i2c_sam0/i2c_master.o
 .debug_macro   0x00013a30       0x18 src/ASF/sam0/drivers/sercom/i2c/i2c_sam0/i2c_master.o
 .debug_macro   0x00013a48       0x16 src/ASF/sam0/drivers/sercom/i2c/i2c_sam0/i2c_master.o
 .debug_macro   0x00013a5e       0x2e src/ASF/sam0/drivers/sercom/i2c/i2c_sam0/i2c_master.o
 .debug_macro   0x00013a8c       0xb2 src/ASF/sam0/drivers/sercom/i2c/i2c_sam0/i2c_master.o
 .debug_macro   0x00013b3e       0x10 src/ASF/sam0/drivers/sercom/i2c/i2c_sam0/i2c_master.o
 .debug_macro   0x00013b4e       0x27 src/ASF/sam0/drivers/sercom/i2c/i2c_sam0/i2c_master.o
 .debug_macro   0x00013b75      0x5a9 src/ASF/sam0/drivers/sercom/i2c/i2c_sam0/i2c_master_interrupt.o
 .debug_macro   0x0001411e      0x122 src/ASF/thirdparty/freertos/freertos-7.4.2/Source/portable/GCC/ARM_CM0/port.o
 .debug_macro   0x00014240      0x1a0 src/ASF/thirdparty/freertos/freertos-7.4.2/Source/portable/MemMang/heap_1.o
 .debug_macro   0x000143e0       0x4c src/ASF/thirdparty/freertos/freertos-7.4.2/Source/portable/MemMang/heap_1.o
 .debug_macro   0x0001442c       0x8d src/ASF/thirdparty/freertos/freertos-7.4.2/Source/portable/MemMang/heap_1.o
 .debug_macro   0x000144b9      0x10e src/ASF/thirdparty/freertos/freertos-7.4.2/Source/portable/MemMang/heap_1.o
 .debug_macro   0x000145c7       0x86 src/ASF/thirdparty/freertos/freertos-7.4.2/Source/portable/MemMang/heap_1.o
 .debug_macro   0x0001464d       0x57 src/ASF/thirdparty/freertos/freertos-7.4.2/Source/portable/MemMang/heap_1.o
 .debug_macro   0x000146a4      0x17f src/ASF/thirdparty/freertos/freertos-7.4.2/Source/list.o
 .debug_macro   0x00014823      0x207 src/ASF/thirdparty/freertos/freertos-7.4.2/Source/queue.o
 .debug_macro   0x00014a2a       0x16 src/ASF/thirdparty/freertos/freertos-7.4.2/Source/queue.o
 .debug_macro   0x00014a40       0x9c src/ASF/thirdparty/freertos/freertos-7.4.2/Source/queue.o
 .debug_macro   0x00014adc      0x2ee src/ASF/thirdparty/freertos/freertos-7.4.2/Source/tasks.o
 .debug_macro   0x00014dca       0x97 src/ASF/thirdparty/freertos/freertos-7.4.2/Source/tasks.o
 .debug_macro   0x00014e61       0xf6 src/ASF/thirdparty/freertos/freertos-7.4.2/Source/tasks.o
 .debug_macro   0x00014f57       0x5b src/ASF/thirdparty/freertos/freertos-7.4.2/Source/tasks.o
 .debug_macro   0x00014fb2       0x16 src/ASF/thirdparty/freertos/freertos-7.4.2/Source/tasks.o
 .debug_macro   0x00014fc8      0x102 src/ASF/thirdparty/freertos/freertos-7.4.2/Source/timers.o
 .debug_macro   0x000150ca      0x58b src/ASF/sam0/drivers/sercom/sercom.o
 .debug_macro   0x00015655      0x588 src/ASF/sam0/drivers/sercom/sercom_interrupt.o
 .debug_macro   0x00015bdd      0x6b5 src/ASF/common2/boards/user_board/init.o
 .debug_macro   0x00016292      0x118 src/ASF/common2/boards/user_board/init.o
 .debug_macro   0x000163aa       0x43 src/ASF/common2/boards/user_board/init.o
 .debug_macro   0x000163ed       0x78 src/ASF/common2/boards/user_board/init.o
 .debug_macro   0x00016465       0x5d src/ASF/common2/boards/user_board/init.o
 .debug_macro   0x000164c2      0x2c6 src/ASF/common2/boards/user_board/init.o
 .debug_macro   0x00016788       0x82 src/ASF/common2/boards/user_board/init.o
 .debug_macro   0x0001680a       0x2d src/ASF/common2/boards/user_board/init.o
 .debug_macro   0x00016837      0x4fe src/ASF/common/utils/interrupt/interrupt_sam_nvic.o
 .debug_macro   0x00016d35      0x56f src/ASF/sam0/drivers/system/clock/clock_samd21_r21_da_ha1/clock.o
 .debug_macro   0x000172a4      0x29d src/ASF/sam0/drivers/system/clock/clock_samd21_r21_da_ha1/clock.o
 .debug_macro   0x00017541      0x534 src/ASF/sam0/drivers/system/clock/clock_samd21_r21_da_ha1/gclk.o
 .debug_macro   0x00017a75      0x50e src/ASF/sam0/drivers/system/pinmux/pinmux.o
 .debug_macro   0x00017f83       0x12 src/ASF/sam0/drivers/system/pinmux/pinmux.o
 .debug_macro   0x00017f95      0x541 src/ASF/sam0/drivers/system/system.o
 .debug_macro   0x000184d6      0x2e5 src/ASF/sam0/utils/cmsis/samd21/source/gcc/startup_samd21.o
 .debug_macro   0x000187bb       0x3a src/ASF/sam0/utils/cmsis/samd21/source/gcc/startup_samd21.o
 .debug_macro   0x000187f5      0x6b9 src/I2C.o
 .debug_macro   0x00018eae       0x1c src/I2C.o
 .debug_macro   0x00018eca      0x6bf src/main.o

.debug_line     0x00000000     0xbbd0
 .debug_line    0x00000000      0xe49 src/ASF/sam0/drivers/sercom/i2c/i2c_sam0/i2c_master.o
 .debug_line    0x00000e49      0xdc5 src/ASF/sam0/drivers/sercom/i2c/i2c_sam0/i2c_master_interrupt.o
 .debug_line    0x00001c0e      0x430 src/ASF/thirdparty/freertos/freertos-7.4.2/Source/portable/GCC/ARM_CM0/port.o
 .debug_line    0x0000203e      0x484 src/ASF/thirdparty/freertos/freertos-7.4.2/Source/portable/MemMang/heap_1.o
 .debug_line    0x000024c2      0x470 src/ASF/thirdparty/freertos/freertos-7.4.2/Source/list.o
 .debug_line    0x00002932      0x88d src/ASF/thirdparty/freertos/freertos-7.4.2/Source/queue.o
 .debug_line    0x000031bf      0xa93 src/ASF/thirdparty/freertos/freertos-7.4.2/Source/tasks.o
 .debug_line    0x00003c52      0x4f0 src/ASF/thirdparty/freertos/freertos-7.4.2/Source/timers.o
 .debug_line    0x00004142      0xbcc src/ASF/sam0/drivers/sercom/sercom.o
 .debug_line    0x00004d0e      0xb6f src/ASF/sam0/drivers/sercom/sercom_interrupt.o
 .debug_line    0x0000587d      0xd45 src/ASF/common2/boards/user_board/init.o
 .debug_line    0x000065c2      0x8c6 src/ASF/common/utils/interrupt/interrupt_sam_nvic.o
 .debug_line    0x00006e88      0xc47 src/ASF/sam0/drivers/system/clock/clock_samd21_r21_da_ha1/clock.o
 .debug_line    0x00007acf      0xc6e src/ASF/sam0/drivers/system/clock/clock_samd21_r21_da_ha1/gclk.o
 .debug_line    0x0000873d      0x93f src/ASF/sam0/drivers/system/pinmux/pinmux.o
 .debug_line    0x0000907c      0x9e9 src/ASF/sam0/drivers/system/system.o
 .debug_line    0x00009a65      0x644 src/ASF/sam0/utils/cmsis/samd21/source/gcc/startup_samd21.o
 .debug_line    0x0000a0a9      0xd93 src/I2C.o
 .debug_line    0x0000ae3c      0xd94 src/main.o

.debug_str      0x00000000    0x8b878
 .debug_str     0x00000000    0x80d42 src/ASF/sam0/drivers/sercom/i2c/i2c_sam0/i2c_master.o
                              0x817a1 (size before relaxing)
 .debug_str     0x00080d42      0x264 src/ASF/sam0/drivers/sercom/i2c/i2c_sam0/i2c_master_interrupt.o
                              0x80779 (size before relaxing)
 .debug_str     0x00080fa6     0x216a src/ASF/thirdparty/freertos/freertos-7.4.2/Source/portable/GCC/ARM_CM0/port.o
                               0x58aa (size before relaxing)
 .debug_str     0x00083110      0x17a src/ASF/thirdparty/freertos/freertos-7.4.2/Source/portable/MemMang/heap_1.o
                               0x8256 (size before relaxing)
 .debug_str     0x0008328a      0x153 src/ASF/thirdparty/freertos/freertos-7.4.2/Source/list.o
                               0x7f1a (size before relaxing)
 .debug_str     0x000833dd     0x10b2 src/ASF/thirdparty/freertos/freertos-7.4.2/Source/queue.o
                               0x9353 (size before relaxing)
 .debug_str     0x0008448f     0x1264 src/ASF/thirdparty/freertos/freertos-7.4.2/Source/tasks.o
                               0xa844 (size before relaxing)
 .debug_str     0x000856f3      0x36d src/ASF/thirdparty/freertos/freertos-7.4.2/Source/timers.o
                               0x68d1 (size before relaxing)
 .debug_str     0x00085a60      0x4c7 src/ASF/sam0/drivers/sercom/sercom.o
                              0x80838 (size before relaxing)
 .debug_str     0x00085f27      0x158 src/ASF/sam0/drivers/sercom/sercom_interrupt.o
                              0x8069b (size before relaxing)
 .debug_str     0x0008607f     0x1840 src/ASF/common2/boards/user_board/init.o
                              0x83da4 (size before relaxing)
 .debug_str     0x000878bf       0x66 src/ASF/common/utils/interrupt/interrupt_sam_nvic.o
                              0x7f157 (size before relaxing)
 .debug_str     0x00087925     0x279e src/ASF/sam0/drivers/system/clock/clock_samd21_r21_da_ha1/clock.o
                              0x822f0 (size before relaxing)
 .debug_str     0x0008a0c3      0x1fa src/ASF/sam0/drivers/system/clock/clock_samd21_r21_da_ha1/gclk.o
                              0x7fe1a (size before relaxing)
 .debug_str     0x0008a2bd      0x33b src/ASF/sam0/drivers/system/pinmux/pinmux.o
                              0x7f5f9 (size before relaxing)
 .debug_str     0x0008a5f8       0x47 src/ASF/sam0/drivers/system/system.o
                              0x7f234 (size before relaxing)
 .debug_str     0x0008a63f      0xf28 src/ASF/sam0/utils/cmsis/samd21/source/gcc/startup_samd21.o
                              0x6b2be (size before relaxing)
 .debug_str     0x0008b567      0x1a7 src/I2C.o
                              0x85116 (size before relaxing)
 .debug_str     0x0008b70e      0x16a src/main.o
                              0x84e17 (size before relaxing)

.debug_frame    0x00000000     0x13f4
 .debug_frame   0x00000000      0x1f0 src/ASF/sam0/drivers/sercom/i2c/i2c_sam0/i2c_master.o
 .debug_frame   0x000001f0      0x170 src/ASF/sam0/drivers/sercom/i2c/i2c_sam0/i2c_master_interrupt.o
 .debug_frame   0x00000360       0xd8 src/ASF/thirdparty/freertos/freertos-7.4.2/Source/portable/GCC/ARM_CM0/port.o
 .debug_frame   0x00000438       0x5c src/ASF/thirdparty/freertos/freertos-7.4.2/Source/portable/MemMang/heap_1.o
 .debug_frame   0x00000494       0x68 src/ASF/thirdparty/freertos/freertos-7.4.2/Source/list.o
 .debug_frame   0x000004fc      0x2ac src/ASF/thirdparty/freertos/freertos-7.4.2/Source/queue.o
 .debug_frame   0x000007a8      0x320 src/ASF/thirdparty/freertos/freertos-7.4.2/Source/tasks.o
 .debug_frame   0x00000ac8      0x114 src/ASF/thirdparty/freertos/freertos-7.4.2/Source/timers.o
 .debug_frame   0x00000bdc       0xbc src/ASF/sam0/drivers/sercom/sercom.o
 .debug_frame   0x00000c98       0xe8 src/ASF/sam0/drivers/sercom/sercom_interrupt.o
 .debug_frame   0x00000d80       0x20 src/ASF/common2/boards/user_board/init.o
 .debug_frame   0x00000da0       0x30 src/ASF/common/utils/interrupt/interrupt_sam_nvic.o
 .debug_frame   0x00000dd0      0x14c src/ASF/sam0/drivers/system/clock/clock_samd21_r21_da_ha1/clock.o
 .debug_frame   0x00000f1c      0x148 src/ASF/sam0/drivers/system/clock/clock_samd21_r21_da_ha1/gclk.o
 .debug_frame   0x00001064       0x98 src/ASF/sam0/drivers/system/pinmux/pinmux.o
 .debug_frame   0x000010fc       0x38 src/ASF/sam0/drivers/system/system.o
 .debug_frame   0x00001134       0x40 src/ASF/sam0/utils/cmsis/samd21/source/gcc/startup_samd21.o
 .debug_frame   0x00001174       0x2c src/I2C.o
 .debug_frame   0x000011a0       0x54 src/main.o
 .debug_frame   0x000011f4       0x20 c:/program files (x86)/atmel/studio/7.0/toolchain/arm/arm-gnu-toolchain/bin/../lib/gcc/arm-none-eabi/6.2.1/thumb/v6-m\libgcc.a(_udivsi3.o)
 .debug_frame   0x00001214       0x3c c:/program files (x86)/atmel/studio/7.0/toolchain/arm/arm-gnu-toolchain/bin/../lib/gcc/arm-none-eabi/6.2.1/thumb/v6-m\libgcc.a(adddf3.o)
 .debug_frame   0x00001250       0x3c c:/program files (x86)/atmel/studio/7.0/toolchain/arm/arm-gnu-toolchain/bin/../lib/gcc/arm-none-eabi/6.2.1/thumb/v6-m\libgcc.a(divdf3.o)
 .debug_frame   0x0000128c       0x3c c:/program files (x86)/atmel/studio/7.0/toolchain/arm/arm-gnu-toolchain/bin/../lib/gcc/arm-none-eabi/6.2.1/thumb/v6-m\libgcc.a(muldf3.o)
 .debug_frame   0x000012c8       0x38 c:/program files (x86)/atmel/studio/7.0/toolchain/arm/arm-gnu-toolchain/bin/../lib/gcc/arm-none-eabi/6.2.1/thumb/v6-m\libgcc.a(subdf3.o)
 .debug_frame   0x00001300       0x2c c:/program files (x86)/atmel/studio/7.0/toolchain/arm/arm-gnu-toolchain/bin/../lib/gcc/arm-none-eabi/6.2.1/thumb/v6-m\libgcc.a(fixdfsi.o)
 .debug_frame   0x0000132c       0x28 c:/program files (x86)/atmel/studio/7.0/toolchain/arm/arm-gnu-toolchain/bin/../lib/gcc/arm-none-eabi/6.2.1/thumb/v6-m\libgcc.a(floatunsidf.o)
 .debug_frame   0x00001354       0x2c c:/program files (x86)/atmel/studio/7.0/toolchain/arm/arm-gnu-toolchain/bin/../lib/gcc/arm-none-eabi/6.2.1/../../../../arm-none-eabi/lib/thumb/v6-m\libc_nano.a(lib_a-init.o)
 .debug_frame   0x00001380       0x28 c:/program files (x86)/atmel/studio/7.0/toolchain/arm/arm-gnu-toolchain/bin/../lib/gcc/arm-none-eabi/6.2.1/../../../../arm-none-eabi/lib/thumb/v6-m\libc_nano.a(lib_a-memcpy-stub.o)
 .debug_frame   0x000013a8       0x20 c:/program files (x86)/atmel/studio/7.0/toolchain/arm/arm-gnu-toolchain/bin/../lib/gcc/arm-none-eabi/6.2.1/../../../../arm-none-eabi/lib/thumb/v6-m\libc_nano.a(lib_a-memset.o)
 .debug_frame   0x000013c8       0x2c c:/program files (x86)/atmel/studio/7.0/toolchain/arm/arm-gnu-toolchain/bin/../lib/gcc/arm-none-eabi/6.2.1/../../../../arm-none-eabi/lib/thumb/v6-m\libc_nano.a(lib_a-strncpy.o)
