Archive member included to satisfy reference by file (symbol)

c:/program files (x86)/atmel/studio/7.0/toolchain/arm/arm-gnu-toolchain/bin/../lib/gcc/arm-none-eabi/6.3.1/thumb/v6-m\libgcc.a(_udivsi3.o)
                              src/ASF/common2/services/delay/sam0/systick_counter.o (__aeabi_uidiv)
c:/program files (x86)/atmel/studio/7.0/toolchain/arm/arm-gnu-toolchain/bin/../lib/gcc/arm-none-eabi/6.3.1/thumb/v6-m\libgcc.a(_dvmd_tls.o)
                              c:/program files (x86)/atmel/studio/7.0/toolchain/arm/arm-gnu-toolchain/bin/../lib/gcc/arm-none-eabi/6.3.1/thumb/v6-m\libgcc.a(_udivsi3.o) (__aeabi_idiv0)
c:/program files (x86)/atmel/studio/7.0/toolchain/arm/arm-gnu-toolchain/bin/../lib/gcc/arm-none-eabi/6.3.1/thumb/v6-m\libgcc.a(_arm_cmpdf2.o)
                              src/BMP280_Driver/bmp280.o (__aeabi_dcmpeq)
c:/program files (x86)/atmel/studio/7.0/toolchain/arm/arm-gnu-toolchain/bin/../lib/gcc/arm-none-eabi/6.3.1/thumb/v6-m\libgcc.a(_aeabi_ldivmod.o)
                              src/BMP280_Driver/bmp280.o (__aeabi_ldivmod)
c:/program files (x86)/atmel/studio/7.0/toolchain/arm/arm-gnu-toolchain/bin/../lib/gcc/arm-none-eabi/6.3.1/thumb/v6-m\libgcc.a(_muldi3.o)
                              src/BMP280_Driver/bmp280.o (__aeabi_lmul)
c:/program files (x86)/atmel/studio/7.0/toolchain/arm/arm-gnu-toolchain/bin/../lib/gcc/arm-none-eabi/6.3.1/thumb/v6-m\libgcc.a(bpabi.o)
                              c:/program files (x86)/atmel/studio/7.0/toolchain/arm/arm-gnu-toolchain/bin/../lib/gcc/arm-none-eabi/6.3.1/thumb/v6-m\libgcc.a(_aeabi_ldivmod.o) (__gnu_ldivmod_helper)
c:/program files (x86)/atmel/studio/7.0/toolchain/arm/arm-gnu-toolchain/bin/../lib/gcc/arm-none-eabi/6.3.1/thumb/v6-m\libgcc.a(adddf3.o)
                              src/ASF/sam0/drivers/sercom/i2c/i2c_sam0/i2c_master.o (__aeabi_dadd)
c:/program files (x86)/atmel/studio/7.0/toolchain/arm/arm-gnu-toolchain/bin/../lib/gcc/arm-none-eabi/6.3.1/thumb/v6-m\libgcc.a(divdf3.o)
                              src/ASF/sam0/drivers/sercom/i2c/i2c_sam0/i2c_master.o (__aeabi_ddiv)
c:/program files (x86)/atmel/studio/7.0/toolchain/arm/arm-gnu-toolchain/bin/../lib/gcc/arm-none-eabi/6.3.1/thumb/v6-m\libgcc.a(eqdf2.o)
                              c:/program files (x86)/atmel/studio/7.0/toolchain/arm/arm-gnu-toolchain/bin/../lib/gcc/arm-none-eabi/6.3.1/thumb/v6-m\libgcc.a(_arm_cmpdf2.o) (__eqdf2)
c:/program files (x86)/atmel/studio/7.0/toolchain/arm/arm-gnu-toolchain/bin/../lib/gcc/arm-none-eabi/6.3.1/thumb/v6-m\libgcc.a(gedf2.o)
                              c:/program files (x86)/atmel/studio/7.0/toolchain/arm/arm-gnu-toolchain/bin/../lib/gcc/arm-none-eabi/6.3.1/thumb/v6-m\libgcc.a(_arm_cmpdf2.o) (__gedf2)
c:/program files (x86)/atmel/studio/7.0/toolchain/arm/arm-gnu-toolchain/bin/../lib/gcc/arm-none-eabi/6.3.1/thumb/v6-m\libgcc.a(ledf2.o)
                              c:/program files (x86)/atmel/studio/7.0/toolchain/arm/arm-gnu-toolchain/bin/../lib/gcc/arm-none-eabi/6.3.1/thumb/v6-m\libgcc.a(_arm_cmpdf2.o) (__ledf2)
c:/program files (x86)/atmel/studio/7.0/toolchain/arm/arm-gnu-toolchain/bin/../lib/gcc/arm-none-eabi/6.3.1/thumb/v6-m\libgcc.a(muldf3.o)
                              src/ASF/sam0/drivers/sercom/i2c/i2c_sam0/i2c_master.o (__aeabi_dmul)
c:/program files (x86)/atmel/studio/7.0/toolchain/arm/arm-gnu-toolchain/bin/../lib/gcc/arm-none-eabi/6.3.1/thumb/v6-m\libgcc.a(subdf3.o)
                              src/ASF/sam0/drivers/sercom/i2c/i2c_sam0/i2c_master.o (__aeabi_dsub)
c:/program files (x86)/atmel/studio/7.0/toolchain/arm/arm-gnu-toolchain/bin/../lib/gcc/arm-none-eabi/6.3.1/thumb/v6-m\libgcc.a(fixdfsi.o)
                              src/ASF/sam0/drivers/sercom/i2c/i2c_sam0/i2c_master.o (__aeabi_d2iz)
c:/program files (x86)/atmel/studio/7.0/toolchain/arm/arm-gnu-toolchain/bin/../lib/gcc/arm-none-eabi/6.3.1/thumb/v6-m\libgcc.a(floatsidf.o)
                              src/BMP280_Driver/bmp280.o (__aeabi_i2d)
c:/program files (x86)/atmel/studio/7.0/toolchain/arm/arm-gnu-toolchain/bin/../lib/gcc/arm-none-eabi/6.3.1/thumb/v6-m\libgcc.a(floatunsidf.o)
                              src/ASF/sam0/drivers/sercom/i2c/i2c_sam0/i2c_master.o (__aeabi_ui2d)
c:/program files (x86)/atmel/studio/7.0/toolchain/arm/arm-gnu-toolchain/bin/../lib/gcc/arm-none-eabi/6.3.1/thumb/v6-m\libgcc.a(_clzsi2.o)
                              c:/program files (x86)/atmel/studio/7.0/toolchain/arm/arm-gnu-toolchain/bin/../lib/gcc/arm-none-eabi/6.3.1/thumb/v6-m\libgcc.a(adddf3.o) (__clzsi2)
c:/program files (x86)/atmel/studio/7.0/toolchain/arm/arm-gnu-toolchain/bin/../lib/gcc/arm-none-eabi/6.3.1/thumb/v6-m\libgcc.a(_divdi3.o)
                              c:/program files (x86)/atmel/studio/7.0/toolchain/arm/arm-gnu-toolchain/bin/../lib/gcc/arm-none-eabi/6.3.1/thumb/v6-m\libgcc.a(bpabi.o) (__divdi3)
c:/program files (x86)/atmel/studio/7.0/toolchain/arm/arm-gnu-toolchain/bin/../lib/gcc/arm-none-eabi/6.3.1/thumb/v6-m\libgcc.a(_clzdi2.o)
[...]
Memory Configuration

Name             Origin             Length             Attributes
rom              0x00000000         0x00040000         xr
ram              0x20000000         0x00008000         xrw
*default*        0x00000000         0xffffffff

Linker script and memory map

LOAD c:/program files (x86)/atmel/studio/7.0/toolchain/arm/arm-gnu-toolchain/bin/../lib/gcc/arm-none-eabi/6.3.1/thumb/v6-m/crti.o
LOAD c:/program files (x86)/atmel/studio/7.0/toolchain/arm/arm-gnu-toolchain/bin/../lib/gcc/arm-none-eabi/6.3.1/thumb/v6-m/crtbegin.o
LOAD c:/program files (x86)/atmel/studio/7.0/toolchain/arm/arm-gnu-toolchain/bin/../lib/gcc/arm-none-eabi/6.3.1/../../../../arm-none-eabi/lib/thumb/v6-m/crt0.o
LOAD src/ASF/common2/services/delay/sam0/systick_counter.o
LOAD src/ASF/sam0/drivers/sercom/i2c/i2c_sam0/i2c_master.o
LOAD src/ASF/sam0/drivers/sercom/i2c/i2c_sam0/i2c_master_interrupt.o
LOAD src/ASF/thirdparty/freertos/freertos-7.4.2/Source/croutine.o
LOAD src/ASF/thirdparty/freertos/freertos-7.4.2/Source/portable/GCC/ARM_CM0/port.o
LOAD src/ASF/thirdparty/freertos/freertos-7.4.2/Source/portable/MemMang/heap_1.o
LOAD src/BMP280_Driver/bmp280.o
LOAD src/PressureTemperature.o
LOAD src/ASF/thirdparty/freertos/freertos-7.4.2/Source/list.o
LOAD src/ASF/thirdparty/freertos/freertos-7.4.2/Source/queue.o
LOAD src/ASF/thirdparty/freertos/freertos-7.4.2/Source/tasks.o
LOAD src/ASF/thirdparty/freertos/freertos-7.4.2/Source/timers.o
LOAD src/ASF/sam0/drivers/sercom/sercom.o
LOAD src/ASF/sam0/drivers/sercom/sercom_interrupt.o
LOAD src/ASF/common2/boards/user_board/init.o
LOAD src/ASF/common/utils/interrupt/interrupt_sam_nvic.o
LOAD src/ASF/sam0/drivers/system/clock/clock_samd21_r21_da_ha1/clock.o
LOAD src/ASF/sam0/drivers/system/clock/clock_samd21_r21_da_ha1/gclk.o
LOAD src/ASF/sam0/drivers/system/interrupt/system_interrupt.o
LOAD src/ASF/sam0/drivers/system/pinmux/pinmux.o
LOAD src/ASF/sam0/drivers/system/system.o
LOAD src/ASF/sam0/utils/cmsis/samd21/source/gcc/startup_samd21.o
LOAD src/ASF/sam0/utils/cmsis/samd21/source/system_samd21.o
LOAD src/ASF/sam0/utils/syscalls/gcc/syscalls.o
LOAD src/I2C.o
LOAD src/main.o
START GROUP
LOAD ../src/ASF/thirdparty/CMSIS/Lib/GCC\libarm_cortexM0l_math.a
LOAD c:/program files (x86)/atmel/studio/7.0/toolchain/arm/arm-gnu-toolchain/bin/../lib/gcc/arm-none-eabi/6.3.1/../../../../arm-none-eabi/lib/thumb/v6-m\libm.a
END GROUP
START GROUP
LOAD c:/program files (x86)/atmel/studio/7.0/toolchain/arm/arm-gnu-toolchain/bin/../lib/gcc/arm-none-eabi/6.3.1/thumb/v6-m\libgcc.a
LOAD c:/program files (x86)/atmel/studio/7.0/toolchain/arm/arm-gnu-toolchain/bin/../lib/gcc/arm-none-eabi/6.3.1/../../../../arm-none-eabi/lib/thumb/v6-m\libc_nano.a
END GROUP
START GROUP
LOAD c:/program files (x86)/atmel/studio/7.0/toolchain/arm/arm-gnu-toolchain/bin/../lib/gcc/arm-none-eabi/6.3.1/thumb/v6-m\libgcc.a
LOAD c:/program files (x86)/atmel/studio/7.0/toolchain/arm/arm-gnu-toolchain/bin/../lib/gcc/arm-none-eabi/6.3.1/../../../../arm-none-eabi/lib/thumb/v6-m\libc_nano.a
END GROUP
LOAD c:/program files (x86)/atmel/studio/7.0/toolchain/arm/arm-gnu-toolchain/bin/../lib/gcc/arm-none-eabi/6.3.1/thumb/v6-m/crtend.o
LOAD c:/program files (x86)/atmel/studio/7.0/toolchain/arm/arm-gnu-toolchain/bin/../lib/gcc/arm-none-eabi/6.3.1/thumb/v6-m/crtn.o
                0x00002000                STACK_SIZE = DEFINED (STACK_SIZE)?STACK_SIZE:DEFINED (__stack_size__)?__stack_size__:0x2000

.text           0x00000000     0x42ac
                0x00000000                . = ALIGN (0x4)
                0x00000000                _sfixed = .
 *(.vectors .vectors.*)
 .vectors       0x00000000       0xb4 src/ASF/sam0/utils/cmsis/samd21/source/gcc/startup_samd21.o
                0x00000000                exception_table
 *(.text .text.* .gnu.linkonce.t.*)
 .text          0x000000b4       0x60 c:/program files (x86)/atmel/studio/7.0/toolchain/arm/arm-gnu-toolchain/bin/../lib/gcc/arm-none-eabi/6.3.1/thumb/v6-m/crtbegin.o
 .text.delay_init
                0x00000114       0x40 src/ASF/common2/services/delay/sam0/systick_counter.o
                0x00000114                delay_init
 .text.delay_cycles_us
                0x00000154       0x2c src/ASF/common2/services/delay/sam0/systick_counter.o
                0x00000154                delay_cycles_us
 .text.delay_cycles_ms
                0x00000180       0x2c src/ASF/common2/services/delay/sam0/systick_counter.o
                0x00000180                delay_cycles_ms
 .text._i2c_master_wait_for_sync
                0x000001ac        0xc src/ASF/sam0/drivers/sercom/i2c/i2c_sam0/i2c_master.o
 .text.i2c_master_init
                0x000001b8      0x2f8 src/ASF/sam0/drivers/sercom/i2c/i2c_sam0/i2c_master.o
                0x000001b8                i2c_master_init
 .text._i2c_master_address_response
                0x000004b0       0x30 src/ASF/sam0/drivers/sercom/i2c/i2c_sam0/i2c_master.o
                0x000004b0                _i2c_master_address_response
 .text._i2c_master_wait_for_bus
                0x000004e0       0x2c src/ASF/sam0/drivers/sercom/i2c/i2c_sam0/i2c_master.o
                0x000004e0                _i2c_master_wait_for_bus
 .text._i2c_master_send_hs_master_code
                0x0000050c       0x20 src/ASF/sam0/drivers/sercom/i2c/i2c_sam0/i2c_master.o
                0x0000050c                _i2c_master_send_hs_master_code
 .text._i2c_master_read_packet
                0x0000052c      0x1a0 src/ASF/sam0/drivers/sercom/i2c/i2c_sam0/i2c_master.o
 .text._i2c_master_write_packet
                0x000006cc       0xf4 src/ASF/sam0/drivers/sercom/i2c/i2c_sam0/i2c_master.o
 .text.i2c_master_read_packet_wait
                0x000007c0       0x24 src/ASF/sam0/drivers/sercom/i2c/i2c_sam0/i2c_master.o
                0x000007c0                i2c_master_read_packet_wait
 .text.i2c_master_write_packet_wait
                0x000007e4       0x24 src/ASF/sam0/drivers/sercom/i2c/i2c_sam0/i2c_master.o
                0x000007e4                i2c_master_write_packet_wait
 .text._i2c_master_wait_for_sync
                0x00000808        0xc src/ASF/sam0/drivers/sercom/i2c/i2c_sam0/i2c_master_interrupt.o
 .text._i2c_master_read
                0x00000814       0x88 src/ASF/sam0/drivers/sercom/i2c/i2c_sam0/i2c_master_interrupt.o
 .text._i2c_master_write
                0x0000089c       0x3c src/ASF/sam0/drivers/sercom/i2c/i2c_sam0/i2c_master_interrupt.o
 .text._i2c_master_interrupt_handler
                0x000008d8      0x1ec src/ASF/sam0/drivers/sercom/i2c/i2c_sam0/i2c_master_interrupt.o
                0x000008d8                _i2c_master_interrupt_handler
 .text.SVC_Handler
                0x00000ac4       0x28 src/ASF/thirdparty/freertos/freertos-7.4.2/Source/portable/GCC/ARM_CM0/port.o
                0x00000ac4                SVC_Handler
 .text.PendSV_Handler
                0x00000aec       0x44 src/ASF/thirdparty/freertos/freertos-7.4.2/Source/portable/GCC/ARM_CM0/port.o
                0x00000aec                PendSV_Handler
 .text.SysTick_Handler
                0x00000b30       0x1c src/ASF/thirdparty/freertos/freertos-7.4.2/Source/portable/GCC/ARM_CM0/port.o
                0x00000b30                SysTick_Handler
 .text.null_ptr_check
                0x00000b4c       0x2c src/BMP280_Driver/bmp280.o
 .text.bmp280_get_regs
                0x00000b78       0x4c src/BMP280_Driver/bmp280.o
                0x00000b78                bmp280_get_regs
 .text.bmp280_set_regs
                0x00000bc4       0xa8 src/BMP280_Driver/bmp280.o
                0x00000bc4                bmp280_set_regs
 .text.bmp280_soft_reset
                0x00000c6c       0x44 src/BMP280_Driver/bmp280.o
                0x00000c6c                bmp280_soft_reset
 .text.conf_sensor
                0x00000cb0       0xe8 src/BMP280_Driver/bmp280.o
 .text.bmp280_init
                0x00000d98      0x138 src/BMP280_Driver/bmp280.o
                0x00000d98                bmp280_init
 .text.bmp280_get_config
                0x00000ed0       0x7c src/BMP280_Driver/bmp280.o
                0x00000ed0                bmp280_get_config
 .text.bmp280_set_config
                0x00000f4c       0x14 src/BMP280_Driver/bmp280.o
                0x00000f4c                bmp280_set_config
 .text.bmp280_set_power_mode
                0x00000f60       0x28 src/BMP280_Driver/bmp280.o
                0x00000f60                bmp280_set_power_mode
 .text.bmp280_get_uncomp_data
                0x00000f88       0x78 src/BMP280_Driver/bmp280.o
                0x00000f88                bmp280_get_uncomp_data
 .text.bmp280_comp_temp_32bit
                0x00001000       0x48 src/BMP280_Driver/bmp280.o
                0x00001000                bmp280_comp_temp_32bit
 .text.bmp280_comp_pres_32bit
                0x00001048       0xc0 src/BMP280_Driver/bmp280.o
                0x00001048                bmp280_comp_pres_32bit
 .text.bmp280_comp_pres_64bit
                0x00001108      0x18c src/BMP280_Driver/bmp280.o
                0x00001108                bmp280_comp_pres_64bit
 .text.bmp280_comp_temp_double
                0x00001294      0x10c src/BMP280_Driver/bmp280.o
                0x00001294                bmp280_comp_temp_double
 .text.bmp280_comp_pres_double
                0x000013a0      0x1fc src/BMP280_Driver/bmp280.o
                0x000013a0                bmp280_comp_pres_double
 .text.bmp280_compute_meas_time
                0x0000159c       0x58 src/BMP280_Driver/bmp280.o
                0x0000159c                bmp280_compute_meas_time
 .text.BMP_Delay_MS
                0x000015f4       0x1c src/PressureTemperature.o
                0x000015f4                BMP_Delay_MS
 .text.BMP_280_Write
                0x00001610        0xc src/PressureTemperature.o
                0x00001610                BMP_280_Write
 .text.BMP_280_Read
                0x0000161c       0x30 src/PressureTemperature.o
                0x0000161c                BMP_280_Read
 .text.InitBMP280
                0x0000164c       0x34 src/PressureTemperature.o
                0x0000164c                InitBMP280
 .text.ConfigureBMP280
                0x00001680       0x50 src/PressureTemperature.o
                0x00001680                ConfigureBMP280
 .text.BMP280_ReadCompPresTemp
                0x000016d0       0xa8 src/PressureTemperature.o
                0x000016d0                BMP280_ReadCompPresTemp
 .text.vListInsertEnd
                0x00001778       0x1c src/ASF/thirdparty/freertos/freertos-7.4.2/Source/list.o
                0x00001778                vListInsertEnd
 .text.uxListRemove
                0x00001794       0x28 src/ASF/thirdparty/freertos/freertos-7.4.2/Source/list.o
                0x00001794                uxListRemove
 .text.vTaskIncrementTick
                0x000017bc      0x11c src/ASF/thirdparty/freertos/freertos-7.4.2/Source/tasks.o
                0x000017bc                vTaskIncrementTick
 .text.vTaskSwitchContext
                0x000018d8       0xa8 src/ASF/thirdparty/freertos/freertos-7.4.2/Source/tasks.o
                0x000018d8                vTaskSwitchContext
 .text.sercom_set_gclk_generator
                0x00001980       0x4c src/ASF/sam0/drivers/sercom/sercom.o
                0x00001980                sercom_set_gclk_generator
 .text._sercom_get_default_pad
                0x000019cc      0x178 src/ASF/sam0/drivers/sercom/sercom.o
                0x000019cc                _sercom_get_default_pad
 .text._sercom_get_sercom_inst_index
                0x00001b44       0x38 src/ASF/sam0/drivers/sercom/sercom.o
                0x00001b44                _sercom_get_sercom_inst_index
 .text._sercom_default_handler
                0x00001b7c        0x2 src/ASF/sam0/drivers/sercom/sercom_interrupt.o
 *fill*         0x00001b7e        0x2 
 .text._sercom_set_handler
                0x00001b80       0x3c src/ASF/sam0/drivers/sercom/sercom_interrupt.o
                0x00001b80                _sercom_set_handler
 .text._sercom_get_interrupt_vector
                0x00001bbc       0x30 src/ASF/sam0/drivers/sercom/sercom_interrupt.o
                0x00001bbc                _sercom_get_interrupt_vector
 .text.SERCOM0_Handler
                0x00001bec       0x10 src/ASF/sam0/drivers/sercom/sercom_interrupt.o
                0x00001bec                SERCOM0_Handler
 .text.SERCOM1_Handler
                0x00001bfc       0x10 src/ASF/sam0/drivers/sercom/sercom_interrupt.o
                0x00001bfc                SERCOM1_Handler
 .text.SERCOM2_Handler
                0x00001c0c       0x10 src/ASF/sam0/drivers/sercom/sercom_interrupt.o
                0x00001c0c                SERCOM2_Handler
 .text.SERCOM3_Handler
                0x00001c1c       0x10 src/ASF/sam0/drivers/sercom/sercom_interrupt.o
                0x00001c1c                SERCOM3_Handler
 .text.SERCOM4_Handler
                0x00001c2c       0x10 src/ASF/sam0/drivers/sercom/sercom_interrupt.o
                0x00001c2c                SERCOM4_Handler
 .text.SERCOM5_Handler
                0x00001c3c       0x10 src/ASF/sam0/drivers/sercom/sercom_interrupt.o
                0x00001c3c                SERCOM5_Handler
 .text.cpu_irq_enter_critical
                0x00001c4c       0x40 src/ASF/common/utils/interrupt/interrupt_sam_nvic.o
                0x00001c4c                cpu_irq_enter_critical
 .text.cpu_irq_leave_critical
                0x00001c8c       0x30 src/ASF/common/utils/interrupt/interrupt_sam_nvic.o
                0x00001c8c                cpu_irq_leave_critical
 .text.system_clock_source_get_hz
                0x00001cbc       0x90 src/ASF/sam0/drivers/system/clock/clock_samd21_r21_da_ha1/clock.o
                0x00001cbc                system_clock_source_get_hz
 .text.system_gclk_gen_get_hz
                0x00001d4c       0x8c src/ASF/sam0/drivers/system/clock/clock_samd21_r21_da_ha1/gclk.o
                0x00001d4c                system_gclk_gen_get_hz
 .text.system_gclk_chan_enable
                0x00001dd8       0x30 src/ASF/sam0/drivers/system/clock/clock_samd21_r21_da_ha1/gclk.o
                0x00001dd8                system_gclk_chan_enable
 .text.system_gclk_chan_disable
                0x00001e08       0x5c src/ASF/sam0/drivers/system/clock/clock_samd21_r21_da_ha1/gclk.o
                0x00001e08                system_gclk_chan_disable
 .text.system_gclk_chan_set_config
                0x00001e64       0x1c src/ASF/sam0/drivers/system/clock/clock_samd21_r21_da_ha1/gclk.o
                0x00001e64                system_gclk_chan_set_config
 .text.system_gclk_chan_get_hz
                0x00001e80       0x34 src/ASF/sam0/drivers/system/clock/clock_samd21_r21_da_ha1/gclk.o
                0x00001e80                system_gclk_chan_get_hz
 .text._system_pinmux_config
                0x00001eb4       0xa8 src/ASF/sam0/drivers/system/pinmux/pinmux.o
 .text.system_pinmux_pin_set_config
                0x00001f5c       0x30 src/ASF/sam0/drivers/system/pinmux/pinmux.o
                0x00001f5c                system_pinmux_pin_set_config
 .text.Dummy_Handler
                0x00001f8c        0x2 src/ASF/sam0/utils/cmsis/samd21/source/gcc/startup_samd21.o
                0x00001f8c                DMAC_Handler
                0x00001f8c                HardFault_Handler
                0x00001f8c                AC_Handler
                0x00001f8c                NMI_Handler
                0x00001f8c                ADC_Handler
                0x00001f8c                TCC1_Handler
                0x00001f8c                TCC0_Handler
                0x00001f8c                RTC_Handler
                0x00001f8c                EIC_Handler
                0x00001f8c                WDT_Handler
                0x00001f8c                TC4_Handler
                0x00001f8c                USB_Handler
                0x00001f8c                TC3_Handler
                0x00001f8c                Dummy_Handler
                0x00001f8c                PM_Handler
                0x00001f8c                TCC2_Handler
                0x00001f8c                EVSYS_Handler
                0x00001f8c                I2S_Handler
                0x00001f8c                NVMCTRL_Handler
                0x00001f8c                DAC_Handler
                0x00001f8c                PTC_Handler
                0x00001f8c                TC5_Handler
                0x00001f8c                SYSCTRL_Handler
 *fill*         0x00001f8e        0x2 
 .text.Reset_Handler
                0x00001f90       0xe4 src/ASF/sam0/utils/cmsis/samd21/source/gcc/startup_samd21.o
                0x00001f90                Reset_Handler
 .text.configure_i2c_master
                0x00002074       0xb4 src/I2C.o
                0x00002074                configure_i2c_master
 .text.I2C_Read
                0x00002128       0x30 src/I2C.o
                0x00002128                I2C_Read
 .text.I2C_Write
                0x00002158       0x30 src/I2C.o
                0x00002158                I2C_Write
 .text.main     0x00002188       0x54 src/main.o
                0x00002188                main
 .text          0x000021dc      0x114 c:/program files (x86)/atmel/studio/7.0/toolchain/arm/arm-gnu-toolchain/bin/../lib/gcc/arm-none-eabi/6.3.1/thumb/v6-m\libgcc.a(_udivsi3.o)
                0x000021dc                __aeabi_uidiv
                0x000021dc                __udivsi3
                0x000022e8                __aeabi_uidivmod
 .text          0x000022f0        0x4 c:/program files (x86)/atmel/studio/7.0/toolchain/arm/arm-gnu-toolchain/bin/../lib/gcc/arm-none-eabi/6.3.1/thumb/v6-m\libgcc.a(_dvmd_tls.o)
                0x000022f0                __aeabi_idiv0
                0x000022f0                __aeabi_ldiv0
 .text          0x000022f4       0x7c c:/program files (x86)/atmel/studio/7.0/toolchain/arm/arm-gnu-toolchain/bin/../lib/gcc/arm-none-eabi/6.3.1/thumb/v6-m\libgcc.a(_arm_cmpdf2.o)
                0x000022f4                __aeabi_cdrcmple
                0x00002304                __aeabi_cdcmple
                0x00002304                __aeabi_cdcmpeq
                0x00002314                __aeabi_dcmpeq
                0x00002320                __aeabi_dcmplt
                0x00002334                __aeabi_dcmple
                0x00002348                __aeabi_dcmpgt
                0x0000235c                __aeabi_dcmpge
 .text          0x00002370       0x48 c:/program files (x86)/atmel/studio/7.0/toolchain/arm/arm-gnu-toolchain/bin/../lib/gcc/arm-none-eabi/6.3.1/thumb/v6-m\libgcc.a(_aeabi_ldivmod.o)
                0x00002370                __aeabi_ldivmod
 .text          0x000023b8       0x54 c:/program files (x86)/atmel/studio/7.0/toolchain/arm/arm-gnu-toolchain/bin/../lib/gcc/arm-none-eabi/6.3.1/thumb/v6-m\libgcc.a(_muldi3.o)
                0x000023b8                __muldi3
                0x000023b8                __aeabi_lmul
 .text          0x0000240c       0x38 c:/program files (x86)/atmel/studio/7.0/toolchain/arm/arm-gnu-toolchain/bin/../lib/gcc/arm-none-eabi/6.3.1/thumb/v6-m\libgcc.a(bpabi.o)
                0x0000240c                __gnu_ldivmod_helper
 .text          0x00002444      0x620 c:/program files (x86)/atmel/studio/7.0/toolchain/arm/arm-gnu-toolchain/bin/../lib/gcc/arm-none-eabi/6.3.1/thumb/v6-m\libgcc.a(adddf3.o)
                0x00002444                __aeabi_dadd
 .text          0x00002a64      0x668 c:/program files (x86)/atmel/studio/7.0/toolchain/arm/arm-gnu-toolchain/bin/../lib/gcc/arm-none-eabi/6.3.1/thumb/v6-m\libgcc.a(divdf3.o)
                0x00002a64                __aeabi_ddiv
 .text          0x000030cc       0x74 c:/program files (x86)/atmel/studio/7.0/toolchain/arm/arm-gnu-toolchain/bin/../lib/gcc/arm-none-eabi/6.3.1/thumb/v6-m\libgcc.a(eqdf2.o)
                0x000030cc                __nedf2
                0x000030cc                __eqdf2
 .text          0x00003140       0xc8 c:/program files (x86)/atmel/studio/7.0/toolchain/arm/arm-gnu-toolchain/bin/../lib/gcc/arm-none-eabi/6.3.1/thumb/v6-m\libgcc.a(gedf2.o)
                0x00003140                __gedf2
                0x00003140                __gtdf2
 .text          0x00003208       0xc4 c:/program files (x86)/atmel/studio/7.0/toolchain/arm/arm-gnu-toolchain/bin/../lib/gcc/arm-none-eabi/6.3.1/thumb/v6-m\libgcc.a(ledf2.o)
                0x00003208                __ledf2
                0x00003208                __ltdf2
 .text          0x000032cc      0x500 c:/program files (x86)/atmel/studio/7.0/toolchain/arm/arm-gnu-toolchain/bin/../lib/gcc/arm-none-eabi/6.3.1/thumb/v6-m\libgcc.a(muldf3.o)
                0x000032cc                __aeabi_dmul
 .text          0x000037cc      0x62c c:/program files (x86)/atmel/studio/7.0/toolchain/arm/arm-gnu-toolchain/bin/../lib/gcc/arm-none-eabi/6.3.1/thumb/v6-m\libgcc.a(subdf3.o)
                0x000037cc                __aeabi_dsub
 .text          0x00003df8       0x68 c:/program files (x86)/atmel/studio/7.0/toolchain/arm/arm-gnu-toolchain/bin/../lib/gcc/arm-none-eabi/6.3.1/thumb/v6-m\libgcc.a(fixdfsi.o)
                0x00003df8                __aeabi_d2iz
 .text          0x00003e60       0x84 c:/program files (x86)/atmel/studio/7.0/toolchain/arm/arm-gnu-toolchain/bin/../lib/gcc/arm-none-eabi/6.3.1/thumb/v6-m\libgcc.a(floatsidf.o)
                0x00003e60                __aeabi_i2d
 .text          0x00003ee4       0x70 c:/program files (x86)/atmel/studio/7.0/toolchain/arm/arm-gnu-toolchain/bin/../lib/gcc/arm-none-eabi/6.3.1/thumb/v6-m\libgcc.a(floatunsidf.o)
                0x00003ee4                __aeabi_ui2d
 .text          0x00003f54       0x3c c:/program files (x86)/atmel/studio/7.0/toolchain/arm/arm-gnu-toolchain/bin/../lib/gcc/arm-none-eabi/6.3.1/thumb/v6-m\libgcc.a(_clzsi2.o)
                0x00003f54                __clzsi2
 .text          0x00003f90      0x1b8 c:/program files (x86)/atmel/studio/7.0/toolchain/arm/arm-gnu-toolchain/bin/../lib/gcc/arm-none-eabi/6.3.1/thumb/v6-m\libgcc.a(_divdi3.o)
                0x00003f90                __divdi3
 .text          0x00004148       0x18 c:/program files (x86)/atmel/studio/7.0/toolchain/arm/arm-gnu-toolchain/bin/../lib/gcc/arm-none-eabi/6.3.1/thumb/v6-m\libgcc.a(_clzdi2.o)
                0x00004148                __clzdi2
 .text.__libc_init_array
                0x00004160       0x48 c:/program files (x86)/atmel/studio/7.0/toolchain/arm/arm-gnu-toolchain/bin/../lib/gcc/arm-none-eabi/6.3.1/../../../../arm-none-eabi/lib/thumb/v6-m\libc_nano.a(lib_a-init.o)
                0x00004160                __libc_init_array
 .text.memcpy   0x000041a8       0x12 c:/program files (x86)/atmel/studio/7.0/toolchain/arm/arm-gnu-toolchain/bin/../lib/gcc/arm-none-eabi/6.3.1/../../../../arm-none-eabi/lib/thumb/v6-m\libc_nano.a(lib_a-memcpy-stub.o)
                0x000041a8                memcpy
 .text.memset   0x000041ba       0x10 c:/program files (x86)/atmel/studio/7.0/toolchain/arm/arm-gnu-toolchain/bin/../lib/gcc/arm-none-eabi/6.3.1/../../../../arm-none-eabi/lib/thumb/v6-m\libc_nano.a(lib_a-memset.o)
                0x000041ba                memset
 *(.glue_7t)
 .glue_7t       0x000041ca        0x0 linker stubs
 *(.glue_7)
 .glue_7        0x000041ca        0x0 linker stubs
 *(.rodata .rodata* .gnu.linkonce.r.*)
 *fill*         0x000041ca        0x2 
 .rodata        0x000041cc        0x2 src/BMP280_Driver/bmp280.o
 *fill*         0x000041ce        0x2 
 .rodata        0x000041d0       0x18 src/ASF/sam0/drivers/sercom/sercom.o
 .rodata.system_clock_source_get_hz
                0x000041e8       0x24 src/ASF/sam0/drivers/system/clock/clock_samd21_r21_da_ha1/clock.o
 .rodata        0x0000420c       0x40 c:/program files (x86)/atmel/studio/7.0/toolchain/arm/arm-gnu-toolchain/bin/../lib/gcc/arm-none-eabi/6.3.1/thumb/v6-m\libgcc.a(divdf3.o)
 .rodata        0x0000424c       0x40 c:/program files (x86)/atmel/studio/7.0/toolchain/arm/arm-gnu-toolchain/bin/../lib/gcc/arm-none-eabi/6.3.1/thumb/v6-m\libgcc.a(muldf3.o)
 *(.ARM.extab* .gnu.linkonce.armextab.*)
                0x0000428c                . = ALIGN (0x4)
 *(.init)
 .init          0x0000428c        0x4 c:/program files (x86)/atmel/studio/7.0/toolchain/arm/arm-gnu-toolchain/bin/../lib/gcc/arm-none-eabi/6.3.1/thumb/v6-m/crti.o
                0x0000428c                _init
 .init          0x00004290        0x8 c:/program files (x86)/atmel/studio/7.0/toolchain/arm/arm-gnu-toolchain/bin/../lib/gcc/arm-none-eabi/6.3.1/thumb/v6-m/crtn.o
                0x00004298                . = ALIGN (0x4)
                0x00004298                __preinit_array_start = .
 *(.preinit_array)
                0x00004298                __preinit_array_end = .
                0x00004298                . = ALIGN (0x4)
                0x00004298                __init_array_start = .
 *(SORT(.init_array.*))
 *(.init_array)
 .init_array    0x00004298        0x4 c:/program files (x86)/atmel/studio/7.0/toolchain/arm/arm-gnu-toolchain/bin/../lib/gcc/arm-none-eabi/6.3.1/thumb/v6-m/crtbegin.o
                0x0000429c                __init_array_end = .
                0x0000429c                . = ALIGN (0x4)
 *crtbegin.o(.ctors)
 *(EXCLUDE_FILE(*crtend.o) .ctors)
 *(SORT(.ctors.*))
 *crtend.o(.ctors)
                0x0000429c                . = ALIGN (0x4)
 *(.fini)
 .fini          0x0000429c        0x4 c:/program files (x86)/atmel/studio/7.0/toolchain/arm/arm-gnu-toolchain/bin/../lib/gcc/arm-none-eabi/6.3.1/thumb/v6-m/crti.o
                0x0000429c                _fini
 .fini          0x000042a0        0x8 c:/program files (x86)/atmel/studio/7.0/toolchain/arm/arm-gnu-toolchain/bin/../lib/gcc/arm-none-eabi/6.3.1/thumb/v6-m/crtn.o
                0x000042a8                . = ALIGN (0x4)
                0x000042a8                __fini_array_start = .
 *(.fini_array)
 .fini_array    0x000042a8        0x4 c:/program files (x86)/atmel/studio/7.0/toolchain/arm/arm-gnu-toolchain/bin/../lib/gcc/arm-none-eabi/6.3.1/thumb/v6-m/crtbegin.o
 *(SORT(.fini_array.*))
                0x000042ac                __fini_array_end = .
 *crtbegin.o(.dtors)
 *(EXCLUDE_FILE(*crtend.o) .dtors)
 *(SORT(.dtors.*))
 *crtend.o(.dtors)
                0x000042ac                . = ALIGN (0x4)
                0x000042ac                _efixed = .
                [!provide]                PROVIDE (__exidx_start, .)

.vfp11_veneer   0x000042ac        0x0
 .vfp11_veneer  0x000042ac        0x0 linker stubs

.v4_bx          0x000042ac        0x0
 .v4_bx         0x000042ac        0x0 linker stubs

.iplt           0x000042ac        0x0
 .iplt          0x000042ac        0x0 c:/program files (x86)/atmel/studio/7.0/toolchain/arm/arm-gnu-toolchain/bin/../lib/gcc/arm-none-eabi/6.3.1/thumb/v6-m/crtbegin.o

.ARM.exidx      0x000042ac        0x8
 *(.ARM.exidx* .gnu.linkonce.armexidx.*)
 .ARM.exidx     0x000042ac        0x8 c:/program files (x86)/atmel/studio/7.0/toolchain/arm/arm-gnu-toolchain/bin/../lib/gcc/arm-none-eabi/6.3.1/thumb/v6-m\libgcc.a(_divdi3.o)
                [!provide]                PROVIDE (__exidx_end, .)

.eh_frame       0x000042b4        0x0
 .eh_frame      0x000042b4        0x0 c:/program files (x86)/atmel/studio/7.0/toolchain/arm/arm-gnu-toolchain/bin/../lib/gcc/arm-none-eabi/6.3.1/thumb/v6-m/crtbegin.o

.rel.dyn        0x000042b4        0x0
 .rel.iplt      0x000042b4        0x0 c:/program files (x86)/atmel/studio/7.0/toolchain/arm/arm-gnu-toolchain/bin/../lib/gcc/arm-none-eabi/6.3.1/thumb/v6-m/crtbegin.o

.jcr            0x000042b4        0x0
 .jcr           0x000042b4        0x0 c:/program files (x86)/atmel/studio/7.0/toolchain/arm/arm-gnu-toolchain/bin/../lib/gcc/arm-none-eabi/6.3.1/thumb/v6-m/crtbegin.o

.igot.plt       0x000042b4        0x0
 .igot.plt      0x000042b4        0x0 c:/program files (x86)/atmel/studio/7.0/toolchain/arm/arm-gnu-toolchain/bin/../lib/gcc/arm-none-eabi/6.3.1/thumb/v6-m/crtbegin.o
                0x000042b4                . = ALIGN (0x4)
                0x000042b4                _etext = .

.relocate       0x20000000       0x10 load address 0x000042b4
                0x20000000                . = ALIGN (0x4)
                0x20000000                _srelocate = .
 *(.ramfunc .ramfunc.*)
 *(.data .data.*)
 .data.cycles_per_ms
                0x20000000        0x4 src/ASF/common2/services/delay/sam0/systick_counter.o
 .data.cycles_per_us
                0x20000004        0x4 src/ASF/common2/services/delay/sam0/systick_counter.o
 .data.xNextTaskUnblockTime
                0x20000008        0x4 src/ASF/thirdparty/freertos/freertos-7.4.2/Source/tasks.o
 .data.g_interrupt_enabled
                0x2000000c        0x1 src/ASF/common/utils/interrupt/interrupt_sam_nvic.o
                0x2000000c                g_interrupt_enabled
                0x20000010                . = ALIGN (0x4)
 *fill*         0x2000000d        0x3 
                0x20000010                _erelocate = .

.bss            0x20000010      0x160 load address 0x000042c4
                0x20000010                . = ALIGN (0x4)
                0x20000010                _sbss = .
                0x20000010                _szero = .
 *(.bss .bss.*)
 .bss           0x20000010       0x1c c:/program files (x86)/atmel/studio/7.0/toolchain/arm/arm-gnu-toolchain/bin/../lib/gcc/arm-none-eabi/6.3.1/thumb/v6-m/crtbegin.o
 .bss.pxCurrentTCB
                0x2000002c        0x4 src/ASF/thirdparty/freertos/freertos-7.4.2/Source/tasks.o
                0x2000002c                pxCurrentTCB
 .bss.pxDelayedTaskList
                0x20000030        0x4 src/ASF/thirdparty/freertos/freertos-7.4.2/Source/tasks.o
 .bss.pxOverflowDelayedTaskList
                0x20000034        0x4 src/ASF/thirdparty/freertos/freertos-7.4.2/Source/tasks.o
 .bss.pxReadyTasksLists
                0x20000038       0x64 src/ASF/thirdparty/freertos/freertos-7.4.2/Source/tasks.o
 .bss.uxMissedTicks
                0x2000009c        0x4 src/ASF/thirdparty/freertos/freertos-7.4.2/Source/tasks.o
 .bss.uxSchedulerSuspended
                0x200000a0        0x4 src/ASF/thirdparty/freertos/freertos-7.4.2/Source/tasks.o
 .bss.uxTopReadyPriority
                0x200000a4        0x4 src/ASF/thirdparty/freertos/freertos-7.4.2/Source/tasks.o
 .bss.xMissedYield
                0x200000a8        0x4 src/ASF/thirdparty/freertos/freertos-7.4.2/Source/tasks.o
 .bss.xNumOfOverflows
                0x200000ac        0x4 src/ASF/thirdparty/freertos/freertos-7.4.2/Source/tasks.o
 .bss.xTickCount
                0x200000b0        0x4 src/ASF/thirdparty/freertos/freertos-7.4.2/Source/tasks.o
 .bss._sercom_config
                0x200000b4        0x2 src/ASF/sam0/drivers/sercom/sercom.o
 .bss._handler_table_initialized
                0x200000b6        0x1 src/ASF/sam0/drivers/sercom/sercom_interrupt.o
 *fill*         0x200000b7        0x1 
 .bss._sercom_interrupt_handlers
                0x200000b8       0x18 src/ASF/sam0/drivers/sercom/sercom_interrupt.o
 .bss.cpu_irq_critical_section_counter
                0x200000d0        0x4 src/ASF/common/utils/interrupt/interrupt_sam_nvic.o
 .bss.cpu_irq_prev_interrupt_state
                0x200000d4        0x1 src/ASF/common/utils/interrupt/interrupt_sam_nvic.o
 *fill*         0x200000d5        0x3 
 .bss._system_clock_inst
                0x200000d8       0x18 src/ASF/sam0/drivers/system/clock/clock_samd21_r21_da_ha1/clock.o
 *(COMMON)
 COMMON         0x200000f0       0x68 src/PressureTemperature.o
                0x200000f0                bmp
                0x20000124                packet
                0x20000130                i2c_master_instance
 COMMON         0x20000158       0x18 src/ASF/sam0/drivers/sercom/sercom_interrupt.o
                0x20000158                _sercom_instances
                0x20000170                . = ALIGN (0x4)
                0x20000170                _ebss = .
                0x20000170                _ezero = .

.stack          0x20000170     0x2000 load address 0x00004424
                0x20000170                . = ALIGN (0x8)
                0x20000170                _sstack = .
                0x20002170                . = (. + STACK_SIZE)
 *fill*         0x20000170     0x2000 
                0x20002170                . = ALIGN (0x8)
                0x20002170                _estack = .
                0x20002170                . = ALIGN (0x4)
                0x20002170                _end = .
OUTPUT(cicada.elf elf32-littlearm)

.ARM.attributes
                0x00000000       0x28
 .ARM.attributes
                0x00000000       0x1e c:/program files (x86)/atmel/studio/7.0/toolchain/arm/arm-gnu-toolchain/bin/../lib/gcc/arm-none-eabi/6.3.1/thumb/v6-m/crti.o
 .ARM.attributes
                0x0000001e       0x2c c:/program files (x86)/atmel/studio/7.0/toolchain/arm/arm-gnu-toolchain/bin/../lib/gcc/arm-none-eabi/6.3.1/thumb/v6-m/crtbegin.o
 .ARM.attributes
                0x0000004a       0x32 src/ASF/common2/services/delay/sam0/systick_counter.o
 .ARM.attributes
                0x0000007c       0x32 src/ASF/sam0/drivers/sercom/i2c/i2c_sam0/i2c_master.o
 .ARM.attributes
                0x000000ae       0x32 src/ASF/sam0/drivers/sercom/i2c/i2c_sam0/i2c_master_interrupt.o
 .ARM.attributes
                0x000000e0       0x32 src/ASF/thirdparty/freertos/freertos-7.4.2/Source/portable/GCC/ARM_CM0/port.o
 .ARM.attributes
                0x00000112       0x32 src/BMP280_Driver/bmp280.o
 .ARM.attributes
                0x00000144       0x32 src/PressureTemperature.o
 .ARM.attributes
                0x00000176       0x32 src/ASF/thirdparty/freertos/freertos-7.4.2/Source/list.o
 .ARM.attributes
                0x000001a8       0x32 src/ASF/thirdparty/freertos/freertos-7.4.2/Source/tasks.o
 .ARM.attributes
                0x000001da       0x32 src/ASF/sam0/drivers/sercom/sercom.o
 .ARM.attributes
                0x0000020c       0x32 src/ASF/sam0/drivers/sercom/sercom_interrupt.o
 .ARM.attributes
                0x0000023e       0x32 src/ASF/common/utils/interrupt/interrupt_sam_nvic.o
 .ARM.attributes
                0x00000270       0x32 src/ASF/sam0/drivers/system/clock/clock_samd21_r21_da_ha1/clock.o
 .ARM.attributes
                0x000002a2       0x32 src/ASF/sam0/drivers/system/clock/clock_samd21_r21_da_ha1/gclk.o
 .ARM.attributes
                0x000002d4       0x32 src/ASF/sam0/drivers/system/pinmux/pinmux.o
 .ARM.attributes
                0x00000306       0x32 src/ASF/sam0/utils/cmsis/samd21/source/gcc/startup_samd21.o
 .ARM.attributes
                0x00000338       0x32 src/I2C.o
 .ARM.attributes
                0x0000036a       0x32 src/main.o
 .ARM.attributes
                0x0000039c       0x1e c:/program files (x86)/atmel/studio/7.0/toolchain/arm/arm-gnu-toolchain/bin/../lib/gcc/arm-none-eabi/6.3.1/thumb/v6-m\libgcc.a(_udivsi3.o)
 .ARM.attributes
                0x000003ba       0x1e c:/program files (x86)/atmel/studio/7.0/toolchain/arm/arm-gnu-toolchain/bin/../lib/gcc/arm-none-eabi/6.3.1/thumb/v6-m\libgcc.a(_dvmd_tls.o)
 .ARM.attributes
                0x000003d8       0x1e c:/program files (x86)/atmel/studio/7.0/toolchain/arm/arm-gnu-toolchain/bin/../lib/gcc/arm-none-eabi/6.3.1/thumb/v6-m\libgcc.a(_arm_cmpdf2.o)
 .ARM.attributes
                0x000003f6       0x1e c:/program files (x86)/atmel/studio/7.0/toolchain/arm/arm-gnu-toolchain/bin/../lib/gcc/arm-none-eabi/6.3.1/thumb/v6-m\libgcc.a(_aeabi_ldivmod.o)
 .ARM.attributes
                0x00000414       0x2c c:/program files (x86)/atmel/studio/7.0/toolchain/arm/arm-gnu-toolchain/bin/../lib/gcc/arm-none-eabi/6.3.1/thumb/v6-m\libgcc.a(_muldi3.o)
 .ARM.attributes
                0x00000440       0x2c c:/program files (x86)/atmel/studio/7.0/toolchain/arm/arm-gnu-toolchain/bin/../lib/gcc/arm-none-eabi/6.3.1/thumb/v6-m\libgcc.a(bpabi.o)
 .ARM.attributes
                0x0000046c       0x2c c:/program files (x86)/atmel/studio/7.0/toolchain/arm/arm-gnu-toolchain/bin/../lib/gcc/arm-none-eabi/6.3.1/thumb/v6-m\libgcc.a(adddf3.o)
 .ARM.attributes
                0x00000498       0x2c c:/program files (x86)/atmel/studio/7.0/toolchain/arm/arm-gnu-toolchain/bin/../lib/gcc/arm-none-eabi/6.3.1/thumb/v6-m\libgcc.a(divdf3.o)
 .ARM.attributes
                0x000004c4       0x2c c:/program files (x86)/atmel/studio/7.0/toolchain/arm/arm-gnu-toolchain/bin/../lib/gcc/arm-none-eabi/6.3.1/thumb/v6-m\libgcc.a(eqdf2.o)
 .ARM.attributes
                0x000004f0       0x2c c:/program files (x86)/atmel/studio/7.0/toolchain/arm/arm-gnu-toolchain/bin/../lib/gcc/arm-none-eabi/6.3.1/thumb/v6-m\libgcc.a(gedf2.o)
 .ARM.attributes
                0x0000051c       0x2c c:/program files (x86)/atmel/studio/7.0/toolchain/arm/arm-gnu-toolchain/bin/../lib/gcc/arm-none-eabi/6.3.1/thumb/v6-m\libgcc.a(ledf2.o)
 .ARM.attributes
                0x00000548       0x2c c:/program files (x86)/atmel/studio/7.0/toolchain/arm/arm-gnu-toolchain/bin/../lib/gcc/arm-none-eabi/6.3.1/thumb/v6-m\libgcc.a(muldf3.o)
 .ARM.attributes
                0x00000574       0x2c c:/program files (x86)/atmel/studio/7.0/toolchain/arm/arm-gnu-toolchain/bin/../lib/gcc/arm-none-eabi/6.3.1/thumb/v6-m\libgcc.a(subdf3.o)
 .ARM.attributes
                0x000005a0       0x2c c:/program files (x86)/atmel/studio/7.0/toolchain/arm/arm-gnu-toolchain/bin/../lib/gcc/arm-none-eabi/6.3.1/thumb/v6-m\libgcc.a(fixdfsi.o)
 .ARM.attributes
                0x000005cc       0x2c c:/program files (x86)/atmel/studio/7.0/toolchain/arm/arm-gnu-toolchain/bin/../lib/gcc/arm-none-eabi/6.3.1/thumb/v6-m\libgcc.a(floatsidf.o)
 .ARM.attributes
                0x000005f8       0x2c c:/program files (x86)/atmel/studio/7.0/toolchain/arm/arm-gnu-toolchain/bin/../lib/gcc/arm-none-eabi/6.3.1/thumb/v6-m\libgcc.a(floatunsidf.o)
 .ARM.attributes
                0x00000624       0x1e c:/program files (x86)/atmel/studio/7.0/toolchain/arm/arm-gnu-toolchain/bin/../lib/gcc/arm-none-eabi/6.3.1/thumb/v6-m\libgcc.a(_clzsi2.o)
 .ARM.attributes
                0x00000642       0x2c c:/program files (x86)/atmel/studio/7.0/toolchain/arm/arm-gnu-toolchain/bin/../lib/gcc/arm-none-eabi/6.3.1/thumb/v6-m\libgcc.a(_divdi3.o)
 .ARM.attributes
                0x0000066e       0x1e c:/program files (x86)/atmel/studio/7.0/toolchain/arm/arm-gnu-toolchain/bin/../lib/gcc/arm-none-eabi/6.3.1/thumb/v6-m\libgcc.a(_clzdi2.o)
 .ARM.attributes
                0x0000068c       0x2c c:/program files (x86)/atmel/studio/7.0/toolchain/arm/arm-gnu-toolchain/bin/../lib/gcc/arm-none-eabi/6.3.1/../../../../arm-none-eabi/lib/thumb/v6-m\libc_nano.a(lib_a-init.o)
 .ARM.attributes
                0x000006b8       0x2c c:/program files (x86)/atmel/studio/7.0/toolchain/arm/arm-gnu-toolchain/bin/../lib/gcc/arm-none-eabi/6.3.1/../../../../arm-none-eabi/lib/thumb/v6-m\libc_nano.a(lib_a-memcpy-stub.o)
 .ARM.attributes
                0x000006e4       0x2c c:/program files (x86)/atmel/studio/7.0/toolchain/arm/arm-gnu-toolchain/bin/../lib/gcc/arm-none-eabi/6.3.1/../../../../arm-none-eabi/lib/thumb/v6-m\libc_nano.a(lib_a-memset.o)
 .ARM.attributes
                0x00000710       0x1e c:/program files (x86)/atmel/studio/7.0/toolchain/arm/arm-gnu-toolchain/bin/../lib/gcc/arm-none-eabi/6.3.1/thumb/v6-m/crtn.o

.comment        0x00000000       0x59
 .comment       0x00000000       0x59 src/ASF/common2/services/delay/sam0/systick_counter.o
                                 0x5a (size before relaxing)
 .comment       0x00000059       0x5a src/ASF/sam0/drivers/sercom/i2c/i2c_sam0/i2c_master.o
 .comment       0x00000059       0x5a src/ASF/sam0/drivers/sercom/i2c/i2c_sam0/i2c_master_interrupt.o
 .comment       0x00000059       0x5a src/ASF/thirdparty/freertos/freertos-7.4.2/Source/portable/GCC/ARM_CM0/port.o
 .comment       0x00000059       0x5a src/BMP280_Driver/bmp280.o
 .comment       0x00000059       0x5a src/PressureTemperature.o
 .comment       0x00000059       0x5a src/ASF/thirdparty/freertos/freertos-7.4.2/Source/list.o
 .comment       0x00000059       0x5a src/ASF/thirdparty/freertos/freertos-7.4.2/Source/tasks.o
 .comment       0x00000059       0x5a src/ASF/sam0/drivers/sercom/sercom.o
 .comment       0x00000059       0x5a src/ASF/sam0/drivers/sercom/sercom_interrupt.o
 .comment       0x00000059       0x5a src/ASF/common/utils/interrupt/interrupt_sam_nvic.o
 .comment       0x00000059       0x5a src/ASF/sam0/drivers/system/clock/clock_samd21_r21_da_ha1/clock.o
 .comment       0x00000059       0x5a src/ASF/sam0/drivers/system/clock/clock_samd21_r21_da_ha1/gclk.o
 .comment       0x00000059       0x5a src/ASF/sam0/drivers/system/pinmux/pinmux.o
 .comment       0x00000059       0x5a src/ASF/sam0/utils/cmsis/samd21/source/gcc/startup_samd21.o
 .comment       0x00000059       0x5a src/I2C.o
 .comment       0x00000059       0x5a src/main.o

.debug_info     0x00000000    0x26a9d
 .debug_info    0x00000000      0xb8d src/ASF/common2/services/delay/sam0/systick_counter.o
 .debug_info    0x00000b8d     0x4f6e src/ASF/sam0/drivers/sercom/i2c/i2c_sam0/i2c_master.o
 .debug_info    0x00005afb     0x3133 src/ASF/sam0/drivers/sercom/i2c/i2c_sam0/i2c_master_interrupt.o
 .debug_info    0x00008c2e      0x21e src/ASF/thirdparty/freertos/freertos-7.4.2/Source/portable/GCC/ARM_CM0/port.o
 .debug_info    0x00008e4c     0x127c src/BMP280_Driver/bmp280.o
 .debug_info    0x0000a0c8     0x3283 src/PressureTemperature.o
 .debug_info    0x0000d34b      0xbbd src/ASF/thirdparty/freertos/freertos-7.4.2/Source/list.o
 .debug_info    0x0000df08     0x1fcb src/ASF/thirdparty/freertos/freertos-7.4.2/Source/tasks.o
 .debug_info    0x0000fed3     0x2dd8 src/ASF/sam0/drivers/sercom/sercom.o
 .debug_info    0x00012cab     0x2bd2 src/ASF/sam0/drivers/sercom/sercom_interrupt.o
 .debug_info    0x0001587d      0xb07 src/ASF/common/utils/interrupt/interrupt_sam_nvic.o
 .debug_info    0x00016384     0x37bf src/ASF/sam0/drivers/system/clock/clock_samd21_r21_da_ha1/clock.o
 .debug_info    0x00019b43     0x1ed1 src/ASF/sam0/drivers/system/clock/clock_samd21_r21_da_ha1/gclk.o
 .debug_info    0x0001ba14     0x13f5 src/ASF/sam0/drivers/system/pinmux/pinmux.o
 .debug_info    0x0001ce09     0x3a49 src/ASF/sam0/utils/cmsis/samd21/source/gcc/startup_samd21.o
 .debug_info    0x00020852     0x3325 src/I2C.o
 .debug_info    0x00023b77     0x2f26 src/main.o

.debug_abbrev   0x00000000     0x353f
 .debug_abbrev  0x00000000      0x24b src/ASF/common2/services/delay/sam0/systick_counter.o
 .debug_abbrev  0x0000024b      0x4fb src/ASF/sam0/drivers/sercom/i2c/i2c_sam0/i2c_master.o
 .debug_abbrev  0x00000746      0x427 src/ASF/sam0/drivers/sercom/i2c/i2c_sam0/i2c_master_interrupt.o
 .debug_abbrev  0x00000b6d      0x131 src/ASF/thirdparty/freertos/freertos-7.4.2/Source/portable/GCC/ARM_CM0/port.o
 .debug_abbrev  0x00000c9e      0x294 src/BMP280_Driver/bmp280.o
 .debug_abbrev  0x00000f32      0x30d src/PressureTemperature.o
 .debug_abbrev  0x0000123f      0x221 src/ASF/thirdparty/freertos/freertos-7.4.2/Source/list.o
 .debug_abbrev  0x00001460      0x3a8 src/ASF/thirdparty/freertos/freertos-7.4.2/Source/tasks.o
 .debug_abbrev  0x00001808      0x378 src/ASF/sam0/drivers/sercom/sercom.o
 .debug_abbrev  0x00001b80      0x2d8 src/ASF/sam0/drivers/sercom/sercom_interrupt.o
 .debug_abbrev  0x00001e58      0x22c src/ASF/common/utils/interrupt/interrupt_sam_nvic.o
 .debug_abbrev  0x00002084      0x465 src/ASF/sam0/drivers/system/clock/clock_samd21_r21_da_ha1/clock.o
 .debug_abbrev  0x000024e9      0x3f1 src/ASF/sam0/drivers/system/clock/clock_samd21_r21_da_ha1/gclk.o
 .debug_abbrev  0x000028da      0x37b src/ASF/sam0/drivers/system/pinmux/pinmux.o
 .debug_abbrev  0x00002c55      0x234 src/ASF/sam0/utils/cmsis/samd21/source/gcc/startup_samd21.o
 .debug_abbrev  0x00002e89      0x3e4 src/I2C.o
 .debug_abbrev  0x0000326d      0x2d2 src/main.o

.debug_loc      0x00000000     0x6a74
 .debug_loc     0x00000000       0xe4 src/ASF/common2/services/delay/sam0/systick_counter.o
 .debug_loc     0x000000e4      0xff8 src/ASF/sam0/drivers/sercom/i2c/i2c_sam0/i2c_master.o
 .debug_loc     0x000010dc      0x7ec src/ASF/sam0/drivers/sercom/i2c/i2c_sam0/i2c_master_interrupt.o
 .debug_loc     0x000018c8       0xbd src/ASF/thirdparty/freertos/freertos-7.4.2/Source/portable/GCC/ARM_CM0/port.o
 .debug_loc     0x00001985     0x16e7 src/BMP280_Driver/bmp280.o
 .debug_loc     0x0000306c      0x2f7 src/PressureTemperature.o
 .debug_loc     0x00003363       0x9b src/ASF/thirdparty/freertos/freertos-7.4.2/Source/list.o
 .debug_loc     0x000033fe     0x1014 src/ASF/thirdparty/freertos/freertos-7.4.2/Source/tasks.o
 .debug_loc     0x00004412      0x9d5 src/ASF/sam0/drivers/sercom/sercom.o
 .debug_loc     0x00004de7      0x161 src/ASF/sam0/drivers/sercom/sercom_interrupt.o
 .debug_loc     0x00004f48      0xef0 src/ASF/sam0/drivers/system/clock/clock_samd21_r21_da_ha1/clock.o
 .debug_loc     0x00005e38      0x504 src/ASF/sam0/drivers/system/clock/clock_samd21_r21_da_ha1/gclk.o
 .debug_loc     0x0000633c      0x36d src/ASF/sam0/drivers/system/pinmux/pinmux.o
 .debug_loc     0x000066a9       0x40 src/ASF/sam0/utils/cmsis/samd21/source/gcc/startup_samd21.o
 .debug_loc     0x000066e9      0x297 src/I2C.o
 .debug_loc     0x00006980       0xf4 src/main.o

.debug_aranges  0x00000000      0x6a0
 .debug_aranges
                0x00000000       0x30 src/ASF/common2/services/delay/sam0/systick_counter.o
 .debug_aranges
                0x00000030       0xa0 src/ASF/sam0/drivers/sercom/i2c/i2c_sam0/i2c_master.o
 .debug_aranges
                0x000000d0       0x90 src/ASF/sam0/drivers/sercom/i2c/i2c_sam0/i2c_master_interrupt.o
 .debug_aranges
                0x00000160       0x70 src/ASF/thirdparty/freertos/freertos-7.4.2/Source/portable/GCC/ARM_CM0/port.o
 .debug_aranges
                0x000001d0       0xa8 src/BMP280_Driver/bmp280.o
 .debug_aranges
                0x00000278       0x48 src/PressureTemperature.o
 .debug_aranges
                0x000002c0       0x40 src/ASF/thirdparty/freertos/freertos-7.4.2/Source/list.o
 .debug_aranges
                0x00000300      0x110 src/ASF/thirdparty/freertos/freertos-7.4.2/Source/tasks.o
 .debug_aranges
                0x00000410       0x48 src/ASF/sam0/drivers/sercom/sercom.o
 .debug_aranges
                0x00000458       0x60 src/ASF/sam0/drivers/sercom/sercom_interrupt.o
 .debug_aranges
                0x000004b8       0x28 src/ASF/common/utils/interrupt/interrupt_sam_nvic.o
 .debug_aranges
                0x000004e0       0x78 src/ASF/sam0/drivers/system/clock/clock_samd21_r21_da_ha1/clock.o
 .debug_aranges
                0x00000558       0x80 src/ASF/sam0/drivers/system/clock/clock_samd21_r21_da_ha1/gclk.o
 .debug_aranges
                0x000005d8       0x40 src/ASF/sam0/drivers/system/pinmux/pinmux.o
 .debug_aranges
                0x00000618       0x28 src/ASF/sam0/utils/cmsis/samd21/source/gcc/startup_samd21.o
 .debug_aranges
                0x00000640       0x40 src/I2C.o
 .debug_aranges
                0x00000680       0x20 src/main.o

.debug_ranges   0x00000000      0x6c0
 .debug_ranges  0x00000000       0x50 src/ASF/common2/services/delay/sam0/systick_counter.o
 .debug_ranges  0x00000050       0xa8 src/ASF/sam0/drivers/sercom/i2c/i2c_sam0/i2c_master.o
 .debug_ranges  0x000000f8       0x98 src/ASF/sam0/drivers/sercom/i2c/i2c_sam0/i2c_master_interrupt.o
 .debug_ranges  0x00000190       0x60 src/ASF/thirdparty/freertos/freertos-7.4.2/Source/portable/GCC/ARM_CM0/port.o
 .debug_ranges  0x000001f0       0x98 src/BMP280_Driver/bmp280.o
 .debug_ranges  0x00000288       0x38 src/PressureTemperature.o
 .debug_ranges  0x000002c0       0x30 src/ASF/thirdparty/freertos/freertos-7.4.2/Source/list.o
 .debug_ranges  0x000002f0      0x1a0 src/ASF/thirdparty/freertos/freertos-7.4.2/Source/tasks.o
 .debug_ranges  0x00000490       0x50 src/ASF/sam0/drivers/sercom/sercom.o
 .debug_ranges  0x000004e0       0x50 src/ASF/sam0/drivers/sercom/sercom_interrupt.o
 .debug_ranges  0x00000530       0x18 src/ASF/common/utils/interrupt/interrupt_sam_nvic.o
 .debug_ranges  0x00000548       0x68 src/ASF/sam0/drivers/system/clock/clock_samd21_r21_da_ha1/clock.o
 .debug_ranges  0x000005b0       0x88 src/ASF/sam0/drivers/system/clock/clock_samd21_r21_da_ha1/gclk.o
 .debug_ranges  0x00000638       0x30 src/ASF/sam0/drivers/system/pinmux/pinmux.o
 .debug_ranges  0x00000668       0x18 src/ASF/sam0/utils/cmsis/samd21/source/gcc/startup_samd21.o
 .debug_ranges  0x00000680       0x30 src/I2C.o
 .debug_ranges  0x000006b0       0x10 src/main.o

.debug_macro    0x00000000    0x19327
 .debug_macro   0x00000000      0x539 src/ASF/common2/services/delay/sam0/systick_counter.o
 .debug_macro   0x00000539      0x8bc src/ASF/common2/services/delay/sam0/systick_counter.o
 .debug_macro   0x00000df5      0x16d src/ASF/common2/services/delay/sam0/systick_counter.o
 .debug_macro   0x00000f62      0x64b src/ASF/common2/services/delay/sam0/systick_counter.o
 .debug_macro   0x000015ad       0x22 src/ASF/common2/services/delay/sam0/systick_counter.o
 .debug_macro   0x000015cf       0x87 src/ASF/common2/services/delay/sam0/systick_counter.o
 .debug_macro   0x00001656       0x51 src/ASF/common2/services/delay/sam0/systick_counter.o
 .debug_macro   0x000016a7       0xef src/ASF/common2/services/delay/sam0/systick_counter.o
 .debug_macro   0x00001796       0x6a src/ASF/common2/services/delay/sam0/systick_counter.o
 .debug_macro   0x00001800      0x1df src/ASF/common2/services/delay/sam0/systick_counter.o
 .debug_macro   0x000019df       0x10 src/ASF/common2/services/delay/sam0/systick_counter.o
 .debug_macro   0x000019ef       0x76 src/ASF/common2/services/delay/sam0/systick_counter.o
 .debug_macro   0x00001a65       0x16 src/ASF/common2/services/delay/sam0/systick_counter.o
 .debug_macro   0x00001a7b      0x6e5 src/ASF/common2/services/delay/sam0/systick_counter.o
 .debug_macro   0x00002160      0xde2 src/ASF/common2/services/delay/sam0/systick_counter.o
 .debug_macro   0x00002f42       0x22 src/ASF/common2/services/delay/sam0/systick_counter.o
 .debug_macro   0x00002f64       0x40 src/ASF/common2/services/delay/sam0/systick_counter.o
 .debug_macro   0x00002fa4       0x3a src/ASF/common2/services/delay/sam0/systick_counter.o
 .debug_macro   0x00002fde       0x1f src/ASF/common2/services/delay/sam0/systick_counter.o
 .debug_macro   0x00002ffd      0x250 src/ASF/common2/services/delay/sam0/systick_counter.o
 .debug_macro   0x0000324d      0x682 src/ASF/common2/services/delay/sam0/systick_counter.o
 .debug_macro   0x000038cf      0x8bf src/ASF/common2/services/delay/sam0/systick_counter.o
 .debug_macro   0x0000418e      0x235 src/ASF/common2/services/delay/sam0/systick_counter.o
 .debug_macro   0x000043c3      0xd6a src/ASF/common2/services/delay/sam0/systick_counter.o
 .debug_macro   0x0000512d      0x4ce src/ASF/common2/services/delay/sam0/systick_counter.o
 .debug_macro   0x000055fb      0x9f8 src/ASF/common2/services/delay/sam0/systick_counter.o
 .debug_macro   0x00005ff3      0x82b src/ASF/common2/services/delay/sam0/systick_counter.o
 .debug_macro   0x0000681e      0x45f src/ASF/common2/services/delay/sam0/systick_counter.o
 .debug_macro   0x00006c7d       0x5e src/ASF/common2/services/delay/sam0/systick_counter.o
 .debug_macro   0x00006cdb      0x906 src/ASF/common2/services/delay/sam0/systick_counter.o
 .debug_macro   0x000075e1      0x225 src/ASF/common2/services/delay/sam0/systick_counter.o
 .debug_macro   0x00007806      0x963 src/ASF/common2/services/delay/sam0/systick_counter.o
 .debug_macro   0x00008169       0x5e src/ASF/common2/services/delay/sam0/systick_counter.o
 .debug_macro   0x000081c7      0x671 src/ASF/common2/services/delay/sam0/systick_counter.o
 .debug_macro   0x00008838      0x3af src/ASF/common2/services/delay/sam0/systick_counter.o
 .debug_macro   0x00008be7      0xc7f src/ASF/common2/services/delay/sam0/systick_counter.o
 .debug_macro   0x00009866     0x1092 src/ASF/common2/services/delay/sam0/systick_counter.o
 .debug_macro   0x0000a8f8      0xc4a src/ASF/common2/services/delay/sam0/systick_counter.o
 .debug_macro   0x0000b542      0x6bf src/ASF/common2/services/delay/sam0/systick_counter.o
 .debug_macro   0x0000bc01     0x1bc9 src/ASF/common2/services/delay/sam0/systick_counter.o
 .debug_macro   0x0000d7ca     0x144a src/ASF/common2/services/delay/sam0/systick_counter.o
 .debug_macro   0x0000ec14      0x34e src/ASF/common2/services/delay/sam0/systick_counter.o
 .debug_macro   0x0000ef62       0x7c src/ASF/common2/services/delay/sam0/systick_counter.o
 .debug_macro   0x0000efde       0xa0 src/ASF/common2/services/delay/sam0/systick_counter.o
 .debug_macro   0x0000f07e       0x4c src/ASF/common2/services/delay/sam0/systick_counter.o
 .debug_macro   0x0000f0ca       0xca src/ASF/common2/services/delay/sam0/systick_counter.o
 .debug_macro   0x0000f194       0x94 src/ASF/common2/services/delay/sam0/systick_counter.o
 .debug_macro   0x0000f228       0x58 src/ASF/common2/services/delay/sam0/systick_counter.o
 .debug_macro   0x0000f280      0x387 src/ASF/common2/services/delay/sam0/systick_counter.o
 .debug_macro   0x0000f607       0x82 src/ASF/common2/services/delay/sam0/systick_counter.o
 .debug_macro   0x0000f689      0x197 src/ASF/common2/services/delay/sam0/systick_counter.o
 .debug_macro   0x0000f820       0xb8 src/ASF/common2/services/delay/sam0/systick_counter.o
 .debug_macro   0x0000f8d8       0xa0 src/ASF/common2/services/delay/sam0/systick_counter.o
 .debug_macro   0x0000f978       0xb8 src/ASF/common2/services/delay/sam0/systick_counter.o
 .debug_macro   0x0000fa30       0x1c src/ASF/common2/services/delay/sam0/systick_counter.o
 .debug_macro   0x0000fa4c       0x1c src/ASF/common2/services/delay/sam0/systick_counter.o
 .debug_macro   0x0000fa68       0x1c src/ASF/common2/services/delay/sam0/systick_counter.o
 .debug_macro   0x0000fa84       0x82 src/ASF/common2/services/delay/sam0/systick_counter.o
 .debug_macro   0x0000fb06      0x161 src/ASF/common2/services/delay/sam0/systick_counter.o
 .debug_macro   0x0000fc67       0xdc src/ASF/common2/services/delay/sam0/systick_counter.o
 .debug_macro   0x0000fd43      0x12f src/ASF/common2/services/delay/sam0/systick_counter.o
 .debug_macro   0x0000fe72      0x12f src/ASF/common2/services/delay/sam0/systick_counter.o
 .debug_macro   0x0000ffa1      0x12f src/ASF/common2/services/delay/sam0/systick_counter.o
 .debug_macro   0x000100d0      0x12f src/ASF/common2/services/delay/sam0/systick_counter.o
 .debug_macro   0x000101ff      0x12f src/ASF/common2/services/delay/sam0/systick_counter.o
 .debug_macro   0x0001032e      0x12f src/ASF/common2/services/delay/sam0/systick_counter.o
 .debug_macro   0x0001045d      0x124 src/ASF/common2/services/delay/sam0/systick_counter.o
 .debug_macro   0x00010581       0xe2 src/ASF/common2/services/delay/sam0/systick_counter.o
 .debug_macro   0x00010663       0xe2 src/ASF/common2/services/delay/sam0/systick_counter.o
 .debug_macro   0x00010745       0xe2 src/ASF/common2/services/delay/sam0/systick_counter.o
 .debug_macro   0x00010827      0x133 src/ASF/common2/services/delay/sam0/systick_counter.o
 .debug_macro   0x0001095a      0x106 src/ASF/common2/services/delay/sam0/systick_counter.o
 .debug_macro   0x00010a60       0xfa src/ASF/common2/services/delay/sam0/systick_counter.o
 .debug_macro   0x00010b5a      0x40f src/ASF/common2/services/delay/sam0/systick_counter.o
 .debug_macro   0x00010f69       0x40 src/ASF/common2/services/delay/sam0/systick_counter.o
 .debug_macro   0x00010fa9      0x361 src/ASF/common2/services/delay/sam0/systick_counter.o
 .debug_macro   0x0001130a     0x16ed src/ASF/common2/services/delay/sam0/systick_counter.o
 .debug_macro   0x000129f7       0x6d src/ASF/common2/services/delay/sam0/systick_counter.o
 .debug_macro   0x00012a64       0x58 src/ASF/common2/services/delay/sam0/systick_counter.o
 .debug_macro   0x00012abc       0x35 src/ASF/common2/services/delay/sam0/systick_counter.o
 .debug_macro   0x00012af1       0x9c src/ASF/common2/services/delay/sam0/systick_counter.o
 .debug_macro   0x00012b8d       0x16 src/ASF/common2/services/delay/sam0/systick_counter.o
 .debug_macro   0x00012ba3       0x35 src/ASF/common2/services/delay/sam0/systick_counter.o
 .debug_macro   0x00012bd8      0x353 src/ASF/common2/services/delay/sam0/systick_counter.o
 .debug_macro   0x00012f2b       0x10 src/ASF/common2/services/delay/sam0/systick_counter.o
 .debug_macro   0x00012f3b       0x58 src/ASF/common2/services/delay/sam0/systick_counter.o
 .debug_macro   0x00012f93       0x1f src/ASF/common2/services/delay/sam0/systick_counter.o
 .debug_macro   0x00012fb2       0x43 src/ASF/common2/services/delay/sam0/systick_counter.o
 .debug_macro   0x00012ff5       0x20 src/ASF/common2/services/delay/sam0/systick_counter.o
 .debug_macro   0x00013015      0x187 src/ASF/common2/services/delay/sam0/systick_counter.o
 .debug_macro   0x0001319c       0x10 src/ASF/common2/services/delay/sam0/systick_counter.o
 .debug_macro   0x000131ac       0x1c src/ASF/common2/services/delay/sam0/systick_counter.o
 .debug_macro   0x000131c8       0x52 src/ASF/common2/services/delay/sam0/systick_counter.o
 .debug_macro   0x0001321a       0x40 src/ASF/common2/services/delay/sam0/systick_counter.o
 .debug_macro   0x0001325a       0x10 src/ASF/common2/services/delay/sam0/systick_counter.o
 .debug_macro   0x0001326a       0x40 src/ASF/common2/services/delay/sam0/systick_counter.o
 .debug_macro   0x000132aa       0xd7 src/ASF/common2/services/delay/sam0/systick_counter.o
 .debug_macro   0x00013381       0x16 src/ASF/common2/services/delay/sam0/systick_counter.o
 .debug_macro   0x00013397      0x18b src/ASF/common2/services/delay/sam0/systick_counter.o
 .debug_macro   0x00013522       0x16 src/ASF/common2/services/delay/sam0/systick_counter.o
 .debug_macro   0x00013538       0x16 src/ASF/common2/services/delay/sam0/systick_counter.o
 .debug_macro   0x0001354e       0x29 src/ASF/common2/services/delay/sam0/systick_counter.o
 .debug_macro   0x00013577       0x51 src/ASF/common2/services/delay/sam0/systick_counter.o
 .debug_macro   0x000135c8       0x3f src/ASF/common2/services/delay/sam0/systick_counter.o
 .debug_macro   0x00013607      0x3df src/ASF/common2/services/delay/sam0/systick_counter.o
 .debug_macro   0x000139e6       0x11 src/ASF/common2/services/delay/sam0/systick_counter.o
 .debug_macro   0x000139f7       0x16 src/ASF/common2/services/delay/sam0/systick_counter.o
 .debug_macro   0x00013a0d       0x16 src/ASF/common2/services/delay/sam0/systick_counter.o
 .debug_macro   0x00013a23      0x5ad src/ASF/sam0/drivers/sercom/i2c/i2c_sam0/i2c_master.o
 .debug_macro   0x00013fd0       0x18 src/ASF/sam0/drivers/sercom/i2c/i2c_sam0/i2c_master.o
 .debug_macro   0x00013fe8       0x16 src/ASF/sam0/drivers/sercom/i2c/i2c_sam0/i2c_master.o
 .debug_macro   0x00013ffe       0x2e src/ASF/sam0/drivers/sercom/i2c/i2c_sam0/i2c_master.o
 .debug_macro   0x0001402c       0xb2 src/ASF/sam0/drivers/sercom/i2c/i2c_sam0/i2c_master.o
 .debug_macro   0x000140de       0x10 src/ASF/sam0/drivers/sercom/i2c/i2c_sam0/i2c_master.o
 .debug_macro   0x000140ee       0x27 src/ASF/sam0/drivers/sercom/i2c/i2c_sam0/i2c_master.o
 .debug_macro   0x00014115      0x5a9 src/ASF/sam0/drivers/sercom/i2c/i2c_sam0/i2c_master_interrupt.o
 .debug_macro   0x000146be      0x122 src/ASF/thirdparty/freertos/freertos-7.4.2/Source/portable/GCC/ARM_CM0/port.o
 .debug_macro   0x000147e0       0x85 src/BMP280_Driver/bmp280.o
 .debug_macro   0x00014865      0x357 src/BMP280_Driver/bmp280.o
 .debug_macro   0x00014bbc      0x70b src/PressureTemperature.o
 .debug_macro   0x000152c7      0x118 src/PressureTemperature.o
 .debug_macro   0x000153df       0x16 src/PressureTemperature.o
 .debug_macro   0x000153f5       0x43 src/PressureTemperature.o
 .debug_macro   0x00015438       0x9c src/PressureTemperature.o
 .debug_macro   0x000154d4       0x78 src/PressureTemperature.o
 .debug_macro   0x0001554c       0x5d src/PressureTemperature.o
 .debug_macro   0x000155a9       0x5b src/PressureTemperature.o
 .debug_macro   0x00015604      0x2c6 src/PressureTemperature.o
 .debug_macro   0x000158ca       0x82 src/PressureTemperature.o
 .debug_macro   0x0001594c       0x2d src/PressureTemperature.o
 .debug_macro   0x00015979       0x1c src/PressureTemperature.o
 .debug_macro   0x00015995      0x17f src/ASF/thirdparty/freertos/freertos-7.4.2/Source/list.o
 .debug_macro   0x00015b14      0x2ee src/ASF/thirdparty/freertos/freertos-7.4.2/Source/tasks.o
 .debug_macro   0x00015e02       0x97 src/ASF/thirdparty/freertos/freertos-7.4.2/Source/tasks.o
 .debug_macro   0x00015e99       0xf6 src/ASF/thirdparty/freertos/freertos-7.4.2/Source/tasks.o
 .debug_macro   0x00015f8f      0x58b src/ASF/sam0/drivers/sercom/sercom.o
 .debug_macro   0x0001651a      0x588 src/ASF/sam0/drivers/sercom/sercom_interrupt.o
 .debug_macro   0x00016aa2      0x4fe src/ASF/common/utils/interrupt/interrupt_sam_nvic.o
 .debug_macro   0x00016fa0      0x56f src/ASF/sam0/drivers/system/clock/clock_samd21_r21_da_ha1/clock.o
 .debug_macro   0x0001750f      0x29d src/ASF/sam0/drivers/system/clock/clock_samd21_r21_da_ha1/clock.o
 .debug_macro   0x000177ac      0x534 src/ASF/sam0/drivers/system/clock/clock_samd21_r21_da_ha1/gclk.o
 .debug_macro   0x00017ce0      0x50e src/ASF/sam0/drivers/system/pinmux/pinmux.o
 .debug_macro   0x000181ee       0x12 src/ASF/sam0/drivers/system/pinmux/pinmux.o
 .debug_macro   0x00018200      0x2e5 src/ASF/sam0/utils/cmsis/samd21/source/gcc/startup_samd21.o
 .debug_macro   0x000184e5       0x3a src/ASF/sam0/utils/cmsis/samd21/source/gcc/startup_samd21.o
 .debug_macro   0x0001851f      0x6e7 src/I2C.o
 .debug_macro   0x00018c06       0x16 src/I2C.o
 .debug_macro   0x00018c1c      0x70b src/main.o

.debug_line     0x00000000     0xb165
 .debug_line    0x00000000      0x9bc src/ASF/common2/services/delay/sam0/systick_counter.o
 .debug_line    0x000009bc      0xe4a src/ASF/sam0/drivers/sercom/i2c/i2c_sam0/i2c_master.o
 .debug_line    0x00001806      0xdc5 src/ASF/sam0/drivers/sercom/i2c/i2c_sam0/i2c_master_interrupt.o
 .debug_line    0x000025cb      0x430 src/ASF/thirdparty/freertos/freertos-7.4.2/Source/portable/GCC/ARM_CM0/port.o
 .debug_line    0x000029fb      0x535 src/BMP280_Driver/bmp280.o
 .debug_line    0x00002f30      0xe97 src/PressureTemperature.o
 .debug_line    0x00003dc7      0x470 src/ASF/thirdparty/freertos/freertos-7.4.2/Source/list.o
 .debug_line    0x00004237      0xa93 src/ASF/thirdparty/freertos/freertos-7.4.2/Source/tasks.o
 .debug_line    0x00004cca      0xbcc src/ASF/sam0/drivers/sercom/sercom.o
 .debug_line    0x00005896      0xb6f src/ASF/sam0/drivers/sercom/sercom_interrupt.o
 .debug_line    0x00006405      0x8c6 src/ASF/common/utils/interrupt/interrupt_sam_nvic.o
 .debug_line    0x00006ccb      0xc47 src/ASF/sam0/drivers/system/clock/clock_samd21_r21_da_ha1/clock.o
 .debug_line    0x00007912      0xc6e src/ASF/sam0/drivers/system/clock/clock_samd21_r21_da_ha1/gclk.o
 .debug_line    0x00008580      0x93f src/ASF/sam0/drivers/system/pinmux/pinmux.o
 .debug_line    0x00008ebf      0x644 src/ASF/sam0/utils/cmsis/samd21/source/gcc/startup_samd21.o
 .debug_line    0x00009503      0xe54 src/I2C.o
 .debug_line    0x0000a357      0xe0e src/main.o

.debug_str      0x00000000    0x8c4bb
 .debug_str     0x00000000    0x7ec57 src/ASF/common2/services/delay/sam0/systick_counter.o
                              0x7f50e (size before relaxing)
 .debug_str     0x0007ec57     0x24bd src/ASF/sam0/drivers/sercom/i2c/i2c_sam0/i2c_master.o
                              0x81948 (size before relaxing)
 .debug_str     0x00081114      0x264 src/ASF/sam0/drivers/sercom/i2c/i2c_sam0/i2c_master_interrupt.o
                              0x80920 (size before relaxing)
 .debug_str     0x00081378     0x216a src/ASF/thirdparty/freertos/freertos-7.4.2/Source/portable/GCC/ARM_CM0/port.o
                               0x58e2 (size before relaxing)
 .debug_str     0x000834e2     0x14b9 src/BMP280_Driver/bmp280.o
                               0x4ccc (size before relaxing)
 .debug_str     0x0008499b     0x28f6 src/PressureTemperature.o
                              0x86215 (size before relaxing)
 .debug_str     0x00087291      0x153 src/ASF/thirdparty/freertos/freertos-7.4.2/Source/list.o
                               0x80c1 (size before relaxing)
 .debug_str     0x000873e4      0xe52 src/ASF/thirdparty/freertos/freertos-7.4.2/Source/tasks.o
                               0xa9e7 (size before relaxing)
 .debug_str     0x00088236      0x367 src/ASF/sam0/drivers/sercom/sercom.o
                              0x809df (size before relaxing)
 .debug_str     0x0008859d      0x158 src/ASF/sam0/drivers/sercom/sercom_interrupt.o
                              0x80842 (size before relaxing)
 .debug_str     0x000886f5       0x66 src/ASF/common/utils/interrupt/interrupt_sam_nvic.o
                              0x7f2fe (size before relaxing)
 .debug_str     0x0008875b     0x278e src/ASF/sam0/drivers/system/clock/clock_samd21_r21_da_ha1/clock.o
                              0x82497 (size before relaxing)
 .debug_str     0x0008aee9      0x1e3 src/ASF/sam0/drivers/system/clock/clock_samd21_r21_da_ha1/gclk.o
                              0x7ffc1 (size before relaxing)
 .debug_str     0x0008b0cc      0x340 src/ASF/sam0/drivers/system/pinmux/pinmux.o
                              0x7f7a0 (size before relaxing)
 .debug_str     0x0008b40c      0xf28 src/ASF/sam0/utils/cmsis/samd21/source/gcc/startup_samd21.o
                              0x6b2f6 (size before relaxing)
 .debug_str     0x0008c334      0x14d src/I2C.o
                              0x85730 (size before relaxing)
 .debug_str     0x0008c481       0x3a src/main.o
                              0x8608c (size before relaxing)

.debug_frame    0x00000000     0x1458
 .debug_frame   0x00000000       0x64 src/ASF/common2/services/delay/sam0/systick_counter.o
 .debug_frame   0x00000064      0x1f0 src/ASF/sam0/drivers/sercom/i2c/i2c_sam0/i2c_master.o
 .debug_frame   0x00000254      0x170 src/ASF/sam0/drivers/sercom/i2c/i2c_sam0/i2c_master_interrupt.o
 .debug_frame   0x000003c4       0xd8 src/ASF/thirdparty/freertos/freertos-7.4.2/Source/portable/GCC/ARM_CM0/port.o
 .debug_frame   0x0000049c      0x230 src/BMP280_Driver/bmp280.o
 .debug_frame   0x000006cc       0xbc src/PressureTemperature.o
 .debug_frame   0x00000788       0x68 src/ASF/thirdparty/freertos/freertos-7.4.2/Source/list.o
 .debug_frame   0x000007f0      0x320 src/ASF/thirdparty/freertos/freertos-7.4.2/Source/tasks.o
 .debug_frame   0x00000b10       0xbc src/ASF/sam0/drivers/sercom/sercom.o
 .debug_frame   0x00000bcc       0xe8 src/ASF/sam0/drivers/sercom/sercom_interrupt.o
 .debug_frame   0x00000cb4       0x30 src/ASF/common/utils/interrupt/interrupt_sam_nvic.o
 .debug_frame   0x00000ce4      0x14c src/ASF/sam0/drivers/system/clock/clock_samd21_r21_da_ha1/clock.o
 .debug_frame   0x00000e30      0x148 src/ASF/sam0/drivers/system/clock/clock_samd21_r21_da_ha1/gclk.o
 .debug_frame   0x00000f78       0x98 src/ASF/sam0/drivers/system/pinmux/pinmux.o
 .debug_frame   0x00001010       0x40 src/ASF/sam0/utils/cmsis/samd21/source/gcc/startup_samd21.o
 .debug_frame   0x00001050       0x94 src/I2C.o
 .debug_frame   0x000010e4       0x2c src/main.o
 .debug_frame   0x00001110       0x20 c:/program files (x86)/atmel/studio/7.0/toolchain/arm/arm-gnu-toolchain/bin/../lib/gcc/arm-none-eabi/6.3.1/thumb/v6-m\libgcc.a(_udivsi3.o)
 .debug_frame   0x00001130       0x34 c:/program files (x86)/atmel/studio/7.0/toolchain/arm/arm-gnu-toolchain/bin/../lib/gcc/arm-none-eabi/6.3.1/thumb/v6-m\libgcc.a(_muldi3.o)
 .debug_frame   0x00001164       0x30 c:/program files (x86)/atmel/studio/7.0/toolchain/arm/arm-gnu-toolchain/bin/../lib/gcc/arm-none-eabi/6.3.1/thumb/v6-m\libgcc.a(bpabi.o)
 .debug_frame   0x00001194       0x3c c:/program files (x86)/atmel/studio/7.0/toolchain/arm/arm-gnu-toolchain/bin/../lib/gcc/arm-none-eabi/6.3.1/thumb/v6-m\libgcc.a(adddf3.o)
 .debug_frame   0x000011d0       0x3c c:/program files (x86)/atmel/studio/7.0/toolchain/arm/arm-gnu-toolchain/bin/../lib/gcc/arm-none-eabi/6.3.1/thumb/v6-m\libgcc.a(divdf3.o)
 .debug_frame   0x0000120c       0x38 c:/program files (x86)/atmel/studio/7.0/toolchain/arm/arm-gnu-toolchain/bin/../lib/gcc/arm-none-eabi/6.3.1/thumb/v6-m\libgcc.a(eqdf2.o)
 .debug_frame   0x00001244       0x38 c:/program files (x86)/atmel/studio/7.0/toolchain/arm/arm-gnu-toolchain/bin/../lib/gcc/arm-none-eabi/6.3.1/thumb/v6-m\libgcc.a(gedf2.o)
 .debug_frame   0x0000127c       0x38 c:/program files (x86)/atmel/studio/7.0/toolchain/arm/arm-gnu-toolchain/bin/../lib/gcc/arm-none-eabi/6.3.1/thumb/v6-m\libgcc.a(ledf2.o)
 .debug_frame   0x000012b4       0x3c c:/program files (x86)/atmel/studio/7.0/toolchain/arm/arm-gnu-toolchain/bin/../lib/gcc/arm-none-eabi/6.3.1/thumb/v6-m\libgcc.a(muldf3.o)
 .debug_frame   0x000012f0       0x38 c:/program files (x86)/atmel/studio/7.0/toolchain/arm/arm-gnu-toolchain/bin/../lib/gcc/arm-none-eabi/6.3.1/thumb/v6-m\libgcc.a(subdf3.o)
 .debug_frame   0x00001328       0x2c c:/program files (x86)/atmel/studio/7.0/toolchain/arm/arm-gnu-toolchain/bin/../lib/gcc/arm-none-eabi/6.3.1/thumb/v6-m\libgcc.a(fixdfsi.o)
 .debug_frame   0x00001354       0x2c c:/program files (x86)/atmel/studio/7.0/toolchain/arm/arm-gnu-toolchain/bin/../lib/gcc/arm-none-eabi/6.3.1/thumb/v6-m\libgcc.a(floatsidf.o)
 .debug_frame   0x00001380       0x28 c:/program files (x86)/atmel/studio/7.0/toolchain/arm/arm-gnu-toolchain/bin/../lib/gcc/arm-none-eabi/6.3.1/thumb/v6-m\libgcc.a(floatunsidf.o)
 .debug_frame   0x000013a8       0x3c c:/program files (x86)/atmel/studio/7.0/toolchain/arm/arm-gnu-toolchain/bin/../lib/gcc/arm-none-eabi/6.3.1/thumb/v6-m\libgcc.a(_divdi3.o)
 .debug_frame   0x000013e4       0x2c c:/program files (x86)/atmel/studio/7.0/toolchain/arm/arm-gnu-toolchain/bin/../lib/gcc/arm-none-eabi/6.3.1/../../../../arm-none-eabi/lib/thumb/v6-m\libc_nano.a(lib_a-init.o)
 .debug_frame   0x00001410       0x28 c:/program files (x86)/atmel/studio/7.0/toolchain/arm/arm-gnu-toolchain/bin/../lib/gcc/arm-none-eabi/6.3.1/../../../../arm-none-eabi/lib/thumb/v6-m\libc_nano.a(lib_a-memcpy-stub.o)
 .debug_frame   0x00001438       0x20 c:/program files (x86)/atmel/studio/7.0/toolchain/arm/arm-gnu-toolchain/bin/../lib/gcc/arm-none-eabi/6.3.1/../../../../arm-none-eabi/lib/thumb/v6-m\libc_nano.a(lib_a-memset.o)
