Archive member included to satisfy reference by file (symbol)

c:/program files (x86)/atmel/studio/7.0/toolchain/arm/arm-gnu-toolchain/bin/../lib/gcc/arm-none-eabi/6.3.1/thumb/v6-m\libgcc.a(_udivsi3.o)
                              src/SeggerRTT/SEGGER_RTT_printf.o (__aeabi_uidiv)
c:/program files (x86)/atmel/studio/7.0/toolchain/arm/arm-gnu-toolchain/bin/../lib/gcc/arm-none-eabi/6.3.1/thumb/v6-m\libgcc.a(_divsi3.o)
                              src/SeggerRTT/SEGGER_RTT_printf.o (__aeabi_idiv)
c:/program files (x86)/atmel/studio/7.0/toolchain/arm/arm-gnu-toolchain/bin/../lib/gcc/arm-none-eabi/6.3.1/thumb/v6-m\libgcc.a(_dvmd_tls.o)
                              c:/program files (x86)/atmel/studio/7.0/toolchain/arm/arm-gnu-toolchain/bin/../lib/gcc/arm-none-eabi/6.3.1/thumb/v6-m\libgcc.a(_udivsi3.o) (__aeabi_idiv0)
c:/program files (x86)/atmel/studio/7.0/toolchain/arm/arm-gnu-toolchain/bin/../lib/gcc/arm-none-eabi/6.3.1/thumb/v6-m\libgcc.a(_arm_cmpdf2.o)
                              src/BMP280_Driver/bmp280.o (__aeabi_dcmpeq)
c:/program files (x86)/atmel/studio/7.0/toolchain/arm/arm-gnu-toolchain/bin/../lib/gcc/arm-none-eabi/6.3.1/thumb/v6-m\libgcc.a(_aeabi_ldivmod.o)
                              src/BMP280_Driver/bmp280.o (__aeabi_ldivmod)
c:/program files (x86)/atmel/studio/7.0/toolchain/arm/arm-gnu-toolchain/bin/../lib/gcc/arm-none-eabi/6.3.1/thumb/v6-m\libgcc.a(_muldi3.o)
                              src/BMP280_Driver/bmp280.o (__aeabi_lmul)
c:/program files (x86)/atmel/studio/7.0/toolchain/arm/arm-gnu-toolchain/bin/../lib/gcc/arm-none-eabi/6.3.1/thumb/v6-m\libgcc.a(bpabi.o)
                              c:/program files (x86)/atmel/studio/7.0/toolchain/arm/arm-gnu-toolchain/bin/../lib/gcc/arm-none-eabi/6.3.1/thumb/v6-m\libgcc.a(_aeabi_ldivmod.o) (__gnu_ldivmod_helper)
c:/program files (x86)/atmel/studio/7.0/toolchain/arm/arm-gnu-toolchain/bin/../lib/gcc/arm-none-eabi/6.3.1/thumb/v6-m\libgcc.a(adddf3.o)
                              src/ASF/sam0/drivers/sercom/i2c/i2c_sam0/i2c_master.o (__aeabi_dadd)
c:/program files (x86)/atmel/studio/7.0/toolchain/arm/arm-gnu-toolchain/bin/../lib/gcc/arm-none-eabi/6.3.1/thumb/v6-m\libgcc.a(divdf3.o)
                              src/ASF/sam0/drivers/sercom/i2c/i2c_sam0/i2c_master.o (__aeabi_ddiv)
c:/program files (x86)/atmel/studio/7.0/toolchain/arm/arm-gnu-toolchain/bin/../lib/gcc/arm-none-eabi/6.3.1/thumb/v6-m\libgcc.a(eqdf2.o)
                              c:/program files (x86)/atmel/studio/7.0/toolchain/arm/arm-gnu-toolchain/bin/../lib/gcc/arm-none-eabi/6.3.1/thumb/v6-m\libgcc.a(_arm_cmpdf2.o) (__eqdf2)
c:/program files (x86)/atmel/studio/7.0/toolchain/arm/arm-gnu-toolchain/bin/../lib/gcc/arm-none-eabi/6.3.1/thumb/v6-m\libgcc.a(gedf2.o)
                              c:/program files (x86)/atmel/studio/7.0/toolchain/arm/arm-gnu-toolchain/bin/../lib/gcc/arm-none-eabi/6.3.1/thumb/v6-m\libgcc.a(_arm_cmpdf2.o) (__gedf2)
c:/program files (x86)/atmel/studio/7.0/toolchain/arm/arm-gnu-toolchain/bin/../lib/gcc/arm-none-eabi/6.3.1/thumb/v6-m\libgcc.a(ledf2.o)
                              c:/program files (x86)/atmel/studio/7.0/toolchain/arm/arm-gnu-toolchain/bin/../lib/gcc/arm-none-eabi/6.3.1/thumb/v6-m\libgcc.a(_arm_cmpdf2.o) (__ledf2)
c:/program files (x86)/atmel/studio/7.0/toolchain/arm/arm-gnu-toolchain/bin/../lib/gcc/arm-none-eabi/6.3.1/thumb/v6-m\libgcc.a(muldf3.o)
                              src/ASF/sam0/drivers/sercom/i2c/i2c_sam0/i2c_master.o (__aeabi_dmul)
c:/program files (x86)/atmel/studio/7.0/toolchain/arm/arm-gnu-toolchain/bin/../lib/gcc/arm-none-eabi/6.3.1/thumb/v6-m\libgcc.a(subdf3.o)
                              src/ASF/sam0/drivers/sercom/i2c/i2c_sam0/i2c_master.o (__aeabi_dsub)
c:/program files (x86)/atmel/studio/7.0/toolchain/arm/arm-gnu-toolchain/bin/../lib/gcc/arm-none-eabi/6.3.1/thumb/v6-m\libgcc.a(fixdfsi.o)
                              src/ASF/sam0/drivers/sercom/i2c/i2c_sam0/i2c_master.o (__aeabi_d2iz)
c:/program files (x86)/atmel/studio/7.0/toolchain/arm/arm-gnu-toolchain/bin/../lib/gcc/arm-none-eabi/6.3.1/thumb/v6-m\libgcc.a(floatsidf.o)
                              src/BMP280_Driver/bmp280.o (__aeabi_i2d)
c:/program files (x86)/atmel/studio/7.0/toolchain/arm/arm-gnu-toolchain/bin/../lib/gcc/arm-none-eabi/6.3.1/thumb/v6-m\libgcc.a(floatunsidf.o)
                              src/ASF/sam0/drivers/sercom/i2c/i2c_sam0/i2c_master.o (__aeabi_ui2d)
c:/program files (x86)/atmel/studio/7.0/toolchain/arm/arm-gnu-toolchain/bin/../lib/gcc/arm-none-eabi/6.3.1/thumb/v6-m\libgcc.a(extendsfdf2.o)
                              src/main.o (__aeabi_f2d)
c:/program files (x86)/atmel/studio/7.0/toolchain/arm/arm-gnu-toolchain/bin/../lib/gcc/arm-none-eabi/6.3.1/thumb/v6-m\libgcc.a(truncdfsf2.o)
                              src/main.o (__aeabi_d2f)
c:/program files (x86)/atmel/studio/7.0/toolchain/arm/arm-gnu-toolchain/bin/../lib/gcc/arm-none-eabi/6.3.1/thumb/v6-m\libgcc.a(_clzsi2.o)
[...]
Memory Configuration

Name             Origin             Length             Attributes
rom              0x00000000         0x00040000         xr
ram              0x20000000         0x00008000         xrw
*default*        0x00000000         0xffffffff

Linker script and memory map

LOAD c:/program files (x86)/atmel/studio/7.0/toolchain/arm/arm-gnu-toolchain/bin/../lib/gcc/arm-none-eabi/6.3.1/thumb/v6-m/crti.o
LOAD c:/program files (x86)/atmel/studio/7.0/toolchain/arm/arm-gnu-toolchain/bin/../lib/gcc/arm-none-eabi/6.3.1/thumb/v6-m/crtbegin.o
LOAD c:/program files (x86)/atmel/studio/7.0/toolchain/arm/arm-gnu-toolchain/bin/../lib/gcc/arm-none-eabi/6.3.1/../../../../arm-none-eabi/lib/thumb/v6-m/crt0.o
LOAD src/SeggerRTT/SEGGER_RTT.o
LOAD src/SeggerRTT/SEGGER_RTT_printf.o
LOAD src/ASF/common2/services/delay/sam0/systick_counter.o
LOAD src/ASF/sam0/drivers/sercom/i2c/i2c_sam0/i2c_master.o
LOAD src/ASF/sam0/drivers/sercom/i2c/i2c_sam0/i2c_master_interrupt.o
LOAD src/ASF/thirdparty/freertos/freertos-7.4.2/Source/croutine.o
LOAD src/ASF/thirdparty/freertos/freertos-7.4.2/Source/portable/GCC/ARM_CM0/port.o
LOAD src/ASF/thirdparty/freertos/freertos-7.4.2/Source/portable/MemMang/heap_1.o
LOAD src/BMP280_Driver/bmp280.o
LOAD src/PressureTemperature.o
LOAD src/ASF/thirdparty/freertos/freertos-7.4.2/Source/list.o
LOAD src/ASF/thirdparty/freertos/freertos-7.4.2/Source/queue.o
LOAD src/ASF/thirdparty/freertos/freertos-7.4.2/Source/tasks.o
LOAD src/ASF/thirdparty/freertos/freertos-7.4.2/Source/timers.o
LOAD src/ASF/sam0/drivers/sercom/sercom.o
LOAD src/ASF/sam0/drivers/sercom/sercom_interrupt.o
LOAD src/ASF/common2/boards/user_board/init.o
LOAD src/ASF/common/utils/interrupt/interrupt_sam_nvic.o
LOAD src/ASF/sam0/drivers/system/clock/clock_samd21_r21_da_ha1/clock.o
LOAD src/ASF/sam0/drivers/system/clock/clock_samd21_r21_da_ha1/gclk.o
LOAD src/ASF/sam0/drivers/system/interrupt/system_interrupt.o
LOAD src/ASF/sam0/drivers/system/pinmux/pinmux.o
LOAD src/ASF/sam0/drivers/system/system.o
LOAD src/ASF/sam0/utils/cmsis/samd21/source/gcc/startup_samd21.o
LOAD src/ASF/sam0/utils/cmsis/samd21/source/system_samd21.o
LOAD src/ASF/sam0/utils/syscalls/gcc/syscalls.o
LOAD src/I2C.o
LOAD src/main.o
START GROUP
LOAD ../src/ASF/thirdparty/CMSIS/Lib/GCC\libarm_cortexM0l_math.a
LOAD c:/program files (x86)/atmel/studio/7.0/toolchain/arm/arm-gnu-toolchain/bin/../lib/gcc/arm-none-eabi/6.3.1/../../../../arm-none-eabi/lib/thumb/v6-m\libm.a
END GROUP
START GROUP
LOAD c:/program files (x86)/atmel/studio/7.0/toolchain/arm/arm-gnu-toolchain/bin/../lib/gcc/arm-none-eabi/6.3.1/thumb/v6-m\libgcc.a
LOAD c:/program files (x86)/atmel/studio/7.0/toolchain/arm/arm-gnu-toolchain/bin/../lib/gcc/arm-none-eabi/6.3.1/../../../../arm-none-eabi/lib/thumb/v6-m\libc_nano.a
END GROUP
START GROUP
LOAD c:/program files (x86)/atmel/studio/7.0/toolchain/arm/arm-gnu-toolchain/bin/../lib/gcc/arm-none-eabi/6.3.1/thumb/v6-m\libgcc.a
LOAD c:/program files (x86)/atmel/studio/7.0/toolchain/arm/arm-gnu-toolchain/bin/../lib/gcc/arm-none-eabi/6.3.1/../../../../arm-none-eabi/lib/thumb/v6-m\libc_nano.a
END GROUP
LOAD c:/program files (x86)/atmel/studio/7.0/toolchain/arm/arm-gnu-toolchain/bin/../lib/gcc/arm-none-eabi/6.3.1/thumb/v6-m/crtend.o
LOAD c:/program files (x86)/atmel/studio/7.0/toolchain/arm/arm-gnu-toolchain/bin/../lib/gcc/arm-none-eabi/6.3.1/thumb/v6-m/crtn.o
                0x00002000                STACK_SIZE = DEFINED (STACK_SIZE)?STACK_SIZE:DEFINED (__stack_size__)?__stack_size__:0x2000

.text           0x00000000     0x608c
                0x00000000                . = ALIGN (0x4)
                0x00000000                _sfixed = .
 *(.vectors .vectors.*)
 .vectors       0x00000000       0xb4 src/ASF/sam0/utils/cmsis/samd21/source/gcc/startup_samd21.o
                0x00000000                exception_table
 *(.text .text.* .gnu.linkonce.t.*)
 .text          0x000000b4       0x60 c:/program files (x86)/atmel/studio/7.0/toolchain/arm/arm-gnu-toolchain/bin/../lib/gcc/arm-none-eabi/6.3.1/thumb/v6-m/crtbegin.o
 .text._GetAvailWriteSpace
                0x00000114       0x18 src/SeggerRTT/SEGGER_RTT.o
 .text._WriteNoCheck
                0x0000012c       0x44 src/SeggerRTT/SEGGER_RTT.o
 .text._WriteBlocking
                0x00000170       0x78 src/SeggerRTT/SEGGER_RTT.o
 .text._DoInit  0x000001e8       0x68 src/SeggerRTT/SEGGER_RTT.o
 .text.SEGGER_RTT_WriteNoLock
                0x00000250       0x7c src/SeggerRTT/SEGGER_RTT.o
                0x00000250                SEGGER_RTT_WriteNoLock
 .text.SEGGER_RTT_Write
                0x000002cc       0x3c src/SeggerRTT/SEGGER_RTT.o
                0x000002cc                SEGGER_RTT_Write
 .text._StoreChar
                0x00000308       0x44 src/SeggerRTT/SEGGER_RTT_printf.o
 .text._PrintUnsigned
                0x0000034c      0x148 src/SeggerRTT/SEGGER_RTT_printf.o
 .text.SEGGER_RTT_vprintf
                0x00000494      0x310 src/SeggerRTT/SEGGER_RTT_printf.o
                0x00000494                SEGGER_RTT_vprintf
 .text.SEGGER_RTT_printf
                0x000007a4       0x20 src/SeggerRTT/SEGGER_RTT_printf.o
                0x000007a4                SEGGER_RTT_printf
 .text.delay_init
                0x000007c4       0x40 src/ASF/common2/services/delay/sam0/systick_counter.o
                0x000007c4                delay_init
 .text.delay_cycles_us
                0x00000804       0x2c src/ASF/common2/services/delay/sam0/systick_counter.o
                0x00000804                delay_cycles_us
 .text.delay_cycles_ms
                0x00000830       0x2c src/ASF/common2/services/delay/sam0/systick_counter.o
                0x00000830                delay_cycles_ms
 .text._i2c_master_wait_for_sync
                0x0000085c        0xc src/ASF/sam0/drivers/sercom/i2c/i2c_sam0/i2c_master.o
 .text.i2c_master_init
                0x00000868      0x2f8 src/ASF/sam0/drivers/sercom/i2c/i2c_sam0/i2c_master.o
                0x00000868                i2c_master_init
 .text._i2c_master_address_response
                0x00000b60       0x30 src/ASF/sam0/drivers/sercom/i2c/i2c_sam0/i2c_master.o
                0x00000b60                _i2c_master_address_response
 .text._i2c_master_wait_for_bus
                0x00000b90       0x2c src/ASF/sam0/drivers/sercom/i2c/i2c_sam0/i2c_master.o
                0x00000b90                _i2c_master_wait_for_bus
 .text._i2c_master_send_hs_master_code
                0x00000bbc       0x20 src/ASF/sam0/drivers/sercom/i2c/i2c_sam0/i2c_master.o
                0x00000bbc                _i2c_master_send_hs_master_code
 .text._i2c_master_read_packet
                0x00000bdc      0x1a0 src/ASF/sam0/drivers/sercom/i2c/i2c_sam0/i2c_master.o
 .text._i2c_master_write_packet
                0x00000d7c       0xf4 src/ASF/sam0/drivers/sercom/i2c/i2c_sam0/i2c_master.o
 .text.i2c_master_read_packet_wait
                0x00000e70       0x24 src/ASF/sam0/drivers/sercom/i2c/i2c_sam0/i2c_master.o
                0x00000e70                i2c_master_read_packet_wait
 .text.i2c_master_write_packet_wait
                0x00000e94       0x24 src/ASF/sam0/drivers/sercom/i2c/i2c_sam0/i2c_master.o
                0x00000e94                i2c_master_write_packet_wait
 .text._i2c_master_wait_for_sync
                0x00000eb8        0xc src/ASF/sam0/drivers/sercom/i2c/i2c_sam0/i2c_master_interrupt.o
 .text._i2c_master_read
                0x00000ec4       0x88 src/ASF/sam0/drivers/sercom/i2c/i2c_sam0/i2c_master_interrupt.o
 .text._i2c_master_write
                0x00000f4c       0x3c src/ASF/sam0/drivers/sercom/i2c/i2c_sam0/i2c_master_interrupt.o
 .text._i2c_master_interrupt_handler
                0x00000f88      0x1ec src/ASF/sam0/drivers/sercom/i2c/i2c_sam0/i2c_master_interrupt.o
                0x00000f88                _i2c_master_interrupt_handler
 .text.SVC_Handler
                0x00001174       0x28 src/ASF/thirdparty/freertos/freertos-7.4.2/Source/portable/GCC/ARM_CM0/port.o
                0x00001174                SVC_Handler
 .text.PendSV_Handler
                0x0000119c       0x44 src/ASF/thirdparty/freertos/freertos-7.4.2/Source/portable/GCC/ARM_CM0/port.o
                0x0000119c                PendSV_Handler
 .text.SysTick_Handler
                0x000011e0       0x1c src/ASF/thirdparty/freertos/freertos-7.4.2/Source/portable/GCC/ARM_CM0/port.o
                0x000011e0                SysTick_Handler
 .text.null_ptr_check
                0x000011fc       0x2c src/BMP280_Driver/bmp280.o
 .text.bmp280_get_regs
                0x00001228       0x4c src/BMP280_Driver/bmp280.o
                0x00001228                bmp280_get_regs
 .text.bmp280_set_regs
                0x00001274       0xa8 src/BMP280_Driver/bmp280.o
                0x00001274                bmp280_set_regs
 .text.bmp280_soft_reset
                0x0000131c       0x44 src/BMP280_Driver/bmp280.o
                0x0000131c                bmp280_soft_reset
 .text.conf_sensor
                0x00001360       0xe8 src/BMP280_Driver/bmp280.o
 .text.bmp280_init
                0x00001448      0x138 src/BMP280_Driver/bmp280.o
                0x00001448                bmp280_init
 .text.bmp280_get_config
                0x00001580       0x7c src/BMP280_Driver/bmp280.o
                0x00001580                bmp280_get_config
 .text.bmp280_set_config
                0x000015fc       0x14 src/BMP280_Driver/bmp280.o
                0x000015fc                bmp280_set_config
 .text.bmp280_set_power_mode
                0x00001610       0x28 src/BMP280_Driver/bmp280.o
                0x00001610                bmp280_set_power_mode
 .text.bmp280_get_uncomp_data
                0x00001638       0x78 src/BMP280_Driver/bmp280.o
                0x00001638                bmp280_get_uncomp_data
 .text.bmp280_comp_temp_double
                0x000016b0      0x10c src/BMP280_Driver/bmp280.o
                0x000016b0                bmp280_comp_temp_double
 .text.bmp280_comp_pres_double
                0x000017bc      0x1fc src/BMP280_Driver/bmp280.o
                0x000017bc                bmp280_comp_pres_double
 .text.bmp280_compute_meas_time
                0x000019b8       0x58 src/BMP280_Driver/bmp280.o
                0x000019b8                bmp280_compute_meas_time
 .text.BMP_Delay_MS
                0x00001a10       0x1c src/PressureTemperature.o
                0x00001a10                BMP_Delay_MS
 .text.BMP_280_Write
                0x00001a2c        0xc src/PressureTemperature.o
                0x00001a2c                BMP_280_Write
 .text.BMP_280_Read
                0x00001a38       0x30 src/PressureTemperature.o
                0x00001a38                BMP_280_Read
 .text.InitBMP280
                0x00001a68       0x34 src/PressureTemperature.o
                0x00001a68                InitBMP280
 .text.ConfigureBMP280
                0x00001a9c       0x50 src/PressureTemperature.o
                0x00001a9c                ConfigureBMP280
 .text.BMP280_ReadCompPresTemp
                0x00001aec       0x80 src/PressureTemperature.o
                0x00001aec                BMP280_ReadCompPresTemp
 .text.vListInsertEnd
                0x00001b6c       0x1c src/ASF/thirdparty/freertos/freertos-7.4.2/Source/list.o
                0x00001b6c                vListInsertEnd
 .text.uxListRemove
                0x00001b88       0x28 src/ASF/thirdparty/freertos/freertos-7.4.2/Source/list.o
                0x00001b88                uxListRemove
 .text.vTaskIncrementTick
                0x00001bb0      0x11c src/ASF/thirdparty/freertos/freertos-7.4.2/Source/tasks.o
                0x00001bb0                vTaskIncrementTick
 .text.vTaskSwitchContext
                0x00001ccc       0xa8 src/ASF/thirdparty/freertos/freertos-7.4.2/Source/tasks.o
                0x00001ccc                vTaskSwitchContext
 .text.sercom_set_gclk_generator
                0x00001d74       0x4c src/ASF/sam0/drivers/sercom/sercom.o
                0x00001d74                sercom_set_gclk_generator
 .text._sercom_get_default_pad
                0x00001dc0      0x178 src/ASF/sam0/drivers/sercom/sercom.o
                0x00001dc0                _sercom_get_default_pad
 .text._sercom_get_sercom_inst_index
                0x00001f38       0x38 src/ASF/sam0/drivers/sercom/sercom.o
                0x00001f38                _sercom_get_sercom_inst_index
 .text._sercom_default_handler
                0x00001f70        0x2 src/ASF/sam0/drivers/sercom/sercom_interrupt.o
 *fill*         0x00001f72        0x2 
 .text._sercom_set_handler
                0x00001f74       0x3c src/ASF/sam0/drivers/sercom/sercom_interrupt.o
                0x00001f74                _sercom_set_handler
 .text._sercom_get_interrupt_vector
                0x00001fb0       0x30 src/ASF/sam0/drivers/sercom/sercom_interrupt.o
                0x00001fb0                _sercom_get_interrupt_vector
 .text.SERCOM0_Handler
                0x00001fe0       0x10 src/ASF/sam0/drivers/sercom/sercom_interrupt.o
                0x00001fe0                SERCOM0_Handler
 .text.SERCOM1_Handler
                0x00001ff0       0x10 src/ASF/sam0/drivers/sercom/sercom_interrupt.o
                0x00001ff0                SERCOM1_Handler
 .text.SERCOM2_Handler
                0x00002000       0x10 src/ASF/sam0/drivers/sercom/sercom_interrupt.o
                0x00002000                SERCOM2_Handler
 .text.SERCOM3_Handler
                0x00002010       0x10 src/ASF/sam0/drivers/sercom/sercom_interrupt.o
                0x00002010                SERCOM3_Handler
 .text.SERCOM4_Handler
                0x00002020       0x10 src/ASF/sam0/drivers/sercom/sercom_interrupt.o
                0x00002020                SERCOM4_Handler
 .text.SERCOM5_Handler
                0x00002030       0x10 src/ASF/sam0/drivers/sercom/sercom_interrupt.o
                0x00002030                SERCOM5_Handler
 .text.cpu_irq_enter_critical
                0x00002040       0x40 src/ASF/common/utils/interrupt/interrupt_sam_nvic.o
                0x00002040                cpu_irq_enter_critical
 .text.cpu_irq_leave_critical
                0x00002080       0x30 src/ASF/common/utils/interrupt/interrupt_sam_nvic.o
                0x00002080                cpu_irq_leave_critical
 .text.system_clock_source_get_hz
                0x000020b0       0x90 src/ASF/sam0/drivers/system/clock/clock_samd21_r21_da_ha1/clock.o
                0x000020b0                system_clock_source_get_hz
 .text.system_gclk_gen_get_hz
                0x00002140       0x8c src/ASF/sam0/drivers/system/clock/clock_samd21_r21_da_ha1/gclk.o
                0x00002140                system_gclk_gen_get_hz
 .text.system_gclk_chan_enable
                0x000021cc       0x30 src/ASF/sam0/drivers/system/clock/clock_samd21_r21_da_ha1/gclk.o
                0x000021cc                system_gclk_chan_enable
 .text.system_gclk_chan_disable
                0x000021fc       0x5c src/ASF/sam0/drivers/system/clock/clock_samd21_r21_da_ha1/gclk.o
                0x000021fc                system_gclk_chan_disable
 .text.system_gclk_chan_set_config
                0x00002258       0x1c src/ASF/sam0/drivers/system/clock/clock_samd21_r21_da_ha1/gclk.o
                0x00002258                system_gclk_chan_set_config
 .text.system_gclk_chan_get_hz
                0x00002274       0x34 src/ASF/sam0/drivers/system/clock/clock_samd21_r21_da_ha1/gclk.o
                0x00002274                system_gclk_chan_get_hz
 .text._system_pinmux_config
                0x000022a8       0xa8 src/ASF/sam0/drivers/system/pinmux/pinmux.o
 .text.system_pinmux_pin_set_config
                0x00002350       0x30 src/ASF/sam0/drivers/system/pinmux/pinmux.o
                0x00002350                system_pinmux_pin_set_config
 .text.Dummy_Handler
                0x00002380        0x2 src/ASF/sam0/utils/cmsis/samd21/source/gcc/startup_samd21.o
                0x00002380                DMAC_Handler
                0x00002380                HardFault_Handler
                0x00002380                AC_Handler
                0x00002380                NMI_Handler
                0x00002380                ADC_Handler
                0x00002380                TCC1_Handler
                0x00002380                TCC0_Handler
                0x00002380                RTC_Handler
                0x00002380                EIC_Handler
                0x00002380                WDT_Handler
                0x00002380                TC4_Handler
                0x00002380                USB_Handler
                0x00002380                TC3_Handler
                0x00002380                Dummy_Handler
                0x00002380                PM_Handler
                0x00002380                TCC2_Handler
                0x00002380                EVSYS_Handler
                0x00002380                I2S_Handler
                0x00002380                NVMCTRL_Handler
                0x00002380                DAC_Handler
                0x00002380                PTC_Handler
                0x00002380                TC5_Handler
                0x00002380                SYSCTRL_Handler
 *fill*         0x00002382        0x2 
 .text.Reset_Handler
                0x00002384       0xe4 src/ASF/sam0/utils/cmsis/samd21/source/gcc/startup_samd21.o
                0x00002384                Reset_Handler
 .text._sbrk    0x00002468       0x24 src/ASF/sam0/utils/syscalls/gcc/syscalls.o
                0x00002468                _sbrk
 .text.configure_i2c_master
                0x0000248c       0xb4 src/I2C.o
                0x0000248c                configure_i2c_master
 .text.I2C_Read
                0x00002540       0x30 src/I2C.o
                0x00002540                I2C_Read
 .text.I2C_Write
                0x00002570       0x30 src/I2C.o
                0x00002570                I2C_Write
 .text.main     0x000025a0       0xd8 src/main.o
                0x000025a0                main
 .text          0x00002678      0x114 c:/program files (x86)/atmel/studio/7.0/toolchain/arm/arm-gnu-toolchain/bin/../lib/gcc/arm-none-eabi/6.3.1/thumb/v6-m\libgcc.a(_udivsi3.o)
                0x00002678                __aeabi_uidiv
                0x00002678                __udivsi3
                0x00002784                __aeabi_uidivmod
 .text          0x0000278c      0x1d4 c:/program files (x86)/atmel/studio/7.0/toolchain/arm/arm-gnu-toolchain/bin/../lib/gcc/arm-none-eabi/6.3.1/thumb/v6-m\libgcc.a(_divsi3.o)
                0x0000278c                __divsi3
                0x0000278c                __aeabi_idiv
                0x00002958                __aeabi_idivmod
 .text          0x00002960        0x4 c:/program files (x86)/atmel/studio/7.0/toolchain/arm/arm-gnu-toolchain/bin/../lib/gcc/arm-none-eabi/6.3.1/thumb/v6-m\libgcc.a(_dvmd_tls.o)
                0x00002960                __aeabi_idiv0
                0x00002960                __aeabi_ldiv0
 .text          0x00002964       0x7c c:/program files (x86)/atmel/studio/7.0/toolchain/arm/arm-gnu-toolchain/bin/../lib/gcc/arm-none-eabi/6.3.1/thumb/v6-m\libgcc.a(_arm_cmpdf2.o)
                0x00002964                __aeabi_cdrcmple
                0x00002974                __aeabi_cdcmple
                0x00002974                __aeabi_cdcmpeq
                0x00002984                __aeabi_dcmpeq
                0x00002990                __aeabi_dcmplt
                0x000029a4                __aeabi_dcmple
                0x000029b8                __aeabi_dcmpgt
                0x000029cc                __aeabi_dcmpge
 .text          0x000029e0      0x620 c:/program files (x86)/atmel/studio/7.0/toolchain/arm/arm-gnu-toolchain/bin/../lib/gcc/arm-none-eabi/6.3.1/thumb/v6-m\libgcc.a(adddf3.o)
                0x000029e0                __aeabi_dadd
 .text          0x00003000      0x668 c:/program files (x86)/atmel/studio/7.0/toolchain/arm/arm-gnu-toolchain/bin/../lib/gcc/arm-none-eabi/6.3.1/thumb/v6-m\libgcc.a(divdf3.o)
                0x00003000                __aeabi_ddiv
 .text          0x00003668       0x74 c:/program files (x86)/atmel/studio/7.0/toolchain/arm/arm-gnu-toolchain/bin/../lib/gcc/arm-none-eabi/6.3.1/thumb/v6-m\libgcc.a(eqdf2.o)
                0x00003668                __nedf2
                0x00003668                __eqdf2
 .text          0x000036dc       0xc8 c:/program files (x86)/atmel/studio/7.0/toolchain/arm/arm-gnu-toolchain/bin/../lib/gcc/arm-none-eabi/6.3.1/thumb/v6-m\libgcc.a(gedf2.o)
                0x000036dc                __gedf2
                0x000036dc                __gtdf2
 .text          0x000037a4       0xc4 c:/program files (x86)/atmel/studio/7.0/toolchain/arm/arm-gnu-toolchain/bin/../lib/gcc/arm-none-eabi/6.3.1/thumb/v6-m\libgcc.a(ledf2.o)
                0x000037a4                __ledf2
                0x000037a4                __ltdf2
 .text          0x00003868      0x500 c:/program files (x86)/atmel/studio/7.0/toolchain/arm/arm-gnu-toolchain/bin/../lib/gcc/arm-none-eabi/6.3.1/thumb/v6-m\libgcc.a(muldf3.o)
                0x00003868                __aeabi_dmul
 .text          0x00003d68      0x62c c:/program files (x86)/atmel/studio/7.0/toolchain/arm/arm-gnu-toolchain/bin/../lib/gcc/arm-none-eabi/6.3.1/thumb/v6-m\libgcc.a(subdf3.o)
                0x00003d68                __aeabi_dsub
 .text          0x00004394       0x68 c:/program files (x86)/atmel/studio/7.0/toolchain/arm/arm-gnu-toolchain/bin/../lib/gcc/arm-none-eabi/6.3.1/thumb/v6-m\libgcc.a(fixdfsi.o)
                0x00004394                __aeabi_d2iz
 .text          0x000043fc       0x84 c:/program files (x86)/atmel/studio/7.0/toolchain/arm/arm-gnu-toolchain/bin/../lib/gcc/arm-none-eabi/6.3.1/thumb/v6-m\libgcc.a(floatsidf.o)
                0x000043fc                __aeabi_i2d
 .text          0x00004480       0x70 c:/program files (x86)/atmel/studio/7.0/toolchain/arm/arm-gnu-toolchain/bin/../lib/gcc/arm-none-eabi/6.3.1/thumb/v6-m\libgcc.a(floatunsidf.o)
                0x00004480                __aeabi_ui2d
 .text          0x000044f0       0xa4 c:/program files (x86)/atmel/studio/7.0/toolchain/arm/arm-gnu-toolchain/bin/../lib/gcc/arm-none-eabi/6.3.1/thumb/v6-m\libgcc.a(extendsfdf2.o)
                0x000044f0                __aeabi_f2d
 .text          0x00004594      0x114 c:/program files (x86)/atmel/studio/7.0/toolchain/arm/arm-gnu-toolchain/bin/../lib/gcc/arm-none-eabi/6.3.1/thumb/v6-m\libgcc.a(truncdfsf2.o)
                0x00004594                __aeabi_d2f
 .text          0x000046a8       0x3c c:/program files (x86)/atmel/studio/7.0/toolchain/arm/arm-gnu-toolchain/bin/../lib/gcc/arm-none-eabi/6.3.1/thumb/v6-m\libgcc.a(_clzsi2.o)
                0x000046a8                __clzsi2
 .text.gcvt     0x000046e4       0x4c c:/program files (x86)/atmel/studio/7.0/toolchain/arm/arm-gnu-toolchain/bin/../lib/gcc/arm-none-eabi/6.3.1/../../../../arm-none-eabi/lib/thumb/v6-m\libc_nano.a(lib_a-efgcvt.o)
                0x000046e4                gcvt
 .text.__libc_init_array
                0x00004730       0x48 c:/program files (x86)/atmel/studio/7.0/toolchain/arm/arm-gnu-toolchain/bin/../lib/gcc/arm-none-eabi/6.3.1/../../../../arm-none-eabi/lib/thumb/v6-m\libc_nano.a(lib_a-init.o)
                0x00004730                __libc_init_array
 .text.memcpy   0x00004778       0x12 c:/program files (x86)/atmel/studio/7.0/toolchain/arm/arm-gnu-toolchain/bin/../lib/gcc/arm-none-eabi/6.3.1/../../../../arm-none-eabi/lib/thumb/v6-m\libc_nano.a(lib_a-memcpy-stub.o)
                0x00004778                memcpy
 .text.memset   0x0000478a       0x10 c:/program files (x86)/atmel/studio/7.0/toolchain/arm/arm-gnu-toolchain/bin/../lib/gcc/arm-none-eabi/6.3.1/../../../../arm-none-eabi/lib/thumb/v6-m\libc_nano.a(lib_a-memset.o)
                0x0000478a                memset
 *fill*         0x0000479a        0x2 
 .text.print_e  0x0000479c       0xf4 c:/program files (x86)/atmel/studio/7.0/toolchain/arm/arm-gnu-toolchain/bin/../lib/gcc/arm-none-eabi/6.3.1/../../../../arm-none-eabi/lib/thumb/v6-m\libc_nano.a(lib_a-ecvtbuf.o)
 .text._gcvt    0x00004890      0x19c c:/program files (x86)/atmel/studio/7.0/toolchain/arm/arm-gnu-toolchain/bin/../lib/gcc/arm-none-eabi/6.3.1/../../../../arm-none-eabi/lib/thumb/v6-m\libc_nano.a(lib_a-ecvtbuf.o)
                0x00004890                _gcvt
 .text._Balloc  0x00004a2c       0x70 c:/program files (x86)/atmel/studio/7.0/toolchain/arm/arm-gnu-toolchain/bin/../lib/gcc/arm-none-eabi/6.3.1/../../../../arm-none-eabi/lib/thumb/v6-m\libc_nano.a(lib_a-mprec.o)
                0x00004a2c                _Balloc
 .text._Bfree   0x00004a9c       0x32 c:/program files (x86)/atmel/studio/7.0/toolchain/arm/arm-gnu-toolchain/bin/../lib/gcc/arm-none-eabi/6.3.1/../../../../arm-none-eabi/lib/thumb/v6-m\libc_nano.a(lib_a-mprec.o)
                0x00004a9c                _Bfree
 .text.__multadd
                0x00004ace       0x78 c:/program files (x86)/atmel/studio/7.0/toolchain/arm/arm-gnu-toolchain/bin/../lib/gcc/arm-none-eabi/6.3.1/../../../../arm-none-eabi/lib/thumb/v6-m\libc_nano.a(lib_a-mprec.o)
                0x00004ace                __multadd
 .text.__hi0bits
                0x00004b46       0x34 c:/program files (x86)/atmel/studio/7.0/toolchain/arm/arm-gnu-toolchain/bin/../lib/gcc/arm-none-eabi/6.3.1/../../../../arm-none-eabi/lib/thumb/v6-m\libc_nano.a(lib_a-mprec.o)
                0x00004b46                __hi0bits
 .text.__lo0bits
                0x00004b7a       0x5e c:/program files (x86)/atmel/studio/7.0/toolchain/arm/arm-gnu-toolchain/bin/../lib/gcc/arm-none-eabi/6.3.1/../../../../arm-none-eabi/lib/thumb/v6-m\libc_nano.a(lib_a-mprec.o)
                0x00004b7a                __lo0bits
 .text.__i2b    0x00004bd8       0x12 c:/program files (x86)/atmel/studio/7.0/toolchain/arm/arm-gnu-toolchain/bin/../lib/gcc/arm-none-eabi/6.3.1/../../../../arm-none-eabi/lib/thumb/v6-m\libc_nano.a(lib_a-mprec.o)
                0x00004bd8                __i2b
 .text.__multiply
                0x00004bea      0x11e c:/program files (x86)/atmel/studio/7.0/toolchain/arm/arm-gnu-toolchain/bin/../lib/gcc/arm-none-eabi/6.3.1/../../../../arm-none-eabi/lib/thumb/v6-m\libc_nano.a(lib_a-mprec.o)
                0x00004bea                __multiply
 .text.__pow5mult
                0x00004d08       0xa4 c:/program files (x86)/atmel/studio/7.0/toolchain/arm/arm-gnu-toolchain/bin/../lib/gcc/arm-none-eabi/6.3.1/../../../../arm-none-eabi/lib/thumb/v6-m\libc_nano.a(lib_a-mprec.o)
                0x00004d08                __pow5mult
 .text.__lshift
                0x00004dac       0xa2 c:/program files (x86)/atmel/studio/7.0/toolchain/arm/arm-gnu-toolchain/bin/../lib/gcc/arm-none-eabi/6.3.1/../../../../arm-none-eabi/lib/thumb/v6-m\libc_nano.a(lib_a-mprec.o)
                0x00004dac                __lshift
 .text.__mcmp   0x00004e4e       0x32 c:/program files (x86)/atmel/studio/7.0/toolchain/arm/arm-gnu-toolchain/bin/../lib/gcc/arm-none-eabi/6.3.1/../../../../arm-none-eabi/lib/thumb/v6-m\libc_nano.a(lib_a-mprec.o)
                0x00004e4e                __mcmp
 .text.__mdiff  0x00004e80       0xc8 c:/program files (x86)/atmel/studio/7.0/toolchain/arm/arm-gnu-toolchain/bin/../lib/gcc/arm-none-eabi/6.3.1/../../../../arm-none-eabi/lib/thumb/v6-m\libc_nano.a(lib_a-mprec.o)
                0x00004e80                __mdiff
 .text.__d2b    0x00004f48       0xa8 c:/program files (x86)/atmel/studio/7.0/toolchain/arm/arm-gnu-toolchain/bin/../lib/gcc/arm-none-eabi/6.3.1/../../../../arm-none-eabi/lib/thumb/v6-m\libc_nano.a(lib_a-mprec.o)
                0x00004f48                __d2b
 .text._mprec_log10
                0x00004ff0       0x34 c:/program files (x86)/atmel/studio/7.0/toolchain/arm/arm-gnu-toolchain/bin/../lib/gcc/arm-none-eabi/6.3.1/../../../../arm-none-eabi/lib/thumb/v6-m\libc_nano.a(lib_a-mprec.o)
                0x00004ff0                _mprec_log10
 .text._calloc_r
                0x00005024       0x1c c:/program files (x86)/atmel/studio/7.0/toolchain/arm/arm-gnu-toolchain/bin/../lib/gcc/arm-none-eabi/6.3.1/../../../../arm-none-eabi/lib/thumb/v6-m\libc_nano.a(lib_a-nano-callocr.o)
                0x00005024                _calloc_r
 .text._malloc_r
                0x00005040       0xbc c:/program files (x86)/atmel/studio/7.0/toolchain/arm/arm-gnu-toolchain/bin/../lib/gcc/arm-none-eabi/6.3.1/../../../../arm-none-eabi/lib/thumb/v6-m\libc_nano.a(lib_a-nano-mallocr.o)
                0x00005040                _malloc_r
 .text._sbrk_r  0x000050fc       0x24 c:/program files (x86)/atmel/studio/7.0/toolchain/arm/arm-gnu-toolchain/bin/../lib/gcc/arm-none-eabi/6.3.1/../../../../arm-none-eabi/lib/thumb/v6-m\libc_nano.a(lib_a-sbrkr.o)
                0x000050fc                _sbrk_r
 .text.strcpy   0x00005120       0x10 c:/program files (x86)/atmel/studio/7.0/toolchain/arm/arm-gnu-toolchain/bin/../lib/gcc/arm-none-eabi/6.3.1/../../../../arm-none-eabi/lib/thumb/v6-m\libc_nano.a(lib_a-strcpy.o)
                0x00005120                strcpy
 .text.quorem   0x00005130      0x108 c:/program files (x86)/atmel/studio/7.0/toolchain/arm/arm-gnu-toolchain/bin/../lib/gcc/arm-none-eabi/6.3.1/../../../../arm-none-eabi/lib/thumb/v6-m\libc_nano.a(lib_a-dtoa.o)
 .text._dtoa_r  0x00005238      0xbd0 c:/program files (x86)/atmel/studio/7.0/toolchain/arm/arm-gnu-toolchain/bin/../lib/gcc/arm-none-eabi/6.3.1/../../../../arm-none-eabi/lib/thumb/v6-m\libc_nano.a(lib_a-dtoa.o)
                0x00005238                _dtoa_r
 .text.malloc   0x00005e08       0x14 c:/program files (x86)/atmel/studio/7.0/toolchain/arm/arm-gnu-toolchain/bin/../lib/gcc/arm-none-eabi/6.3.1/../../../../arm-none-eabi/lib/thumb/v6-m\libc_nano.a(lib_a-malloc.o)
                0x00005e08                malloc
 .text.__malloc_lock
                0x00005e1c        0x2 c:/program files (x86)/atmel/studio/7.0/toolchain/arm/arm-gnu-toolchain/bin/../lib/gcc/arm-none-eabi/6.3.1/../../../../arm-none-eabi/lib/thumb/v6-m\libc_nano.a(lib_a-mlock.o)
                0x00005e1c                __malloc_lock
 .text.__malloc_unlock
                0x00005e1e        0x2 c:/program files (x86)/atmel/studio/7.0/toolchain/arm/arm-gnu-toolchain/bin/../lib/gcc/arm-none-eabi/6.3.1/../../../../arm-none-eabi/lib/thumb/v6-m\libc_nano.a(lib_a-mlock.o)
                0x00005e1e                __malloc_unlock
 .text          0x00005e20       0x14 c:/program files (x86)/atmel/studio/7.0/toolchain/arm/arm-gnu-toolchain/bin/../lib/gcc/arm-none-eabi/6.3.1/thumb/v6-m\libgcc.a(_thumb1_case_uqi.o)
                0x00005e20                __gnu_thumb1_case_uqi
 *(.glue_7t)
 .glue_7t       0x00005e34        0x0 linker stubs
 *(.glue_7)
 .glue_7        0x00005e34        0x0 linker stubs
 *(.rodata .rodata* .gnu.linkonce.r.*)
 .rodata._DoInit.str1.4
                0x00005e34       0x17 src/SeggerRTT/SEGGER_RTT.o
 *fill*         0x00005e4b        0x1 
 .rodata._aV2C.4877
                0x00005e4c       0x10 src/SeggerRTT/SEGGER_RTT_printf.o
 .rodata        0x00005e5c        0x2 src/BMP280_Driver/bmp280.o
 *fill*         0x00005e5e        0x2 
 .rodata        0x00005e60       0x18 src/ASF/sam0/drivers/sercom/sercom.o
 .rodata.system_clock_source_get_hz
                0x00005e78       0x24 src/ASF/sam0/drivers/system/clock/clock_samd21_r21_da_ha1/clock.o
 .rodata.main.str1.4
                0x00005e9c       0x44 src/main.o
                                 0x43 (size before relaxing)
 .rodata        0x00005ee0       0x40 c:/program files (x86)/atmel/studio/7.0/toolchain/arm/arm-gnu-toolchain/bin/../lib/gcc/arm-none-eabi/6.3.1/thumb/v6-m\libgcc.a(divdf3.o)
 .rodata        0x00005f20       0x40 c:/program files (x86)/atmel/studio/7.0/toolchain/arm/arm-gnu-toolchain/bin/../lib/gcc/arm-none-eabi/6.3.1/thumb/v6-m\libgcc.a(muldf3.o)
 .rodata.__mprec_bigtens
                0x00005f60       0x28 c:/program files (x86)/atmel/studio/7.0/toolchain/arm/arm-gnu-toolchain/bin/../lib/gcc/arm-none-eabi/6.3.1/../../../../arm-none-eabi/lib/thumb/v6-m\libc_nano.a(lib_a-mprec.o)
                0x00005f60                __mprec_bigtens
 .rodata.__mprec_tens
                0x00005f88       0xc8 c:/program files (x86)/atmel/studio/7.0/toolchain/arm/arm-gnu-toolchain/bin/../lib/gcc/arm-none-eabi/6.3.1/../../../../arm-none-eabi/lib/thumb/v6-m\libc_nano.a(lib_a-mprec.o)
                0x00005f88                __mprec_tens
 .rodata.p05.6047
                0x00006050        0xc c:/program files (x86)/atmel/studio/7.0/toolchain/arm/arm-gnu-toolchain/bin/../lib/gcc/arm-none-eabi/6.3.1/../../../../arm-none-eabi/lib/thumb/v6-m\libc_nano.a(lib_a-mprec.o)
 .rodata._dtoa_r.str1.1
                0x0000605c        0xf c:/program files (x86)/atmel/studio/7.0/toolchain/arm/arm-gnu-toolchain/bin/../lib/gcc/arm-none-eabi/6.3.1/../../../../arm-none-eabi/lib/thumb/v6-m\libc_nano.a(lib_a-dtoa.o)
 *(.ARM.extab* .gnu.linkonce.armextab.*)
                0x0000606c                . = ALIGN (0x4)
 *fill*         0x0000606b        0x1 
 *(.init)
 .init          0x0000606c        0x4 c:/program files (x86)/atmel/studio/7.0/toolchain/arm/arm-gnu-toolchain/bin/../lib/gcc/arm-none-eabi/6.3.1/thumb/v6-m/crti.o
                0x0000606c                _init
 .init          0x00006070        0x8 c:/program files (x86)/atmel/studio/7.0/toolchain/arm/arm-gnu-toolchain/bin/../lib/gcc/arm-none-eabi/6.3.1/thumb/v6-m/crtn.o
                0x00006078                . = ALIGN (0x4)
                0x00006078                __preinit_array_start = .
 *(.preinit_array)
                0x00006078                __preinit_array_end = .
                0x00006078                . = ALIGN (0x4)
                0x00006078                __init_array_start = .
 *(SORT(.init_array.*))
 *(.init_array)
 .init_array    0x00006078        0x4 c:/program files (x86)/atmel/studio/7.0/toolchain/arm/arm-gnu-toolchain/bin/../lib/gcc/arm-none-eabi/6.3.1/thumb/v6-m/crtbegin.o
                0x0000607c                __init_array_end = .
                0x0000607c                . = ALIGN (0x4)
 *crtbegin.o(.ctors)
 *(EXCLUDE_FILE(*crtend.o) .ctors)
 *(SORT(.ctors.*))
 *crtend.o(.ctors)
                0x0000607c                . = ALIGN (0x4)
 *(.fini)
 .fini          0x0000607c        0x4 c:/program files (x86)/atmel/studio/7.0/toolchain/arm/arm-gnu-toolchain/bin/../lib/gcc/arm-none-eabi/6.3.1/thumb/v6-m/crti.o
                0x0000607c                _fini
 .fini          0x00006080        0x8 c:/program files (x86)/atmel/studio/7.0/toolchain/arm/arm-gnu-toolchain/bin/../lib/gcc/arm-none-eabi/6.3.1/thumb/v6-m/crtn.o
                0x00006088                . = ALIGN (0x4)
                0x00006088                __fini_array_start = .
 *(.fini_array)
 .fini_array    0x00006088        0x4 c:/program files (x86)/atmel/studio/7.0/toolchain/arm/arm-gnu-toolchain/bin/../lib/gcc/arm-none-eabi/6.3.1/thumb/v6-m/crtbegin.o
 *(SORT(.fini_array.*))
                0x0000608c                __fini_array_end = .
 *crtbegin.o(.dtors)
 *(EXCLUDE_FILE(*crtend.o) .dtors)
 *(SORT(.dtors.*))
 *crtend.o(.dtors)
                0x0000608c                . = ALIGN (0x4)
                0x0000608c                _efixed = .
                [!provide]                PROVIDE (__exidx_start, .)

.vfp11_veneer   0x0000608c        0x0
 .vfp11_veneer  0x0000608c        0x0 linker stubs

.v4_bx          0x0000608c        0x0
 .v4_bx         0x0000608c        0x0 linker stubs

.iplt           0x0000608c        0x0
 .iplt          0x0000608c        0x0 c:/program files (x86)/atmel/studio/7.0/toolchain/arm/arm-gnu-toolchain/bin/../lib/gcc/arm-none-eabi/6.3.1/thumb/v6-m/crtbegin.o

.eh_frame       0x0000608c        0x0
 .eh_frame      0x0000608c        0x0 c:/program files (x86)/atmel/studio/7.0/toolchain/arm/arm-gnu-toolchain/bin/../lib/gcc/arm-none-eabi/6.3.1/thumb/v6-m/crtbegin.o

.rel.dyn        0x0000608c        0x0
 .rel.iplt      0x0000608c        0x0 c:/program files (x86)/atmel/studio/7.0/toolchain/arm/arm-gnu-toolchain/bin/../lib/gcc/arm-none-eabi/6.3.1/thumb/v6-m/crtbegin.o

.jcr            0x0000608c        0x0
 .jcr           0x0000608c        0x0 c:/program files (x86)/atmel/studio/7.0/toolchain/arm/arm-gnu-toolchain/bin/../lib/gcc/arm-none-eabi/6.3.1/thumb/v6-m/crtbegin.o

.igot.plt       0x0000608c        0x0
 .igot.plt      0x0000608c        0x0 c:/program files (x86)/atmel/studio/7.0/toolchain/arm/arm-gnu-toolchain/bin/../lib/gcc/arm-none-eabi/6.3.1/thumb/v6-m/crtbegin.o

.ARM.exidx
 *(.ARM.exidx* .gnu.linkonce.armexidx.*)
                [!provide]                PROVIDE (__exidx_end, .)
                0x0000608c                . = ALIGN (0x4)
                0x0000608c                _etext = .

.relocate       0x20000000       0x74 load address 0x0000608c
                0x20000000                . = ALIGN (0x4)
                0x20000000                _srelocate = .
 *(.ramfunc .ramfunc.*)
 *(.data .data.*)
 .data.cycles_per_ms
                0x20000000        0x4 src/ASF/common2/services/delay/sam0/systick_counter.o
 .data.cycles_per_us
                0x20000004        0x4 src/ASF/common2/services/delay/sam0/systick_counter.o
 .data.xNextTaskUnblockTime
                0x20000008        0x4 src/ASF/thirdparty/freertos/freertos-7.4.2/Source/tasks.o
 .data.g_interrupt_enabled
                0x2000000c        0x1 src/ASF/common/utils/interrupt/interrupt_sam_nvic.o
                0x2000000c                g_interrupt_enabled
 *fill*         0x2000000d        0x3 
 .data._impure_ptr
                0x20000010        0x4 c:/program files (x86)/atmel/studio/7.0/toolchain/arm/arm-gnu-toolchain/bin/../lib/gcc/arm-none-eabi/6.3.1/../../../../arm-none-eabi/lib/thumb/v6-m\libc_nano.a(lib_a-impure.o)
                0x20000010                _impure_ptr
 .data.impure_data
                0x20000014       0x60 c:/program files (x86)/atmel/studio/7.0/toolchain/arm/arm-gnu-toolchain/bin/../lib/gcc/arm-none-eabi/6.3.1/../../../../arm-none-eabi/lib/thumb/v6-m\libc_nano.a(lib_a-impure.o)
                0x20000074                . = ALIGN (0x4)
                0x20000074                _erelocate = .

.bss            0x20000074      0x628 load address 0x00006100
                0x20000074                . = ALIGN (0x4)
                0x20000074                _sbss = .
                0x20000074                _szero = .
 *(.bss .bss.*)
 .bss           0x20000074       0x1c c:/program files (x86)/atmel/studio/7.0/toolchain/arm/arm-gnu-toolchain/bin/../lib/gcc/arm-none-eabi/6.3.1/thumb/v6-m/crtbegin.o
 .bss._acDownBuffer
                0x20000090       0x10 src/SeggerRTT/SEGGER_RTT.o
 .bss._acUpBuffer
                0x200000a0      0x400 src/SeggerRTT/SEGGER_RTT.o
 .bss.pxCurrentTCB
                0x200004a0        0x4 src/ASF/thirdparty/freertos/freertos-7.4.2/Source/tasks.o
                0x200004a0                pxCurrentTCB
 .bss.pxDelayedTaskList
                0x200004a4        0x4 src/ASF/thirdparty/freertos/freertos-7.4.2/Source/tasks.o
 .bss.pxOverflowDelayedTaskList
                0x200004a8        0x4 src/ASF/thirdparty/freertos/freertos-7.4.2/Source/tasks.o
 .bss.pxReadyTasksLists
                0x200004ac       0x64 src/ASF/thirdparty/freertos/freertos-7.4.2/Source/tasks.o
 .bss.uxMissedTicks
                0x20000510        0x4 src/ASF/thirdparty/freertos/freertos-7.4.2/Source/tasks.o
 .bss.uxSchedulerSuspended
                0x20000514        0x4 src/ASF/thirdparty/freertos/freertos-7.4.2/Source/tasks.o
 .bss.uxTopReadyPriority
                0x20000518        0x4 src/ASF/thirdparty/freertos/freertos-7.4.2/Source/tasks.o
 .bss.xMissedYield
                0x2000051c        0x4 src/ASF/thirdparty/freertos/freertos-7.4.2/Source/tasks.o
 .bss.xNumOfOverflows
                0x20000520        0x4 src/ASF/thirdparty/freertos/freertos-7.4.2/Source/tasks.o
 .bss.xTickCount
                0x20000524        0x4 src/ASF/thirdparty/freertos/freertos-7.4.2/Source/tasks.o
 .bss._sercom_config
                0x20000528        0x2 src/ASF/sam0/drivers/sercom/sercom.o
 .bss._handler_table_initialized
                0x2000052a        0x1 src/ASF/sam0/drivers/sercom/sercom_interrupt.o
 *fill*         0x2000052b        0x1 
 .bss._sercom_interrupt_handlers
                0x2000052c       0x18 src/ASF/sam0/drivers/sercom/sercom_interrupt.o
 .bss.cpu_irq_critical_section_counter
                0x20000544        0x4 src/ASF/common/utils/interrupt/interrupt_sam_nvic.o
 .bss.cpu_irq_prev_interrupt_state
                0x20000548        0x1 src/ASF/common/utils/interrupt/interrupt_sam_nvic.o
 *fill*         0x20000549        0x3 
 .bss._system_clock_inst
                0x2000054c       0x18 src/ASF/sam0/drivers/system/clock/clock_samd21_r21_da_ha1/clock.o
 .bss.heap.5296
                0x20000564        0x4 src/ASF/sam0/utils/syscalls/gcc/syscalls.o
 .bss.__malloc_free_list
                0x20000568        0x4 c:/program files (x86)/atmel/studio/7.0/toolchain/arm/arm-gnu-toolchain/bin/../lib/gcc/arm-none-eabi/6.3.1/../../../../arm-none-eabi/lib/thumb/v6-m\libc_nano.a(lib_a-nano-mallocr.o)
                0x20000568                __malloc_free_list
 .bss.__malloc_sbrk_start
                0x2000056c        0x4 c:/program files (x86)/atmel/studio/7.0/toolchain/arm/arm-gnu-toolchain/bin/../lib/gcc/arm-none-eabi/6.3.1/../../../../arm-none-eabi/lib/thumb/v6-m\libc_nano.a(lib_a-nano-mallocr.o)
                0x2000056c                __malloc_sbrk_start
 *(COMMON)
 COMMON         0x20000570       0xa8 src/SeggerRTT/SEGGER_RTT.o
                0x20000570                _SEGGER_RTT
 COMMON         0x20000618       0x68 src/PressureTemperature.o
                0x20000618                bmp
                0x2000064c                packet
                0x20000658                i2c_master_instance
 COMMON         0x20000680       0x18 src/ASF/sam0/drivers/sercom/sercom_interrupt.o
                0x20000680                _sercom_instances
 COMMON         0x20000698        0x4 c:/program files (x86)/atmel/studio/7.0/toolchain/arm/arm-gnu-toolchain/bin/../lib/gcc/arm-none-eabi/6.3.1/../../../../arm-none-eabi/lib/thumb/v6-m\libc_nano.a(lib_a-reent.o)
                0x20000698                errno
                0x2000069c                . = ALIGN (0x4)
                0x2000069c                _ebss = .
                0x2000069c                _ezero = .

.stack          0x2000069c     0x2004 load address 0x00006728
                0x200006a0                . = ALIGN (0x8)
 *fill*         0x2000069c        0x4 
                0x200006a0                _sstack = .
                0x200026a0                . = (. + STACK_SIZE)
 *fill*         0x200006a0     0x2000 
                0x200026a0                . = ALIGN (0x8)
                0x200026a0                _estack = .
                0x200026a0                . = ALIGN (0x4)
                0x200026a0                _end = .
OUTPUT(cicada.elf elf32-littlearm)

.ARM.attributes
                0x00000000       0x28
 .ARM.attributes
                0x00000000       0x1e c:/program files (x86)/atmel/studio/7.0/toolchain/arm/arm-gnu-toolchain/bin/../lib/gcc/arm-none-eabi/6.3.1/thumb/v6-m/crti.o
 .ARM.attributes
                0x0000001e       0x2c c:/program files (x86)/atmel/studio/7.0/toolchain/arm/arm-gnu-toolchain/bin/../lib/gcc/arm-none-eabi/6.3.1/thumb/v6-m/crtbegin.o
 .ARM.attributes
                0x0000004a       0x32 src/SeggerRTT/SEGGER_RTT.o
 .ARM.attributes
                0x0000007c       0x32 src/SeggerRTT/SEGGER_RTT_printf.o
 .ARM.attributes
                0x000000ae       0x32 src/ASF/common2/services/delay/sam0/systick_counter.o
 .ARM.attributes
                0x000000e0       0x32 src/ASF/sam0/drivers/sercom/i2c/i2c_sam0/i2c_master.o
 .ARM.attributes
                0x00000112       0x32 src/ASF/sam0/drivers/sercom/i2c/i2c_sam0/i2c_master_interrupt.o
 .ARM.attributes
                0x00000144       0x32 src/ASF/thirdparty/freertos/freertos-7.4.2/Source/portable/GCC/ARM_CM0/port.o
 .ARM.attributes
                0x00000176       0x32 src/BMP280_Driver/bmp280.o
 .ARM.attributes
                0x000001a8       0x32 src/PressureTemperature.o
 .ARM.attributes
                0x000001da       0x32 src/ASF/thirdparty/freertos/freertos-7.4.2/Source/list.o
 .ARM.attributes
                0x0000020c       0x32 src/ASF/thirdparty/freertos/freertos-7.4.2/Source/tasks.o
 .ARM.attributes
                0x0000023e       0x32 src/ASF/sam0/drivers/sercom/sercom.o
 .ARM.attributes
                0x00000270       0x32 src/ASF/sam0/drivers/sercom/sercom_interrupt.o
 .ARM.attributes
                0x000002a2       0x32 src/ASF/common/utils/interrupt/interrupt_sam_nvic.o
 .ARM.attributes
                0x000002d4       0x32 src/ASF/sam0/drivers/system/clock/clock_samd21_r21_da_ha1/clock.o
 .ARM.attributes
                0x00000306       0x32 src/ASF/sam0/drivers/system/clock/clock_samd21_r21_da_ha1/gclk.o
 .ARM.attributes
                0x00000338       0x32 src/ASF/sam0/drivers/system/pinmux/pinmux.o
 .ARM.attributes
                0x0000036a       0x32 src/ASF/sam0/utils/cmsis/samd21/source/gcc/startup_samd21.o
 .ARM.attributes
                0x0000039c       0x32 src/ASF/sam0/utils/syscalls/gcc/syscalls.o
 .ARM.attributes
                0x000003ce       0x32 src/I2C.o
 .ARM.attributes
                0x00000400       0x32 src/main.o
 .ARM.attributes
                0x00000432       0x1e c:/program files (x86)/atmel/studio/7.0/toolchain/arm/arm-gnu-toolchain/bin/../lib/gcc/arm-none-eabi/6.3.1/thumb/v6-m\libgcc.a(_udivsi3.o)
 .ARM.attributes
                0x00000450       0x1e c:/program files (x86)/atmel/studio/7.0/toolchain/arm/arm-gnu-toolchain/bin/../lib/gcc/arm-none-eabi/6.3.1/thumb/v6-m\libgcc.a(_divsi3.o)
 .ARM.attributes
                0x0000046e       0x1e c:/program files (x86)/atmel/studio/7.0/toolchain/arm/arm-gnu-toolchain/bin/../lib/gcc/arm-none-eabi/6.3.1/thumb/v6-m\libgcc.a(_dvmd_tls.o)
 .ARM.attributes
                0x0000048c       0x1e c:/program files (x86)/atmel/studio/7.0/toolchain/arm/arm-gnu-toolchain/bin/../lib/gcc/arm-none-eabi/6.3.1/thumb/v6-m\libgcc.a(_arm_cmpdf2.o)
 .ARM.attributes
                0x000004aa       0x2c c:/program files (x86)/atmel/studio/7.0/toolchain/arm/arm-gnu-toolchain/bin/../lib/gcc/arm-none-eabi/6.3.1/thumb/v6-m\libgcc.a(adddf3.o)
 .ARM.attributes
                0x000004d6       0x2c c:/program files (x86)/atmel/studio/7.0/toolchain/arm/arm-gnu-toolchain/bin/../lib/gcc/arm-none-eabi/6.3.1/thumb/v6-m\libgcc.a(divdf3.o)
 .ARM.attributes
                0x00000502       0x2c c:/program files (x86)/atmel/studio/7.0/toolchain/arm/arm-gnu-toolchain/bin/../lib/gcc/arm-none-eabi/6.3.1/thumb/v6-m\libgcc.a(eqdf2.o)
 .ARM.attributes
                0x0000052e       0x2c c:/program files (x86)/atmel/studio/7.0/toolchain/arm/arm-gnu-toolchain/bin/../lib/gcc/arm-none-eabi/6.3.1/thumb/v6-m\libgcc.a(gedf2.o)
 .ARM.attributes
                0x0000055a       0x2c c:/program files (x86)/atmel/studio/7.0/toolchain/arm/arm-gnu-toolchain/bin/../lib/gcc/arm-none-eabi/6.3.1/thumb/v6-m\libgcc.a(ledf2.o)
 .ARM.attributes
                0x00000586       0x2c c:/program files (x86)/atmel/studio/7.0/toolchain/arm/arm-gnu-toolchain/bin/../lib/gcc/arm-none-eabi/6.3.1/thumb/v6-m\libgcc.a(muldf3.o)
 .ARM.attributes
                0x000005b2       0x2c c:/program files (x86)/atmel/studio/7.0/toolchain/arm/arm-gnu-toolchain/bin/../lib/gcc/arm-none-eabi/6.3.1/thumb/v6-m\libgcc.a(subdf3.o)
 .ARM.attributes
                0x000005de       0x2c c:/program files (x86)/atmel/studio/7.0/toolchain/arm/arm-gnu-toolchain/bin/../lib/gcc/arm-none-eabi/6.3.1/thumb/v6-m\libgcc.a(fixdfsi.o)
 .ARM.attributes
                0x0000060a       0x2c c:/program files (x86)/atmel/studio/7.0/toolchain/arm/arm-gnu-toolchain/bin/../lib/gcc/arm-none-eabi/6.3.1/thumb/v6-m\libgcc.a(floatsidf.o)
 .ARM.attributes
                0x00000636       0x2c c:/program files (x86)/atmel/studio/7.0/toolchain/arm/arm-gnu-toolchain/bin/../lib/gcc/arm-none-eabi/6.3.1/thumb/v6-m\libgcc.a(floatunsidf.o)
 .ARM.attributes
                0x00000662       0x2c c:/program files (x86)/atmel/studio/7.0/toolchain/arm/arm-gnu-toolchain/bin/../lib/gcc/arm-none-eabi/6.3.1/thumb/v6-m\libgcc.a(extendsfdf2.o)
 .ARM.attributes
                0x0000068e       0x2c c:/program files (x86)/atmel/studio/7.0/toolchain/arm/arm-gnu-toolchain/bin/../lib/gcc/arm-none-eabi/6.3.1/thumb/v6-m\libgcc.a(truncdfsf2.o)
 .ARM.attributes
                0x000006ba       0x1e c:/program files (x86)/atmel/studio/7.0/toolchain/arm/arm-gnu-toolchain/bin/../lib/gcc/arm-none-eabi/6.3.1/thumb/v6-m\libgcc.a(_clzsi2.o)
 .ARM.attributes
                0x000006d8       0x2c c:/program files (x86)/atmel/studio/7.0/toolchain/arm/arm-gnu-toolchain/bin/../lib/gcc/arm-none-eabi/6.3.1/../../../../arm-none-eabi/lib/thumb/v6-m\libc_nano.a(lib_a-efgcvt.o)
 .ARM.attributes
                0x00000704       0x2c c:/program files (x86)/atmel/studio/7.0/toolchain/arm/arm-gnu-toolchain/bin/../lib/gcc/arm-none-eabi/6.3.1/../../../../arm-none-eabi/lib/thumb/v6-m\libc_nano.a(lib_a-impure.o)
 .ARM.attributes
                0x00000730       0x2c c:/program files (x86)/atmel/studio/7.0/toolchain/arm/arm-gnu-toolchain/bin/../lib/gcc/arm-none-eabi/6.3.1/../../../../arm-none-eabi/lib/thumb/v6-m\libc_nano.a(lib_a-init.o)
 .ARM.attributes
                0x0000075c       0x2c c:/program files (x86)/atmel/studio/7.0/toolchain/arm/arm-gnu-toolchain/bin/../lib/gcc/arm-none-eabi/6.3.1/../../../../arm-none-eabi/lib/thumb/v6-m\libc_nano.a(lib_a-memcpy-stub.o)
 .ARM.attributes
                0x00000788       0x2c c:/program files (x86)/atmel/studio/7.0/toolchain/arm/arm-gnu-toolchain/bin/../lib/gcc/arm-none-eabi/6.3.1/../../../../arm-none-eabi/lib/thumb/v6-m\libc_nano.a(lib_a-memset.o)
 .ARM.attributes
                0x000007b4       0x2c c:/program files (x86)/atmel/studio/7.0/toolchain/arm/arm-gnu-toolchain/bin/../lib/gcc/arm-none-eabi/6.3.1/../../../../arm-none-eabi/lib/thumb/v6-m\libc_nano.a(lib_a-ecvtbuf.o)
 .ARM.attributes
                0x000007e0       0x2c c:/program files (x86)/atmel/studio/7.0/toolchain/arm/arm-gnu-toolchain/bin/../lib/gcc/arm-none-eabi/6.3.1/../../../../arm-none-eabi/lib/thumb/v6-m\libc_nano.a(lib_a-mprec.o)
 .ARM.attributes
                0x0000080c       0x2c c:/program files (x86)/atmel/studio/7.0/toolchain/arm/arm-gnu-toolchain/bin/../lib/gcc/arm-none-eabi/6.3.1/../../../../arm-none-eabi/lib/thumb/v6-m\libc_nano.a(lib_a-nano-callocr.o)
 .ARM.attributes
                0x00000838       0x2c c:/program files (x86)/atmel/studio/7.0/toolchain/arm/arm-gnu-toolchain/bin/../lib/gcc/arm-none-eabi/6.3.1/../../../../arm-none-eabi/lib/thumb/v6-m\libc_nano.a(lib_a-nano-mallocr.o)
 .ARM.attributes
                0x00000864       0x2c c:/program files (x86)/atmel/studio/7.0/toolchain/arm/arm-gnu-toolchain/bin/../lib/gcc/arm-none-eabi/6.3.1/../../../../arm-none-eabi/lib/thumb/v6-m\libc_nano.a(lib_a-sbrkr.o)
 .ARM.attributes
                0x00000890       0x2c c:/program files (x86)/atmel/studio/7.0/toolchain/arm/arm-gnu-toolchain/bin/../lib/gcc/arm-none-eabi/6.3.1/../../../../arm-none-eabi/lib/thumb/v6-m\libc_nano.a(lib_a-strcpy.o)
 .ARM.attributes
                0x000008bc       0x2c c:/program files (x86)/atmel/studio/7.0/toolchain/arm/arm-gnu-toolchain/bin/../lib/gcc/arm-none-eabi/6.3.1/../../../../arm-none-eabi/lib/thumb/v6-m\libc_nano.a(lib_a-dtoa.o)
 .ARM.attributes
                0x000008e8       0x2c c:/program files (x86)/atmel/studio/7.0/toolchain/arm/arm-gnu-toolchain/bin/../lib/gcc/arm-none-eabi/6.3.1/../../../../arm-none-eabi/lib/thumb/v6-m\libc_nano.a(lib_a-malloc.o)
 .ARM.attributes
                0x00000914       0x2c c:/program files (x86)/atmel/studio/7.0/toolchain/arm/arm-gnu-toolchain/bin/../lib/gcc/arm-none-eabi/6.3.1/../../../../arm-none-eabi/lib/thumb/v6-m\libc_nano.a(lib_a-mlock.o)
 .ARM.attributes
                0x00000940       0x2c c:/program files (x86)/atmel/studio/7.0/toolchain/arm/arm-gnu-toolchain/bin/../lib/gcc/arm-none-eabi/6.3.1/../../../../arm-none-eabi/lib/thumb/v6-m\libc_nano.a(lib_a-reent.o)
 .ARM.attributes
                0x0000096c       0x1e c:/program files (x86)/atmel/studio/7.0/toolchain/arm/arm-gnu-toolchain/bin/../lib/gcc/arm-none-eabi/6.3.1/thumb/v6-m\libgcc.a(_thumb1_case_uqi.o)
 .ARM.attributes
                0x0000098a       0x1e c:/program files (x86)/atmel/studio/7.0/toolchain/arm/arm-gnu-toolchain/bin/../lib/gcc/arm-none-eabi/6.3.1/thumb/v6-m/crtn.o

.comment        0x00000000       0x59
 .comment       0x00000000       0x59 src/SeggerRTT/SEGGER_RTT.o
                                 0x5a (size before relaxing)
 .comment       0x00000059       0x5a src/SeggerRTT/SEGGER_RTT_printf.o
 .comment       0x00000059       0x5a src/ASF/common2/services/delay/sam0/systick_counter.o
 .comment       0x00000059       0x5a src/ASF/sam0/drivers/sercom/i2c/i2c_sam0/i2c_master.o
 .comment       0x00000059       0x5a src/ASF/sam0/drivers/sercom/i2c/i2c_sam0/i2c_master_interrupt.o
 .comment       0x00000059       0x5a src/ASF/thirdparty/freertos/freertos-7.4.2/Source/portable/GCC/ARM_CM0/port.o
 .comment       0x00000059       0x5a src/BMP280_Driver/bmp280.o
 .comment       0x00000059       0x5a src/PressureTemperature.o
 .comment       0x00000059       0x5a src/ASF/thirdparty/freertos/freertos-7.4.2/Source/list.o
 .comment       0x00000059       0x5a src/ASF/thirdparty/freertos/freertos-7.4.2/Source/tasks.o
 .comment       0x00000059       0x5a src/ASF/sam0/drivers/sercom/sercom.o
 .comment       0x00000059       0x5a src/ASF/sam0/drivers/sercom/sercom_interrupt.o
 .comment       0x00000059       0x5a src/ASF/common/utils/interrupt/interrupt_sam_nvic.o
 .comment       0x00000059       0x5a src/ASF/sam0/drivers/system/clock/clock_samd21_r21_da_ha1/clock.o
 .comment       0x00000059       0x5a src/ASF/sam0/drivers/system/clock/clock_samd21_r21_da_ha1/gclk.o
 .comment       0x00000059       0x5a src/ASF/sam0/drivers/system/pinmux/pinmux.o
 .comment       0x00000059       0x5a src/ASF/sam0/utils/cmsis/samd21/source/gcc/startup_samd21.o
 .comment       0x00000059       0x5a src/ASF/sam0/utils/syscalls/gcc/syscalls.o
 .comment       0x00000059       0x5a src/I2C.o
 .comment       0x00000059       0x5a src/main.o

.debug_info     0x00000000    0x2a7a4
 .debug_info    0x00000000     0x1d2c src/SeggerRTT/SEGGER_RTT.o
 .debug_info    0x00001d2c     0x10d1 src/SeggerRTT/SEGGER_RTT_printf.o
 .debug_info    0x00002dfd      0xb8d src/ASF/common2/services/delay/sam0/systick_counter.o
 .debug_info    0x0000398a     0x4f6e src/ASF/sam0/drivers/sercom/i2c/i2c_sam0/i2c_master.o
 .debug_info    0x000088f8     0x3133 src/ASF/sam0/drivers/sercom/i2c/i2c_sam0/i2c_master_interrupt.o
 .debug_info    0x0000ba2b      0x21e src/ASF/thirdparty/freertos/freertos-7.4.2/Source/portable/GCC/ARM_CM0/port.o
 .debug_info    0x0000bc49     0x127c src/BMP280_Driver/bmp280.o
 .debug_info    0x0000cec5     0x31ea src/PressureTemperature.o
 .debug_info    0x000100af      0xbbd src/ASF/thirdparty/freertos/freertos-7.4.2/Source/list.o
 .debug_info    0x00010c6c     0x1fcb src/ASF/thirdparty/freertos/freertos-7.4.2/Source/tasks.o
 .debug_info    0x00012c37     0x2dd8 src/ASF/sam0/drivers/sercom/sercom.o
 .debug_info    0x00015a0f     0x2bd2 src/ASF/sam0/drivers/sercom/sercom_interrupt.o
 .debug_info    0x000185e1      0xb07 src/ASF/common/utils/interrupt/interrupt_sam_nvic.o
 .debug_info    0x000190e8     0x37bf src/ASF/sam0/drivers/system/clock/clock_samd21_r21_da_ha1/clock.o
 .debug_info    0x0001c8a7     0x1ed1 src/ASF/sam0/drivers/system/clock/clock_samd21_r21_da_ha1/gclk.o
 .debug_info    0x0001e778     0x13f5 src/ASF/sam0/drivers/system/pinmux/pinmux.o
 .debug_info    0x0001fb6d     0x3a49 src/ASF/sam0/utils/cmsis/samd21/source/gcc/startup_samd21.o
 .debug_info    0x000235b6      0xd98 src/ASF/sam0/utils/syscalls/gcc/syscalls.o
 .debug_info    0x0002434e     0x3322 src/I2C.o
 .debug_info    0x00027670     0x3134 src/main.o

.debug_abbrev   0x00000000     0x3e2d
 .debug_abbrev  0x00000000      0x32c src/SeggerRTT/SEGGER_RTT.o
 .debug_abbrev  0x0000032c      0x370 src/SeggerRTT/SEGGER_RTT_printf.o
 .debug_abbrev  0x0000069c      0x24b src/ASF/common2/services/delay/sam0/systick_counter.o
 .debug_abbrev  0x000008e7      0x4fb src/ASF/sam0/drivers/sercom/i2c/i2c_sam0/i2c_master.o
 .debug_abbrev  0x00000de2      0x427 src/ASF/sam0/drivers/sercom/i2c/i2c_sam0/i2c_master_interrupt.o
 .debug_abbrev  0x00001209      0x131 src/ASF/thirdparty/freertos/freertos-7.4.2/Source/portable/GCC/ARM_CM0/port.o
 .debug_abbrev  0x0000133a      0x294 src/BMP280_Driver/bmp280.o
 .debug_abbrev  0x000015ce      0x30d src/PressureTemperature.o
 .debug_abbrev  0x000018db      0x221 src/ASF/thirdparty/freertos/freertos-7.4.2/Source/list.o
 .debug_abbrev  0x00001afc      0x3a8 src/ASF/thirdparty/freertos/freertos-7.4.2/Source/tasks.o
 .debug_abbrev  0x00001ea4      0x378 src/ASF/sam0/drivers/sercom/sercom.o
 .debug_abbrev  0x0000221c      0x2d8 src/ASF/sam0/drivers/sercom/sercom_interrupt.o
 .debug_abbrev  0x000024f4      0x22c src/ASF/common/utils/interrupt/interrupt_sam_nvic.o
 .debug_abbrev  0x00002720      0x465 src/ASF/sam0/drivers/system/clock/clock_samd21_r21_da_ha1/clock.o
 .debug_abbrev  0x00002b85      0x3f1 src/ASF/sam0/drivers/system/clock/clock_samd21_r21_da_ha1/gclk.o
 .debug_abbrev  0x00002f76      0x37b src/ASF/sam0/drivers/system/pinmux/pinmux.o
 .debug_abbrev  0x000032f1      0x234 src/ASF/sam0/utils/cmsis/samd21/source/gcc/startup_samd21.o
 .debug_abbrev  0x00003525      0x257 src/ASF/sam0/utils/syscalls/gcc/syscalls.o
 .debug_abbrev  0x0000377c      0x3e4 src/I2C.o
 .debug_abbrev  0x00003b60      0x2cd src/main.o

.debug_loc      0x00000000     0x980c
 .debug_loc     0x00000000     0x22b4 src/SeggerRTT/SEGGER_RTT.o
 .debug_loc     0x000022b4      0x9d9 src/SeggerRTT/SEGGER_RTT_printf.o
 .debug_loc     0x00002c8d       0xe4 src/ASF/common2/services/delay/sam0/systick_counter.o
 .debug_loc     0x00002d71      0xff8 src/ASF/sam0/drivers/sercom/i2c/i2c_sam0/i2c_master.o
 .debug_loc     0x00003d69      0x7ec src/ASF/sam0/drivers/sercom/i2c/i2c_sam0/i2c_master_interrupt.o
 .debug_loc     0x00004555       0xbd src/ASF/thirdparty/freertos/freertos-7.4.2/Source/portable/GCC/ARM_CM0/port.o
 .debug_loc     0x00004612     0x16e7 src/BMP280_Driver/bmp280.o
 .debug_loc     0x00005cf9      0x342 src/PressureTemperature.o
 .debug_loc     0x0000603b       0x9b src/ASF/thirdparty/freertos/freertos-7.4.2/Source/list.o
 .debug_loc     0x000060d6     0x1014 src/ASF/thirdparty/freertos/freertos-7.4.2/Source/tasks.o
 .debug_loc     0x000070ea      0x9d5 src/ASF/sam0/drivers/sercom/sercom.o
 .debug_loc     0x00007abf      0x161 src/ASF/sam0/drivers/sercom/sercom_interrupt.o
 .debug_loc     0x00007c20      0xef0 src/ASF/sam0/drivers/system/clock/clock_samd21_r21_da_ha1/clock.o
 .debug_loc     0x00008b10      0x504 src/ASF/sam0/drivers/system/clock/clock_samd21_r21_da_ha1/gclk.o
 .debug_loc     0x00009014      0x36d src/ASF/sam0/drivers/system/pinmux/pinmux.o
 .debug_loc     0x00009381       0x40 src/ASF/sam0/utils/cmsis/samd21/source/gcc/startup_samd21.o
 .debug_loc     0x000093c1       0xef src/ASF/sam0/utils/syscalls/gcc/syscalls.o
 .debug_loc     0x000094b0      0x297 src/I2C.o
 .debug_loc     0x00009747       0xc5 src/main.o

.debug_aranges  0x00000000      0x840
 .debug_aranges
                0x00000000      0x108 src/SeggerRTT/SEGGER_RTT.o
 .debug_aranges
                0x00000108       0x38 src/SeggerRTT/SEGGER_RTT_printf.o
 .debug_aranges
                0x00000140       0x30 src/ASF/common2/services/delay/sam0/systick_counter.o
 .debug_aranges
                0x00000170       0xa0 src/ASF/sam0/drivers/sercom/i2c/i2c_sam0/i2c_master.o
 .debug_aranges
                0x00000210       0x90 src/ASF/sam0/drivers/sercom/i2c/i2c_sam0/i2c_master_interrupt.o
 .debug_aranges
                0x000002a0       0x70 src/ASF/thirdparty/freertos/freertos-7.4.2/Source/portable/GCC/ARM_CM0/port.o
 .debug_aranges
                0x00000310       0xa8 src/BMP280_Driver/bmp280.o
 .debug_aranges
                0x000003b8       0x48 src/PressureTemperature.o
 .debug_aranges
                0x00000400       0x40 src/ASF/thirdparty/freertos/freertos-7.4.2/Source/list.o
 .debug_aranges
                0x00000440      0x110 src/ASF/thirdparty/freertos/freertos-7.4.2/Source/tasks.o
 .debug_aranges
                0x00000550       0x48 src/ASF/sam0/drivers/sercom/sercom.o
 .debug_aranges
                0x00000598       0x60 src/ASF/sam0/drivers/sercom/sercom_interrupt.o
 .debug_aranges
                0x000005f8       0x28 src/ASF/common/utils/interrupt/interrupt_sam_nvic.o
 .debug_aranges
                0x00000620       0x78 src/ASF/sam0/drivers/system/clock/clock_samd21_r21_da_ha1/clock.o
 .debug_aranges
                0x00000698       0x80 src/ASF/sam0/drivers/system/clock/clock_samd21_r21_da_ha1/gclk.o
 .debug_aranges
                0x00000718       0x40 src/ASF/sam0/drivers/system/pinmux/pinmux.o
 .debug_aranges
                0x00000758       0x28 src/ASF/sam0/utils/cmsis/samd21/source/gcc/startup_samd21.o
 .debug_aranges
                0x00000780       0x60 src/ASF/sam0/utils/syscalls/gcc/syscalls.o
 .debug_aranges
                0x000007e0       0x40 src/I2C.o
 .debug_aranges
                0x00000820       0x20 src/main.o

.debug_ranges   0x00000000      0x8f8
 .debug_ranges  0x00000000      0x1a8 src/SeggerRTT/SEGGER_RTT.o
 .debug_ranges  0x000001a8       0x40 src/SeggerRTT/SEGGER_RTT_printf.o
 .debug_ranges  0x000001e8       0x50 src/ASF/common2/services/delay/sam0/systick_counter.o
 .debug_ranges  0x00000238       0xa8 src/ASF/sam0/drivers/sercom/i2c/i2c_sam0/i2c_master.o
 .debug_ranges  0x000002e0       0x98 src/ASF/sam0/drivers/sercom/i2c/i2c_sam0/i2c_master_interrupt.o
 .debug_ranges  0x00000378       0x60 src/ASF/thirdparty/freertos/freertos-7.4.2/Source/portable/GCC/ARM_CM0/port.o
 .debug_ranges  0x000003d8       0x98 src/BMP280_Driver/bmp280.o
 .debug_ranges  0x00000470       0x38 src/PressureTemperature.o
 .debug_ranges  0x000004a8       0x30 src/ASF/thirdparty/freertos/freertos-7.4.2/Source/list.o
 .debug_ranges  0x000004d8      0x1a0 src/ASF/thirdparty/freertos/freertos-7.4.2/Source/tasks.o
 .debug_ranges  0x00000678       0x50 src/ASF/sam0/drivers/sercom/sercom.o
 .debug_ranges  0x000006c8       0x50 src/ASF/sam0/drivers/sercom/sercom_interrupt.o
 .debug_ranges  0x00000718       0x18 src/ASF/common/utils/interrupt/interrupt_sam_nvic.o
 .debug_ranges  0x00000730       0x68 src/ASF/sam0/drivers/system/clock/clock_samd21_r21_da_ha1/clock.o
 .debug_ranges  0x00000798       0x88 src/ASF/sam0/drivers/system/clock/clock_samd21_r21_da_ha1/gclk.o
 .debug_ranges  0x00000820       0x30 src/ASF/sam0/drivers/system/pinmux/pinmux.o
 .debug_ranges  0x00000850       0x18 src/ASF/sam0/utils/cmsis/samd21/source/gcc/startup_samd21.o
 .debug_ranges  0x00000868       0x50 src/ASF/sam0/utils/syscalls/gcc/syscalls.o
 .debug_ranges  0x000008b8       0x30 src/I2C.o
 .debug_ranges  0x000008e8       0x10 src/main.o

.debug_macro    0x00000000    0x19e16
 .debug_macro   0x00000000      0x15b src/SeggerRTT/SEGGER_RTT.o
 .debug_macro   0x0000015b      0x8bc src/SeggerRTT/SEGGER_RTT.o
 .debug_macro   0x00000a17       0x4f src/SeggerRTT/SEGGER_RTT.o
 .debug_macro   0x00000a66      0x115 src/SeggerRTT/SEGGER_RTT.o
 .debug_macro   0x00000b7b       0x22 src/SeggerRTT/SEGGER_RTT.o
 .debug_macro   0x00000b9d       0x52 src/SeggerRTT/SEGGER_RTT.o
 .debug_macro   0x00000bef       0x8d src/SeggerRTT/SEGGER_RTT.o
 .debug_macro   0x00000c7c       0x35 src/SeggerRTT/SEGGER_RTT.o
 .debug_macro   0x00000cb1       0x9c src/SeggerRTT/SEGGER_RTT.o
 .debug_macro   0x00000d4d      0x16d src/SeggerRTT/SEGGER_RTT.o
 .debug_macro   0x00000eba       0x57 src/SeggerRTT/SEGGER_RTT.o
 .debug_macro   0x00000f11       0x58 src/SeggerRTT/SEGGER_RTT.o
 .debug_macro   0x00000f69       0x1f src/SeggerRTT/SEGGER_RTT.o
 .debug_macro   0x00000f88       0x43 src/SeggerRTT/SEGGER_RTT.o
 .debug_macro   0x00000fcb       0x20 src/SeggerRTT/SEGGER_RTT.o
 .debug_macro   0x00000feb      0x187 src/SeggerRTT/SEGGER_RTT.o
 .debug_macro   0x00001172      0x353 src/SeggerRTT/SEGGER_RTT.o
 .debug_macro   0x000014c5       0x10 src/SeggerRTT/SEGGER_RTT.o
 .debug_macro   0x000014d5       0x35 src/SeggerRTT/SEGGER_RTT.o
 .debug_macro   0x0000150a      0x130 src/SeggerRTT/SEGGER_RTT_printf.o
 .debug_macro   0x0000163a       0x16 src/SeggerRTT/SEGGER_RTT_printf.o
 .debug_macro   0x00001650      0x10e src/SeggerRTT/SEGGER_RTT_printf.o
 .debug_macro   0x0000175e       0x86 src/SeggerRTT/SEGGER_RTT_printf.o
 .debug_macro   0x000017e4       0x16 src/SeggerRTT/SEGGER_RTT_printf.o
 .debug_macro   0x000017fa       0x29 src/SeggerRTT/SEGGER_RTT_printf.o
 .debug_macro   0x00001823       0x58 src/SeggerRTT/SEGGER_RTT_printf.o
 .debug_macro   0x0000187b      0x539 src/ASF/common2/services/delay/sam0/systick_counter.o
 .debug_macro   0x00001db4      0x64b src/ASF/common2/services/delay/sam0/systick_counter.o
 .debug_macro   0x000023ff       0x87 src/ASF/common2/services/delay/sam0/systick_counter.o
 .debug_macro   0x00002486       0x51 src/ASF/common2/services/delay/sam0/systick_counter.o
 .debug_macro   0x000024d7       0xef src/ASF/common2/services/delay/sam0/systick_counter.o
 .debug_macro   0x000025c6       0x6a src/ASF/common2/services/delay/sam0/systick_counter.o
 .debug_macro   0x00002630      0x1df src/ASF/common2/services/delay/sam0/systick_counter.o
 .debug_macro   0x0000280f       0x10 src/ASF/common2/services/delay/sam0/systick_counter.o
 .debug_macro   0x0000281f       0x76 src/ASF/common2/services/delay/sam0/systick_counter.o
 .debug_macro   0x00002895       0x16 src/ASF/common2/services/delay/sam0/systick_counter.o
 .debug_macro   0x000028ab      0x6e5 src/ASF/common2/services/delay/sam0/systick_counter.o
 .debug_macro   0x00002f90      0xde2 src/ASF/common2/services/delay/sam0/systick_counter.o
 .debug_macro   0x00003d72       0x22 src/ASF/common2/services/delay/sam0/systick_counter.o
 .debug_macro   0x00003d94       0x40 src/ASF/common2/services/delay/sam0/systick_counter.o
 .debug_macro   0x00003dd4       0x3a src/ASF/common2/services/delay/sam0/systick_counter.o
 .debug_macro   0x00003e0e       0x1f src/ASF/common2/services/delay/sam0/systick_counter.o
 .debug_macro   0x00003e2d      0x250 src/ASF/common2/services/delay/sam0/systick_counter.o
 .debug_macro   0x0000407d      0x682 src/ASF/common2/services/delay/sam0/systick_counter.o
 .debug_macro   0x000046ff      0x8bf src/ASF/common2/services/delay/sam0/systick_counter.o
 .debug_macro   0x00004fbe      0x235 src/ASF/common2/services/delay/sam0/systick_counter.o
 .debug_macro   0x000051f3      0xd6a src/ASF/common2/services/delay/sam0/systick_counter.o
 .debug_macro   0x00005f5d      0x4ce src/ASF/common2/services/delay/sam0/systick_counter.o
 .debug_macro   0x0000642b      0x9f8 src/ASF/common2/services/delay/sam0/systick_counter.o
 .debug_macro   0x00006e23      0x82b src/ASF/common2/services/delay/sam0/systick_counter.o
 .debug_macro   0x0000764e      0x45f src/ASF/common2/services/delay/sam0/systick_counter.o
 .debug_macro   0x00007aad       0x5e src/ASF/common2/services/delay/sam0/systick_counter.o
 .debug_macro   0x00007b0b      0x906 src/ASF/common2/services/delay/sam0/systick_counter.o
 .debug_macro   0x00008411      0x225 src/ASF/common2/services/delay/sam0/systick_counter.o
 .debug_macro   0x00008636      0x963 src/ASF/common2/services/delay/sam0/systick_counter.o
 .debug_macro   0x00008f99       0x5e src/ASF/common2/services/delay/sam0/systick_counter.o
 .debug_macro   0x00008ff7      0x671 src/ASF/common2/services/delay/sam0/systick_counter.o
 .debug_macro   0x00009668      0x3af src/ASF/common2/services/delay/sam0/systick_counter.o
 .debug_macro   0x00009a17      0xc7f src/ASF/common2/services/delay/sam0/systick_counter.o
 .debug_macro   0x0000a696     0x1092 src/ASF/common2/services/delay/sam0/systick_counter.o
 .debug_macro   0x0000b728      0xc4a src/ASF/common2/services/delay/sam0/systick_counter.o
 .debug_macro   0x0000c372      0x6bf src/ASF/common2/services/delay/sam0/systick_counter.o
 .debug_macro   0x0000ca31     0x1bc9 src/ASF/common2/services/delay/sam0/systick_counter.o
 .debug_macro   0x0000e5fa     0x144a src/ASF/common2/services/delay/sam0/systick_counter.o
 .debug_macro   0x0000fa44      0x34e src/ASF/common2/services/delay/sam0/systick_counter.o
 .debug_macro   0x0000fd92       0x7c src/ASF/common2/services/delay/sam0/systick_counter.o
 .debug_macro   0x0000fe0e       0xa0 src/ASF/common2/services/delay/sam0/systick_counter.o
 .debug_macro   0x0000feae       0x4c src/ASF/common2/services/delay/sam0/systick_counter.o
 .debug_macro   0x0000fefa       0xca src/ASF/common2/services/delay/sam0/systick_counter.o
 .debug_macro   0x0000ffc4       0x94 src/ASF/common2/services/delay/sam0/systick_counter.o
 .debug_macro   0x00010058       0x58 src/ASF/common2/services/delay/sam0/systick_counter.o
 .debug_macro   0x000100b0      0x387 src/ASF/common2/services/delay/sam0/systick_counter.o
 .debug_macro   0x00010437       0x82 src/ASF/common2/services/delay/sam0/systick_counter.o
 .debug_macro   0x000104b9      0x197 src/ASF/common2/services/delay/sam0/systick_counter.o
 .debug_macro   0x00010650       0xb8 src/ASF/common2/services/delay/sam0/systick_counter.o
 .debug_macro   0x00010708       0xa0 src/ASF/common2/services/delay/sam0/systick_counter.o
 .debug_macro   0x000107a8       0xb8 src/ASF/common2/services/delay/sam0/systick_counter.o
 .debug_macro   0x00010860       0x1c src/ASF/common2/services/delay/sam0/systick_counter.o
 .debug_macro   0x0001087c       0x1c src/ASF/common2/services/delay/sam0/systick_counter.o
 .debug_macro   0x00010898       0x1c src/ASF/common2/services/delay/sam0/systick_counter.o
 .debug_macro   0x000108b4       0x82 src/ASF/common2/services/delay/sam0/systick_counter.o
 .debug_macro   0x00010936      0x161 src/ASF/common2/services/delay/sam0/systick_counter.o
 .debug_macro   0x00010a97       0xdc src/ASF/common2/services/delay/sam0/systick_counter.o
 .debug_macro   0x00010b73      0x12f src/ASF/common2/services/delay/sam0/systick_counter.o
 .debug_macro   0x00010ca2      0x12f src/ASF/common2/services/delay/sam0/systick_counter.o
 .debug_macro   0x00010dd1      0x12f src/ASF/common2/services/delay/sam0/systick_counter.o
 .debug_macro   0x00010f00      0x12f src/ASF/common2/services/delay/sam0/systick_counter.o
 .debug_macro   0x0001102f      0x12f src/ASF/common2/services/delay/sam0/systick_counter.o
 .debug_macro   0x0001115e      0x12f src/ASF/common2/services/delay/sam0/systick_counter.o
 .debug_macro   0x0001128d      0x124 src/ASF/common2/services/delay/sam0/systick_counter.o
 .debug_macro   0x000113b1       0xe2 src/ASF/common2/services/delay/sam0/systick_counter.o
 .debug_macro   0x00011493       0xe2 src/ASF/common2/services/delay/sam0/systick_counter.o
 .debug_macro   0x00011575       0xe2 src/ASF/common2/services/delay/sam0/systick_counter.o
 .debug_macro   0x00011657      0x133 src/ASF/common2/services/delay/sam0/systick_counter.o
 .debug_macro   0x0001178a      0x106 src/ASF/common2/services/delay/sam0/systick_counter.o
 .debug_macro   0x00011890       0xfa src/ASF/common2/services/delay/sam0/systick_counter.o
 .debug_macro   0x0001198a      0x40f src/ASF/common2/services/delay/sam0/systick_counter.o
 .debug_macro   0x00011d99       0x40 src/ASF/common2/services/delay/sam0/systick_counter.o
 .debug_macro   0x00011dd9      0x361 src/ASF/common2/services/delay/sam0/systick_counter.o
 .debug_macro   0x0001213a     0x16ed src/ASF/common2/services/delay/sam0/systick_counter.o
 .debug_macro   0x00013827       0x6d src/ASF/common2/services/delay/sam0/systick_counter.o
 .debug_macro   0x00013894       0x58 src/ASF/common2/services/delay/sam0/systick_counter.o
 .debug_macro   0x000138ec       0x16 src/ASF/common2/services/delay/sam0/systick_counter.o
 .debug_macro   0x00013902       0x10 src/ASF/common2/services/delay/sam0/systick_counter.o
 .debug_macro   0x00013912       0x10 src/ASF/common2/services/delay/sam0/systick_counter.o
 .debug_macro   0x00013922       0x1c src/ASF/common2/services/delay/sam0/systick_counter.o
 .debug_macro   0x0001393e       0x52 src/ASF/common2/services/delay/sam0/systick_counter.o
 .debug_macro   0x00013990       0x40 src/ASF/common2/services/delay/sam0/systick_counter.o
 .debug_macro   0x000139d0       0x10 src/ASF/common2/services/delay/sam0/systick_counter.o
 .debug_macro   0x000139e0       0x40 src/ASF/common2/services/delay/sam0/systick_counter.o
 .debug_macro   0x00013a20       0xd7 src/ASF/common2/services/delay/sam0/systick_counter.o
 .debug_macro   0x00013af7       0x16 src/ASF/common2/services/delay/sam0/systick_counter.o
 .debug_macro   0x00013b0d      0x18b src/ASF/common2/services/delay/sam0/systick_counter.o
 .debug_macro   0x00013c98       0x51 src/ASF/common2/services/delay/sam0/systick_counter.o
 .debug_macro   0x00013ce9       0x3f src/ASF/common2/services/delay/sam0/systick_counter.o
 .debug_macro   0x00013d28      0x3df src/ASF/common2/services/delay/sam0/systick_counter.o
 .debug_macro   0x00014107       0x11 src/ASF/common2/services/delay/sam0/systick_counter.o
 .debug_macro   0x00014118       0x16 src/ASF/common2/services/delay/sam0/systick_counter.o
 .debug_macro   0x0001412e       0x16 src/ASF/common2/services/delay/sam0/systick_counter.o
 .debug_macro   0x00014144      0x5ad src/ASF/sam0/drivers/sercom/i2c/i2c_sam0/i2c_master.o
 .debug_macro   0x000146f1       0x18 src/ASF/sam0/drivers/sercom/i2c/i2c_sam0/i2c_master.o
 .debug_macro   0x00014709       0x16 src/ASF/sam0/drivers/sercom/i2c/i2c_sam0/i2c_master.o
 .debug_macro   0x0001471f       0x2e src/ASF/sam0/drivers/sercom/i2c/i2c_sam0/i2c_master.o
 .debug_macro   0x0001474d       0xb2 src/ASF/sam0/drivers/sercom/i2c/i2c_sam0/i2c_master.o
 .debug_macro   0x000147ff       0x10 src/ASF/sam0/drivers/sercom/i2c/i2c_sam0/i2c_master.o
 .debug_macro   0x0001480f       0x27 src/ASF/sam0/drivers/sercom/i2c/i2c_sam0/i2c_master.o
 .debug_macro   0x00014836      0x5a9 src/ASF/sam0/drivers/sercom/i2c/i2c_sam0/i2c_master_interrupt.o
 .debug_macro   0x00014ddf      0x122 src/ASF/thirdparty/freertos/freertos-7.4.2/Source/portable/GCC/ARM_CM0/port.o
 .debug_macro   0x00014f01       0x85 src/BMP280_Driver/bmp280.o
 .debug_macro   0x00014f86      0x357 src/BMP280_Driver/bmp280.o
 .debug_macro   0x000152dd      0x70b src/PressureTemperature.o
 .debug_macro   0x000159e8      0x118 src/PressureTemperature.o
 .debug_macro   0x00015b00       0x16 src/PressureTemperature.o
 .debug_macro   0x00015b16       0x43 src/PressureTemperature.o
 .debug_macro   0x00015b59       0x9c src/PressureTemperature.o
 .debug_macro   0x00015bf5       0x78 src/PressureTemperature.o
 .debug_macro   0x00015c6d       0x5d src/PressureTemperature.o
 .debug_macro   0x00015cca       0x5b src/PressureTemperature.o
 .debug_macro   0x00015d25      0x2c6 src/PressureTemperature.o
 .debug_macro   0x00015feb       0x82 src/PressureTemperature.o
 .debug_macro   0x0001606d       0x2d src/PressureTemperature.o
 .debug_macro   0x0001609a       0x1c src/PressureTemperature.o
 .debug_macro   0x000160b6      0x17f src/ASF/thirdparty/freertos/freertos-7.4.2/Source/list.o
 .debug_macro   0x00016235      0x2ee src/ASF/thirdparty/freertos/freertos-7.4.2/Source/tasks.o
 .debug_macro   0x00016523       0x97 src/ASF/thirdparty/freertos/freertos-7.4.2/Source/tasks.o
 .debug_macro   0x000165ba       0xf6 src/ASF/thirdparty/freertos/freertos-7.4.2/Source/tasks.o
 .debug_macro   0x000166b0      0x58b src/ASF/sam0/drivers/sercom/sercom.o
 .debug_macro   0x00016c3b      0x588 src/ASF/sam0/drivers/sercom/sercom_interrupt.o
 .debug_macro   0x000171c3      0x4fe src/ASF/common/utils/interrupt/interrupt_sam_nvic.o
 .debug_macro   0x000176c1      0x56f src/ASF/sam0/drivers/system/clock/clock_samd21_r21_da_ha1/clock.o
 .debug_macro   0x00017c30      0x29d src/ASF/sam0/drivers/system/clock/clock_samd21_r21_da_ha1/clock.o
 .debug_macro   0x00017ecd      0x534 src/ASF/sam0/drivers/system/clock/clock_samd21_r21_da_ha1/gclk.o
 .debug_macro   0x00018401      0x50e src/ASF/sam0/drivers/system/pinmux/pinmux.o
 .debug_macro   0x0001890f       0x12 src/ASF/sam0/drivers/system/pinmux/pinmux.o
 .debug_macro   0x00018921      0x2e5 src/ASF/sam0/utils/cmsis/samd21/source/gcc/startup_samd21.o
 .debug_macro   0x00018c06       0x3a src/ASF/sam0/utils/cmsis/samd21/source/gcc/startup_samd21.o
 .debug_macro   0x00018c40      0x1d6 src/ASF/sam0/utils/syscalls/gcc/syscalls.o
 .debug_macro   0x00018e16       0x4c src/ASF/sam0/utils/syscalls/gcc/syscalls.o
 .debug_macro   0x00018e62       0x16 src/ASF/sam0/utils/syscalls/gcc/syscalls.o
 .debug_macro   0x00018e78       0x10 src/ASF/sam0/utils/syscalls/gcc/syscalls.o
 .debug_macro   0x00018e88       0x10 src/ASF/sam0/utils/syscalls/gcc/syscalls.o
 .debug_macro   0x00018e98       0x35 src/ASF/sam0/utils/syscalls/gcc/syscalls.o
 .debug_macro   0x00018ecd      0x122 src/ASF/sam0/utils/syscalls/gcc/syscalls.o
 .debug_macro   0x00018fef      0x6e7 src/I2C.o
 .debug_macro   0x000196d6       0x16 src/I2C.o
 .debug_macro   0x000196ec      0x72a src/main.o

.debug_line     0x00000000     0xc11f
 .debug_line    0x00000000      0x71b src/SeggerRTT/SEGGER_RTT.o
 .debug_line    0x0000071b      0x439 src/SeggerRTT/SEGGER_RTT_printf.o
 .debug_line    0x00000b54      0x9bc src/ASF/common2/services/delay/sam0/systick_counter.o
 .debug_line    0x00001510      0xe4a src/ASF/sam0/drivers/sercom/i2c/i2c_sam0/i2c_master.o
 .debug_line    0x0000235a      0xdc5 src/ASF/sam0/drivers/sercom/i2c/i2c_sam0/i2c_master_interrupt.o
 .debug_line    0x0000311f      0x430 src/ASF/thirdparty/freertos/freertos-7.4.2/Source/portable/GCC/ARM_CM0/port.o
 .debug_line    0x0000354f      0x535 src/BMP280_Driver/bmp280.o
 .debug_line    0x00003a84      0xe94 src/PressureTemperature.o
 .debug_line    0x00004918      0x470 src/ASF/thirdparty/freertos/freertos-7.4.2/Source/list.o
 .debug_line    0x00004d88      0xa93 src/ASF/thirdparty/freertos/freertos-7.4.2/Source/tasks.o
 .debug_line    0x0000581b      0xbcc src/ASF/sam0/drivers/sercom/sercom.o
 .debug_line    0x000063e7      0xb6f src/ASF/sam0/drivers/sercom/sercom_interrupt.o
 .debug_line    0x00006f56      0x8c6 src/ASF/common/utils/interrupt/interrupt_sam_nvic.o
 .debug_line    0x0000781c      0xc47 src/ASF/sam0/drivers/system/clock/clock_samd21_r21_da_ha1/clock.o
 .debug_line    0x00008463      0xc6e src/ASF/sam0/drivers/system/clock/clock_samd21_r21_da_ha1/gclk.o
 .debug_line    0x000090d1      0x93f src/ASF/sam0/drivers/system/pinmux/pinmux.o
 .debug_line    0x00009a10      0x644 src/ASF/sam0/utils/cmsis/samd21/source/gcc/startup_samd21.o
 .debug_line    0x0000a054      0x40a src/ASF/sam0/utils/syscalls/gcc/syscalls.o
 .debug_line    0x0000a45e      0xe54 src/I2C.o
 .debug_line    0x0000b2b2      0xe6d src/main.o

.debug_str      0x00000000    0x8dabe
 .debug_str     0x00000000     0x64d3 src/SeggerRTT/SEGGER_RTT.o
                               0x6692 (size before relaxing)
 .debug_str     0x000064d3      0x36f src/SeggerRTT/SEGGER_RTT_printf.o
                               0x64dc (size before relaxing)
 .debug_str     0x00006842    0x793d2 src/ASF/common2/services/delay/sam0/systick_counter.o
                              0x7f50e (size before relaxing)
 .debug_str     0x0007fc14     0x24bd src/ASF/sam0/drivers/sercom/i2c/i2c_sam0/i2c_master.o
                              0x81948 (size before relaxing)
 .debug_str     0x000820d1      0x264 src/ASF/sam0/drivers/sercom/i2c/i2c_sam0/i2c_master_interrupt.o
                              0x80920 (size before relaxing)
 .debug_str     0x00082335     0x216a src/ASF/thirdparty/freertos/freertos-7.4.2/Source/portable/GCC/ARM_CM0/port.o
                               0x58e2 (size before relaxing)
 .debug_str     0x0008449f     0x149f src/BMP280_Driver/bmp280.o
                               0x4ccc (size before relaxing)
 .debug_str     0x0008593e     0x28d5 src/PressureTemperature.o
                              0x861af (size before relaxing)
 .debug_str     0x00088213      0x153 src/ASF/thirdparty/freertos/freertos-7.4.2/Source/list.o
                               0x80c1 (size before relaxing)
 .debug_str     0x00088366      0xe3a src/ASF/thirdparty/freertos/freertos-7.4.2/Source/tasks.o
                               0xa9e7 (size before relaxing)
 .debug_str     0x000891a0      0x367 src/ASF/sam0/drivers/sercom/sercom.o
                              0x809df (size before relaxing)
 .debug_str     0x00089507      0x158 src/ASF/sam0/drivers/sercom/sercom_interrupt.o
                              0x80842 (size before relaxing)
 .debug_str     0x0008965f       0x66 src/ASF/common/utils/interrupt/interrupt_sam_nvic.o
                              0x7f2fe (size before relaxing)
 .debug_str     0x000896c5     0x278e src/ASF/sam0/drivers/system/clock/clock_samd21_r21_da_ha1/clock.o
                              0x82497 (size before relaxing)
 .debug_str     0x0008be53      0x1e3 src/ASF/sam0/drivers/system/clock/clock_samd21_r21_da_ha1/gclk.o
                              0x7ffc1 (size before relaxing)
 .debug_str     0x0008c036      0x340 src/ASF/sam0/drivers/system/pinmux/pinmux.o
                              0x7f7a0 (size before relaxing)
 .debug_str     0x0008c376      0xf28 src/ASF/sam0/utils/cmsis/samd21/source/gcc/startup_samd21.o
                              0x6b2f6 (size before relaxing)
 .debug_str     0x0008d29e      0x68d src/ASF/sam0/utils/syscalls/gcc/syscalls.o
                               0x73b2 (size before relaxing)
 .debug_str     0x0008d92b      0x159 src/I2C.o
                              0x85730 (size before relaxing)
 .debug_str     0x0008da84       0x3a src/main.o
                              0x868a8 (size before relaxing)

.debug_frame    0x00000000     0x1e6c
 .debug_frame   0x00000000      0x39c src/SeggerRTT/SEGGER_RTT.o
 .debug_frame   0x0000039c       0x9c src/SeggerRTT/SEGGER_RTT_printf.o
 .debug_frame   0x00000438       0x64 src/ASF/common2/services/delay/sam0/systick_counter.o
 .debug_frame   0x0000049c      0x1f0 src/ASF/sam0/drivers/sercom/i2c/i2c_sam0/i2c_master.o
 .debug_frame   0x0000068c      0x170 src/ASF/sam0/drivers/sercom/i2c/i2c_sam0/i2c_master_interrupt.o
 .debug_frame   0x000007fc       0xd8 src/ASF/thirdparty/freertos/freertos-7.4.2/Source/portable/GCC/ARM_CM0/port.o
 .debug_frame   0x000008d4      0x230 src/BMP280_Driver/bmp280.o
 .debug_frame   0x00000b04       0xbc src/PressureTemperature.o
 .debug_frame   0x00000bc0       0x68 src/ASF/thirdparty/freertos/freertos-7.4.2/Source/list.o
 .debug_frame   0x00000c28      0x320 src/ASF/thirdparty/freertos/freertos-7.4.2/Source/tasks.o
 .debug_frame   0x00000f48       0xbc src/ASF/sam0/drivers/sercom/sercom.o
 .debug_frame   0x00001004       0xe8 src/ASF/sam0/drivers/sercom/sercom_interrupt.o
 .debug_frame   0x000010ec       0x30 src/ASF/common/utils/interrupt/interrupt_sam_nvic.o
 .debug_frame   0x0000111c      0x14c src/ASF/sam0/drivers/system/clock/clock_samd21_r21_da_ha1/clock.o
 .debug_frame   0x00001268      0x148 src/ASF/sam0/drivers/system/clock/clock_samd21_r21_da_ha1/gclk.o
 .debug_frame   0x000013b0       0x98 src/ASF/sam0/drivers/system/pinmux/pinmux.o
 .debug_frame   0x00001448       0x40 src/ASF/sam0/utils/cmsis/samd21/source/gcc/startup_samd21.o
 .debug_frame   0x00001488       0xa0 src/ASF/sam0/utils/syscalls/gcc/syscalls.o
 .debug_frame   0x00001528       0x94 src/I2C.o
 .debug_frame   0x000015bc       0x30 src/main.o
 .debug_frame   0x000015ec       0x20 c:/program files (x86)/atmel/studio/7.0/toolchain/arm/arm-gnu-toolchain/bin/../lib/gcc/arm-none-eabi/6.3.1/thumb/v6-m\libgcc.a(_udivsi3.o)
 .debug_frame   0x0000160c       0x20 c:/program files (x86)/atmel/studio/7.0/toolchain/arm/arm-gnu-toolchain/bin/../lib/gcc/arm-none-eabi/6.3.1/thumb/v6-m\libgcc.a(_divsi3.o)
 .debug_frame   0x0000162c       0x3c c:/program files (x86)/atmel/studio/7.0/toolchain/arm/arm-gnu-toolchain/bin/../lib/gcc/arm-none-eabi/6.3.1/thumb/v6-m\libgcc.a(adddf3.o)
 .debug_frame   0x00001668       0x3c c:/program files (x86)/atmel/studio/7.0/toolchain/arm/arm-gnu-toolchain/bin/../lib/gcc/arm-none-eabi/6.3.1/thumb/v6-m\libgcc.a(divdf3.o)
 .debug_frame   0x000016a4       0x38 c:/program files (x86)/atmel/studio/7.0/toolchain/arm/arm-gnu-toolchain/bin/../lib/gcc/arm-none-eabi/6.3.1/thumb/v6-m\libgcc.a(eqdf2.o)
 .debug_frame   0x000016dc       0x38 c:/program files (x86)/atmel/studio/7.0/toolchain/arm/arm-gnu-toolchain/bin/../lib/gcc/arm-none-eabi/6.3.1/thumb/v6-m\libgcc.a(gedf2.o)
 .debug_frame   0x00001714       0x38 c:/program files (x86)/atmel/studio/7.0/toolchain/arm/arm-gnu-toolchain/bin/../lib/gcc/arm-none-eabi/6.3.1/thumb/v6-m\libgcc.a(ledf2.o)
 .debug_frame   0x0000174c       0x3c c:/program files (x86)/atmel/studio/7.0/toolchain/arm/arm-gnu-toolchain/bin/../lib/gcc/arm-none-eabi/6.3.1/thumb/v6-m\libgcc.a(muldf3.o)
 .debug_frame   0x00001788       0x38 c:/program files (x86)/atmel/studio/7.0/toolchain/arm/arm-gnu-toolchain/bin/../lib/gcc/arm-none-eabi/6.3.1/thumb/v6-m\libgcc.a(subdf3.o)
 .debug_frame   0x000017c0       0x2c c:/program files (x86)/atmel/studio/7.0/toolchain/arm/arm-gnu-toolchain/bin/../lib/gcc/arm-none-eabi/6.3.1/thumb/v6-m\libgcc.a(fixdfsi.o)
 .debug_frame   0x000017ec       0x2c c:/program files (x86)/atmel/studio/7.0/toolchain/arm/arm-gnu-toolchain/bin/../lib/gcc/arm-none-eabi/6.3.1/thumb/v6-m\libgcc.a(floatsidf.o)
 .debug_frame   0x00001818       0x28 c:/program files (x86)/atmel/studio/7.0/toolchain/arm/arm-gnu-toolchain/bin/../lib/gcc/arm-none-eabi/6.3.1/thumb/v6-m\libgcc.a(floatunsidf.o)
 .debug_frame   0x00001840       0x2c c:/program files (x86)/atmel/studio/7.0/toolchain/arm/arm-gnu-toolchain/bin/../lib/gcc/arm-none-eabi/6.3.1/thumb/v6-m\libgcc.a(extendsfdf2.o)
 .debug_frame   0x0000186c       0x30 c:/program files (x86)/atmel/studio/7.0/toolchain/arm/arm-gnu-toolchain/bin/../lib/gcc/arm-none-eabi/6.3.1/thumb/v6-m\libgcc.a(truncdfsf2.o)
 .debug_frame   0x0000189c       0xc4 c:/program files (x86)/atmel/studio/7.0/toolchain/arm/arm-gnu-toolchain/bin/../lib/gcc/arm-none-eabi/6.3.1/../../../../arm-none-eabi/lib/thumb/v6-m\libc_nano.a(lib_a-efgcvt.o)
 .debug_frame   0x00001960       0x2c c:/program files (x86)/atmel/studio/7.0/toolchain/arm/arm-gnu-toolchain/bin/../lib/gcc/arm-none-eabi/6.3.1/../../../../arm-none-eabi/lib/thumb/v6-m\libc_nano.a(lib_a-init.o)
 .debug_frame   0x0000198c       0x28 c:/program files (x86)/atmel/studio/7.0/toolchain/arm/arm-gnu-toolchain/bin/../lib/gcc/arm-none-eabi/6.3.1/../../../../arm-none-eabi/lib/thumb/v6-m\libc_nano.a(lib_a-memcpy-stub.o)
 .debug_frame   0x000019b4       0x20 c:/program files (x86)/atmel/studio/7.0/toolchain/arm/arm-gnu-toolchain/bin/../lib/gcc/arm-none-eabi/6.3.1/../../../../arm-none-eabi/lib/thumb/v6-m\libc_nano.a(lib_a-memset.o)
 .debug_frame   0x000019d4       0xb0 c:/program files (x86)/atmel/studio/7.0/toolchain/arm/arm-gnu-toolchain/bin/../lib/gcc/arm-none-eabi/6.3.1/../../../../arm-none-eabi/lib/thumb/v6-m\libc_nano.a(lib_a-ecvtbuf.o)
 .debug_frame   0x00001a84      0x238 c:/program files (x86)/atmel/studio/7.0/toolchain/arm/arm-gnu-toolchain/bin/../lib/gcc/arm-none-eabi/6.3.1/../../../../arm-none-eabi/lib/thumb/v6-m\libc_nano.a(lib_a-mprec.o)
 .debug_frame   0x00001cbc       0x2c c:/program files (x86)/atmel/studio/7.0/toolchain/arm/arm-gnu-toolchain/bin/../lib/gcc/arm-none-eabi/6.3.1/../../../../arm-none-eabi/lib/thumb/v6-m\libc_nano.a(lib_a-nano-callocr.o)
 .debug_frame   0x00001ce8       0x2c c:/program files (x86)/atmel/studio/7.0/toolchain/arm/arm-gnu-toolchain/bin/../lib/gcc/arm-none-eabi/6.3.1/../../../../arm-none-eabi/lib/thumb/v6-m\libc_nano.a(lib_a-nano-mallocr.o)
 .debug_frame   0x00001d14       0x2c c:/program files (x86)/atmel/studio/7.0/toolchain/arm/arm-gnu-toolchain/bin/../lib/gcc/arm-none-eabi/6.3.1/../../../../arm-none-eabi/lib/thumb/v6-m\libc_nano.a(lib_a-sbrkr.o)
 .debug_frame   0x00001d40       0x20 c:/program files (x86)/atmel/studio/7.0/toolchain/arm/arm-gnu-toolchain/bin/../lib/gcc/arm-none-eabi/6.3.1/../../../../arm-none-eabi/lib/thumb/v6-m\libc_nano.a(lib_a-strcpy.o)
 .debug_frame   0x00001d60       0x54 c:/program files (x86)/atmel/studio/7.0/toolchain/arm/arm-gnu-toolchain/bin/../lib/gcc/arm-none-eabi/6.3.1/../../../../arm-none-eabi/lib/thumb/v6-m\libc_nano.a(lib_a-dtoa.o)
 .debug_frame   0x00001db4       0x40 c:/program files (x86)/atmel/studio/7.0/toolchain/arm/arm-gnu-toolchain/bin/../lib/gcc/arm-none-eabi/6.3.1/../../../../arm-none-eabi/lib/thumb/v6-m\libc_nano.a(lib_a-malloc.o)
 .debug_frame   0x00001df4       0x30 c:/program files (x86)/atmel/studio/7.0/toolchain/arm/arm-gnu-toolchain/bin/../lib/gcc/arm-none-eabi/6.3.1/../../../../arm-none-eabi/lib/thumb/v6-m\libc_nano.a(lib_a-mlock.o)
 .debug_frame   0x00001e24       0x48 c:/program files (x86)/atmel/studio/7.0/toolchain/arm/arm-gnu-toolchain/bin/../lib/gcc/arm-none-eabi/6.3.1/../../../../arm-none-eabi/lib/thumb/v6-m\libc_nano.a(lib_a-reent.o)
